This is pdfTeX, Version 3.14159265-2.6-1.40.21 (MiKTeX 2.9.7300 64-bit) (preloaded format=latex 2020.6.2)  29 JUN 2020 02:31
entering extended mode
**\makeatletter\def\HCode{\futurelet\HCode\HChar}\def\HChar{\ifx\HCode\def\HCod
e##1{\Link##1}\expandafter\HCode\else\expandafter\Link\fi}\def\Link#1.a.b.c.{\g
@addto@macro\@documentclasshook{\RequirePackage[#1,html]{tex4ht}}\let\HCode\doc
umentstyle\def\documentstyle{\let\documentstyle\HCode\expandafter\def\csname te
x4ht\endcsname{#1,html}\def\HCode####1{\documentstyle[tex4ht,}\@ifnextchar[{\HC
ode}{\documentstyle[tex4ht]}}}\makeatother\HCode config,,charset=utf-8,html5.a.
b.c.\input \detokenize{test.tex} > nul 2>&1
(test.tex ("C:\Program Files\MiKTeX 2.9\tex/latex/base\article.cls"
Document Class: article 2019/12/20 v1.4l Standard LaTeX document class
("C:\Program Files\MiKTeX 2.9\tex/latex/base\size12.clo"
File: size12.clo 2019/12/20 v1.4l Standard LaTeX file (size option)
)
\c@part=\count167
\c@section=\count168
\c@subsection=\count169
\c@subsubsection=\count170
\c@paragraph=\count171
\c@subparagraph=\count172
\c@figure=\count173
\c@table=\count174
\abovecaptionskip=\skip47
\belowcaptionskip=\skip48
\bibindent=\dimen134
) ("C:\Program Files\MiKTeX 2.9\tex/generic/tex4ht\tex4ht.sty"
version 2019-03-18-15:24
Package: tex4ht 
--------------------------------------
--- Note --- for _ at preamble, use the command line option `early_'
--------------------------------------
--------------------------------------
--- Note --- for ^ at preamble, use the command line option `early^'
--------------------------------------
\tmp:toks=\toks15
) ("C:\Program Files\MiKTeX 2.9\tex/generic/tex4ht\usepackage.4ht"
version 2019-12-19-14:27
) ("C:\Program Files\MiKTeX 2.9\tex/latex/inputenx\inputenx.sty"
Package: inputenx 2019/11/29 v1.12 Enhanced input encoding handling (HO)
("C:\Program Files\MiKTeX 2.9\tex/latex/inputenx\ix-alias.def"
File: ix-alias.def 2019/11/29 v1.12 Alias list (inputenx)
)
Package inputenx Info: Encoding name: utf8
(inputenx)             Encoding file: utf8.def
(inputenx)              on input line 175.
("C:\Program Files\MiKTeX 2.9\tex/latex/base\inputenc.sty"
Package: inputenc 2018/08/11 v1.3c Input encoding file
\inpenc@prehook=\toks16
\inpenc@posthook=\toks17
) ("C:\Program Files\MiKTeX 2.9\tex/latex/base\utf8.def"
File: utf8.def 2019/11/14 v1.2k UTF-8 support for inputenc
Now handling font encoding OML ...
... no UTF-8 mapping file for font encoding OML
Now handling font encoding OMS ...
... processing UTF-8 mapping file for font encoding OMS
("C:\Program Files\MiKTeX 2.9\tex/latex/base\omsenc.dfu"
File: omsenc.dfu 2019/11/14 v1.2k UTF-8 support for inputenc
   defining Unicode char U+00A7 (decimal 167)
   defining Unicode char U+00B6 (decimal 182)
   defining Unicode char U+00B7 (decimal 183)
   defining Unicode char U+2020 (decimal 8224)
   defining Unicode char U+2021 (decimal 8225)
   defining Unicode char U+2022 (decimal 8226)
)
Now handling font encoding OT1 ...
... processing UTF-8 mapping file for font encoding OT1
("C:\Program Files\MiKTeX 2.9\tex/latex/base\ot1enc.dfu"
File: ot1enc.dfu 2019/11/14 v1.2k UTF-8 support for inputenc
   defining Unicode char U+00A0 (decimal 160)
   defining Unicode char U+00A1 (decimal 161)
   defining Unicode char U+00A3 (decimal 163)
   defining Unicode char U+00AD (decimal 173)
   defining Unicode char U+00B8 (decimal 184)
   defining Unicode char U+00BF (decimal 191)
   defining Unicode char U+00C5 (decimal 197)
   defining Unicode char U+00C6 (decimal 198)
   defining Unicode char U+00D8 (decimal 216)
   defining Unicode char U+00DF (decimal 223)
   defining Unicode char U+00E6 (decimal 230)
   defining Unicode char U+00EC (decimal 236)
   defining Unicode char U+00ED (decimal 237)
   defining Unicode char U+00EE (decimal 238)
   defining Unicode char U+00EF (decimal 239)
   defining Unicode char U+00F8 (decimal 248)
   defining Unicode char U+0131 (decimal 305)
   defining Unicode char U+0141 (decimal 321)
   defining Unicode char U+0142 (decimal 322)
   defining Unicode char U+0152 (decimal 338)
   defining Unicode char U+0153 (decimal 339)
   defining Unicode char U+0174 (decimal 372)
   defining Unicode char U+0175 (decimal 373)
   defining Unicode char U+0176 (decimal 374)
   defining Unicode char U+0177 (decimal 375)
   defining Unicode char U+0218 (decimal 536)
   defining Unicode char U+0219 (decimal 537)
   defining Unicode char U+021A (decimal 538)
   defining Unicode char U+021B (decimal 539)
   defining Unicode char U+0237 (decimal 567)
   defining Unicode char U+2013 (decimal 8211)
   defining Unicode char U+2014 (decimal 8212)
   defining Unicode char U+2018 (decimal 8216)
   defining Unicode char U+2019 (decimal 8217)
   defining Unicode char U+201C (decimal 8220)
   defining Unicode char U+201D (decimal 8221)
   defining Unicode char U+FB00 (decimal 64256)
   defining Unicode char U+FB01 (decimal 64257)
   defining Unicode char U+FB02 (decimal 64258)
   defining Unicode char U+FB03 (decimal 64259)
   defining Unicode char U+FB04 (decimal 64260)
   defining Unicode char U+FB05 (decimal 64261)
   defining Unicode char U+FB06 (decimal 64262)
)
Now handling font encoding T1 ...
... processing UTF-8 mapping file for font encoding T1
("C:\Program Files\MiKTeX 2.9\tex/latex/base\t1enc.dfu"
File: t1enc.dfu 2019/11/14 v1.2k UTF-8 support for inputenc
   defining Unicode char U+00A0 (decimal 160)
   defining Unicode char U+00A1 (decimal 161)
   defining Unicode char U+00A3 (decimal 163)
   defining Unicode char U+00AB (decimal 171)
   defining Unicode char U+00AD (decimal 173)
   defining Unicode char U+00BB (decimal 187)
   defining Unicode char U+00BF (decimal 191)
   defining Unicode char U+00C0 (decimal 192)
   defining Unicode char U+00C1 (decimal 193)
   defining Unicode char U+00C2 (decimal 194)
   defining Unicode char U+00C3 (decimal 195)
   defining Unicode char U+00C4 (decimal 196)
   defining Unicode char U+00C5 (decimal 197)
   defining Unicode char U+00C6 (decimal 198)
   defining Unicode char U+00C7 (decimal 199)
   defining Unicode char U+00C8 (decimal 200)
   defining Unicode char U+00C9 (decimal 201)
   defining Unicode char U+00CA (decimal 202)
   defining Unicode char U+00CB (decimal 203)
   defining Unicode char U+00CC (decimal 204)
   defining Unicode char U+00CD (decimal 205)
   defining Unicode char U+00CE (decimal 206)
   defining Unicode char U+00CF (decimal 207)
   defining Unicode char U+00D0 (decimal 208)
   defining Unicode char U+00D1 (decimal 209)
   defining Unicode char U+00D2 (decimal 210)
   defining Unicode char U+00D3 (decimal 211)
   defining Unicode char U+00D4 (decimal 212)
   defining Unicode char U+00D5 (decimal 213)
   defining Unicode char U+00D6 (decimal 214)
   defining Unicode char U+00D8 (decimal 216)
   defining Unicode char U+00D9 (decimal 217)
   defining Unicode char U+00DA (decimal 218)
   defining Unicode char U+00DB (decimal 219)
   defining Unicode char U+00DC (decimal 220)
   defining Unicode char U+00DD (decimal 221)
   defining Unicode char U+00DE (decimal 222)
   defining Unicode char U+00DF (decimal 223)
   defining Unicode char U+00E0 (decimal 224)
   defining Unicode char U+00E1 (decimal 225)
   defining Unicode char U+00E2 (decimal 226)
   defining Unicode char U+00E3 (decimal 227)
   defining Unicode char U+00E4 (decimal 228)
   defining Unicode char U+00E5 (decimal 229)
   defining Unicode char U+00E6 (decimal 230)
   defining Unicode char U+00E7 (decimal 231)
   defining Unicode char U+00E8 (decimal 232)
   defining Unicode char U+00E9 (decimal 233)
   defining Unicode char U+00EA (decimal 234)
   defining Unicode char U+00EB (decimal 235)
   defining Unicode char U+00EC (decimal 236)
   defining Unicode char U+00ED (decimal 237)
   defining Unicode char U+00EE (decimal 238)
   defining Unicode char U+00EF (decimal 239)
   defining Unicode char U+00F0 (decimal 240)
   defining Unicode char U+00F1 (decimal 241)
   defining Unicode char U+00F2 (decimal 242)
   defining Unicode char U+00F3 (decimal 243)
   defining Unicode char U+00F4 (decimal 244)
   defining Unicode char U+00F5 (decimal 245)
   defining Unicode char U+00F6 (decimal 246)
   defining Unicode char U+00F8 (decimal 248)
   defining Unicode char U+00F9 (decimal 249)
   defining Unicode char U+00FA (decimal 250)
   defining Unicode char U+00FB (decimal 251)
   defining Unicode char U+00FC (decimal 252)
   defining Unicode char U+00FD (decimal 253)
   defining Unicode char U+00FE (decimal 254)
   defining Unicode char U+00FF (decimal 255)
   defining Unicode char U+0100 (decimal 256)
   defining Unicode char U+0101 (decimal 257)
   defining Unicode char U+0102 (decimal 258)
   defining Unicode char U+0103 (decimal 259)
   defining Unicode char U+0104 (decimal 260)
   defining Unicode char U+0105 (decimal 261)
   defining Unicode char U+0106 (decimal 262)
   defining Unicode char U+0107 (decimal 263)
   defining Unicode char U+0108 (decimal 264)
   defining Unicode char U+0109 (decimal 265)
   defining Unicode char U+010A (decimal 266)
   defining Unicode char U+010B (decimal 267)
   defining Unicode char U+010C (decimal 268)
   defining Unicode char U+010D (decimal 269)
   defining Unicode char U+010E (decimal 270)
   defining Unicode char U+010F (decimal 271)
   defining Unicode char U+0110 (decimal 272)
   defining Unicode char U+0111 (decimal 273)
   defining Unicode char U+0112 (decimal 274)
   defining Unicode char U+0113 (decimal 275)
   defining Unicode char U+0114 (decimal 276)
   defining Unicode char U+0115 (decimal 277)
   defining Unicode char U+0116 (decimal 278)
   defining Unicode char U+0117 (decimal 279)
   defining Unicode char U+0118 (decimal 280)
   defining Unicode char U+0119 (decimal 281)
   defining Unicode char U+011A (decimal 282)
   defining Unicode char U+011B (decimal 283)
   defining Unicode char U+011C (decimal 284)
   defining Unicode char U+011D (decimal 285)
   defining Unicode char U+011E (decimal 286)
   defining Unicode char U+011F (decimal 287)
   defining Unicode char U+0120 (decimal 288)
   defining Unicode char U+0121 (decimal 289)
   defining Unicode char U+0122 (decimal 290)
   defining Unicode char U+0123 (decimal 291)
   defining Unicode char U+0124 (decimal 292)
   defining Unicode char U+0125 (decimal 293)
   defining Unicode char U+0128 (decimal 296)
   defining Unicode char U+0129 (decimal 297)
   defining Unicode char U+012A (decimal 298)
   defining Unicode char U+012B (decimal 299)
   defining Unicode char U+012C (decimal 300)
   defining Unicode char U+012D (decimal 301)
   defining Unicode char U+012E (decimal 302)
   defining Unicode char U+012F (decimal 303)
   defining Unicode char U+0130 (decimal 304)
   defining Unicode char U+0131 (decimal 305)
   defining Unicode char U+0132 (decimal 306)
   defining Unicode char U+0133 (decimal 307)
   defining Unicode char U+0134 (decimal 308)
   defining Unicode char U+0135 (decimal 309)
   defining Unicode char U+0136 (decimal 310)
   defining Unicode char U+0137 (decimal 311)
   defining Unicode char U+0139 (decimal 313)
   defining Unicode char U+013A (decimal 314)
   defining Unicode char U+013B (decimal 315)
   defining Unicode char U+013C (decimal 316)
   defining Unicode char U+013D (decimal 317)
   defining Unicode char U+013E (decimal 318)
   defining Unicode char U+0141 (decimal 321)
   defining Unicode char U+0142 (decimal 322)
   defining Unicode char U+0143 (decimal 323)
   defining Unicode char U+0144 (decimal 324)
   defining Unicode char U+0145 (decimal 325)
   defining Unicode char U+0146 (decimal 326)
   defining Unicode char U+0147 (decimal 327)
   defining Unicode char U+0148 (decimal 328)
   defining Unicode char U+014A (decimal 330)
   defining Unicode char U+014B (decimal 331)
   defining Unicode char U+014C (decimal 332)
   defining Unicode char U+014D (decimal 333)
   defining Unicode char U+014E (decimal 334)
   defining Unicode char U+014F (decimal 335)
   defining Unicode char U+0150 (decimal 336)
   defining Unicode char U+0151 (decimal 337)
   defining Unicode char U+0152 (decimal 338)
   defining Unicode char U+0153 (decimal 339)
   defining Unicode char U+0154 (decimal 340)
   defining Unicode char U+0155 (decimal 341)
   defining Unicode char U+0156 (decimal 342)
   defining Unicode char U+0157 (decimal 343)
   defining Unicode char U+0158 (decimal 344)
   defining Unicode char U+0159 (decimal 345)
   defining Unicode char U+015A (decimal 346)
   defining Unicode char U+015B (decimal 347)
   defining Unicode char U+015C (decimal 348)
   defining Unicode char U+015D (decimal 349)
   defining Unicode char U+015E (decimal 350)
   defining Unicode char U+015F (decimal 351)
   defining Unicode char U+0160 (decimal 352)
   defining Unicode char U+0161 (decimal 353)
   defining Unicode char U+0162 (decimal 354)
   defining Unicode char U+0163 (decimal 355)
   defining Unicode char U+0164 (decimal 356)
   defining Unicode char U+0165 (decimal 357)
   defining Unicode char U+0168 (decimal 360)
   defining Unicode char U+0169 (decimal 361)
   defining Unicode char U+016A (decimal 362)
   defining Unicode char U+016B (decimal 363)
   defining Unicode char U+016C (decimal 364)
   defining Unicode char U+016D (decimal 365)
   defining Unicode char U+016E (decimal 366)
   defining Unicode char U+016F (decimal 367)
   defining Unicode char U+0170 (decimal 368)
   defining Unicode char U+0171 (decimal 369)
   defining Unicode char U+0172 (decimal 370)
   defining Unicode char U+0173 (decimal 371)
   defining Unicode char U+0174 (decimal 372)
   defining Unicode char U+0175 (decimal 373)
   defining Unicode char U+0176 (decimal 374)
   defining Unicode char U+0177 (decimal 375)
   defining Unicode char U+0178 (decimal 376)
   defining Unicode char U+0179 (decimal 377)
   defining Unicode char U+017A (decimal 378)
   defining Unicode char U+017B (decimal 379)
   defining Unicode char U+017C (decimal 380)
   defining Unicode char U+017D (decimal 381)
   defining Unicode char U+017E (decimal 382)
   defining Unicode char U+01CD (decimal 461)
   defining Unicode char U+01CE (decimal 462)
   defining Unicode char U+01CF (decimal 463)
   defining Unicode char U+01D0 (decimal 464)
   defining Unicode char U+01D1 (decimal 465)
   defining Unicode char U+01D2 (decimal 466)
   defining Unicode char U+01D3 (decimal 467)
   defining Unicode char U+01D4 (decimal 468)
   defining Unicode char U+01E2 (decimal 482)
   defining Unicode char U+01E3 (decimal 483)
   defining Unicode char U+01E6 (decimal 486)
   defining Unicode char U+01E7 (decimal 487)
   defining Unicode char U+01E8 (decimal 488)
   defining Unicode char U+01E9 (decimal 489)
   defining Unicode char U+01EA (decimal 490)
   defining Unicode char U+01EB (decimal 491)
   defining Unicode char U+01F0 (decimal 496)
   defining Unicode char U+01F4 (decimal 500)
   defining Unicode char U+01F5 (decimal 501)
   defining Unicode char U+0218 (decimal 536)
   defining Unicode char U+0219 (decimal 537)
   defining Unicode char U+021A (decimal 538)
   defining Unicode char U+021B (decimal 539)
   defining Unicode char U+0232 (decimal 562)
   defining Unicode char U+0233 (decimal 563)
   defining Unicode char U+0237 (decimal 567)
   defining Unicode char U+02D9 (decimal 729)
   defining Unicode char U+02DB (decimal 731)
   defining Unicode char U+1E02 (decimal 7682)
   defining Unicode char U+1E03 (decimal 7683)
   defining Unicode char U+1E9E (decimal 7838)
   defining Unicode char U+200C (decimal 8204)
   defining Unicode char U+2010 (decimal 8208)
   defining Unicode char U+2011 (decimal 8209)
   defining Unicode char U+2012 (decimal 8210)
   defining Unicode char U+2013 (decimal 8211)
   defining Unicode char U+2014 (decimal 8212)
   defining Unicode char U+2015 (decimal 8213)
   defining Unicode char U+2018 (decimal 8216)
   defining Unicode char U+2019 (decimal 8217)
   defining Unicode char U+201A (decimal 8218)
   defining Unicode char U+201C (decimal 8220)
   defining Unicode char U+201D (decimal 8221)
   defining Unicode char U+201E (decimal 8222)
   defining Unicode char U+2030 (decimal 8240)
   defining Unicode char U+2031 (decimal 8241)
   defining Unicode char U+2039 (decimal 8249)
   defining Unicode char U+203A (decimal 8250)
   defining Unicode char U+2423 (decimal 9251)
   defining Unicode char U+1E20 (decimal 7712)
   defining Unicode char U+1E21 (decimal 7713)
   defining Unicode char U+FB00 (decimal 64256)
   defining Unicode char U+FB01 (decimal 64257)
   defining Unicode char U+FB02 (decimal 64258)
   defining Unicode char U+FB03 (decimal 64259)
   defining Unicode char U+FB04 (decimal 64260)
   defining Unicode char U+FB05 (decimal 64261)
   defining Unicode char U+FB06 (decimal 64262)
)
Now handling font encoding TS1 ...
... processing UTF-8 mapping file for font encoding TS1
("C:\Program Files\MiKTeX 2.9\tex/latex/base\ts1enc.dfu"
File: ts1enc.dfu 2019/11/14 v1.2k UTF-8 support for inputenc
   defining Unicode char U+00A2 (decimal 162)
   defining Unicode char U+00A3 (decimal 163)
   defining Unicode char U+00A4 (decimal 164)
   defining Unicode char U+00A5 (decimal 165)
   defining Unicode char U+00A6 (decimal 166)
   defining Unicode char U+00A7 (decimal 167)
   defining Unicode char U+00A8 (decimal 168)
   defining Unicode char U+00A9 (decimal 169)
   defining Unicode char U+00AA (decimal 170)
   defining Unicode char U+00AC (decimal 172)
   defining Unicode char U+00AE (decimal 174)
   defining Unicode char U+00AF (decimal 175)
   defining Unicode char U+00B0 (decimal 176)
   defining Unicode char U+00B1 (decimal 177)
   defining Unicode char U+00B2 (decimal 178)
   defining Unicode char U+00B3 (decimal 179)
   defining Unicode char U+00B4 (decimal 180)
   defining Unicode char U+00B5 (decimal 181)
   defining Unicode char U+00B6 (decimal 182)
   defining Unicode char U+00B7 (decimal 183)
   defining Unicode char U+00B9 (decimal 185)
   defining Unicode char U+00BA (decimal 186)
   defining Unicode char U+00BC (decimal 188)
   defining Unicode char U+00BD (decimal 189)
   defining Unicode char U+00BE (decimal 190)
   defining Unicode char U+00D7 (decimal 215)
   defining Unicode char U+00F7 (decimal 247)
   defining Unicode char U+0192 (decimal 402)
   defining Unicode char U+02C7 (decimal 711)
   defining Unicode char U+02D8 (decimal 728)
   defining Unicode char U+02DD (decimal 733)
   defining Unicode char U+0E3F (decimal 3647)
   defining Unicode char U+2016 (decimal 8214)
   defining Unicode char U+2020 (decimal 8224)
   defining Unicode char U+2021 (decimal 8225)
   defining Unicode char U+2022 (decimal 8226)
   defining Unicode char U+2030 (decimal 8240)
   defining Unicode char U+2031 (decimal 8241)
   defining Unicode char U+203B (decimal 8251)
   defining Unicode char U+203D (decimal 8253)
   defining Unicode char U+2044 (decimal 8260)
   defining Unicode char U+204E (decimal 8270)
   defining Unicode char U+2052 (decimal 8274)
   defining Unicode char U+20A1 (decimal 8353)
   defining Unicode char U+20A4 (decimal 8356)
   defining Unicode char U+20A6 (decimal 8358)
   defining Unicode char U+20A9 (decimal 8361)
   defining Unicode char U+20AB (decimal 8363)
   defining Unicode char U+20AC (decimal 8364)
   defining Unicode char U+20B1 (decimal 8369)
   defining Unicode char U+2103 (decimal 8451)
   defining Unicode char U+2116 (decimal 8470)
   defining Unicode char U+2117 (decimal 8471)
   defining Unicode char U+211E (decimal 8478)
   defining Unicode char U+2120 (decimal 8480)
   defining Unicode char U+2122 (decimal 8482)
   defining Unicode char U+2126 (decimal 8486)
   defining Unicode char U+2127 (decimal 8487)
   defining Unicode char U+212E (decimal 8494)
   defining Unicode char U+2190 (decimal 8592)
   defining Unicode char U+2191 (decimal 8593)
   defining Unicode char U+2192 (decimal 8594)
   defining Unicode char U+2193 (decimal 8595)
   defining Unicode char U+2329 (decimal 9001)
   defining Unicode char U+232A (decimal 9002)
   defining Unicode char U+2422 (decimal 9250)
   defining Unicode char U+25E6 (decimal 9702)
   defining Unicode char U+25EF (decimal 9711)
   defining Unicode char U+266A (decimal 9834)
   defining Unicode char U+27E8 (decimal 10216)
   defining Unicode char U+27E9 (decimal 10217)
   defining Unicode char U+FEFF (decimal 65279)
)
Now handling font encoding OMX ...
... no UTF-8 mapping file for font encoding OMX
Now handling font encoding U ...
... no UTF-8 mapping file for font encoding U
   defining Unicode char U+00A9 (decimal 169)
   defining Unicode char U+00AA (decimal 170)
   defining Unicode char U+00AE (decimal 174)
   defining Unicode char U+00BA (decimal 186)
   defining Unicode char U+02C6 (decimal 710)
   defining Unicode char U+02DC (decimal 732)
   defining Unicode char U+200C (decimal 8204)
   defining Unicode char U+2026 (decimal 8230)
   defining Unicode char U+2122 (decimal 8482)
   defining Unicode char U+2423 (decimal 9251)
   defining Unicode char U+FEFF (decimal 65279)
)) ("C:\Program Files\MiKTeX 2.9\tex/latex/base\fontenc.sty"
Package: fontenc 2020/02/11 v2.0o Standard LaTeX package
) ("C:\Program Files\MiKTeX 2.9\tex/generic/babel\babel.sty"
Package: babel 2020/02/28 3.41 The Babel package
("C:\Program Files\MiKTeX 2.9\tex/generic/babel\switch.def"
File: switch.def 2020/02/28 3.41 Babel switching mechanism
)
*************************************
* Local config file bblopts.cfg used
*
("C:\Program Files\MiKTeX 2.9\tex/latex/arabi\bblopts.cfg"
File: bblopts.cfg 2005/09/08 v0.1 add Arabic and Farsi to "declared" options of
 babel
) ("C:\Program Files\MiKTeX 2.9\tex/latex/babel-spanish\spanish.ldf"
Language: spanish.ldf 2016/03/03 v5.0p Spanish support from the babel system
("C:\Program Files\MiKTeX 2.9\tex/generic/babel\babel.def"
File: babel.def 2020/02/28 3.41 Babel common definitions
\babel@savecnt=\count175
\U@D=\dimen135
("C:\Program Files\MiKTeX 2.9\tex/generic/babel\txtbabel.def")
\bbl@readstream=\read2
\bbl@dirlevel=\count176
)
\es@quottoks=\toks18
\es@quotdepth=\count177
Package babel Info: Making " an active character on input line 561.
)) (C:/Users/Beatriz/Desktop/MikTeX_Local\tex/latex/solutions\solutions.sty
Package: solutions 2020/06/01 Exercises with solutions
("C:\Program Files\MiKTeX 2.9\tex/latex/tcolorbox\tcolorbox.sty"
Package: tcolorbox 2020/04/28 version 4.30 text color boxes
("C:\Program Files\MiKTeX 2.9\tex/latex/pgf/basiclayer\pgf.sty" ("C:\Program Fi
les\MiKTeX 2.9\tex/latex/pgf/utilities\pgfrcs.sty" ("C:\Program Files\MiKTeX 2.
9\tex/generic/pgf/utilities\pgfutil-common.tex"
\pgfutil@everybye=\toks19
\pgfutil@tempdima=\dimen136
\pgfutil@tempdimb=\dimen137

("C:\Program Files\MiKTeX 2.9\tex/generic/pgf/utilities\pgfutil-common-lists.te
x")) ("C:\Program Files\MiKTeX 2.9\tex/generic/pgf/utilities\pgfutil-latex.def"
\pgfutil@abb=\box45
("C:\Program Files\MiKTeX 2.9\tex/latex/ms\everyshi.sty"
Package: everyshi 2001/05/15 v3.00 EveryShipout Package (MS)
)) ("C:\Program Files\MiKTeX 2.9\tex/generic/pgf/utilities\pgfrcs.code.tex" ("C
:\Program Files\MiKTeX 2.9\tex/generic/pgf\pgf.revision.tex")
Package: pgfrcs 2020/01/08 v3.1.5b (3.1.5b)
))
Package: pgf 2020/01/08 v3.1.5b (3.1.5b)
("C:\Program Files\MiKTeX 2.9\tex/latex/pgf/basiclayer\pgfcore.sty" ("C:\Progra
m Files\MiKTeX 2.9\tex/latex/graphics\graphicx.sty"
Package: graphicx 2019/11/30 v1.2a Enhanced LaTeX Graphics (DPC,SPQR)
("C:\Program Files\MiKTeX 2.9\tex/latex/graphics\keyval.sty"
Package: keyval 2014/10/28 v1.15 key=value parser (DPC)
\KV@toks@=\toks20
) ("C:\Program Files\MiKTeX 2.9\tex/generic/tex4ht\usepackage.4ht"
version 2019-12-19-14:27
) ("C:\Program Files\MiKTeX 2.9\tex/latex/graphics\graphics.sty"
Package: graphics 2019/11/30 v1.4a Standard LaTeX Graphics (DPC,SPQR)
("C:\Program Files\MiKTeX 2.9\tex/latex/graphics\trig.sty"
Package: trig 2016/01/03 v1.10 sin cos tan (DPC)
) ("C:\Program Files\MiKTeX 2.9\tex/latex/graphics-cfg\graphics.cfg"
File: graphics.cfg 2016/06/04 v1.11 sample graphics configuration
)
Package graphics Info: Driver file: dvips.def on input line 105.
("C:\Program Files\MiKTeX 2.9\tex/latex/graphics-def\dvips.def"
File: dvips.def 2017/06/20 v3.1d Graphics/color driver for dvips
))
\Gin@req@height=\dimen138
\Gin@req@width=\dimen139
) ("C:\Program Files\MiKTeX 2.9\tex/latex/pgf/systemlayer\pgfsys.sty" ("C:\Prog
ram Files\MiKTeX 2.9\tex/generic/pgf/systemlayer\pgfsys.code.tex"
Package: pgfsys 2020/01/08 v3.1.5b (3.1.5b)
("C:\Program Files\MiKTeX 2.9\tex/generic/pgf/utilities\pgfkeys.code.tex"
\pgfkeys@pathtoks=\toks21
\pgfkeys@temptoks=\toks22

("C:\Program Files\MiKTeX 2.9\tex/generic/pgf/utilities\pgfkeysfiltered.code.te
x"
\pgfkeys@tmptoks=\toks23
))
\pgf@x=\dimen140
\pgf@y=\dimen141
\pgf@xa=\dimen142
\pgf@ya=\dimen143
\pgf@xb=\dimen144
\pgf@yb=\dimen145
\pgf@xc=\dimen146
\pgf@yc=\dimen147
\pgf@xd=\dimen148
\pgf@yd=\dimen149
\w@pgf@writea=\write3
\r@pgf@reada=\read3
\c@pgf@counta=\count178
\c@pgf@countb=\count179
\c@pgf@countc=\count180
\c@pgf@countd=\count181
\t@pgf@toka=\toks24
\t@pgf@tokb=\toks25
\t@pgf@tokc=\toks26
\pgf@sys@id@count=\count182
("C:\Program Files\MiKTeX 2.9\tex/generic/pgf/systemlayer\pgf.cfg"
File: pgf.cfg 2020/01/08 v3.1.5b (3.1.5b)
)
Driver file for pgf: pgfsys-tex4ht.def
("C:\Program Files\MiKTeX 2.9\tex/generic/pgf/systemlayer\pgfsys-tex4ht.def"
File: pgfsys-tex4ht.def 2020/01/08 v3.1.5b (3.1.5b)
("C:\Program Files\MiKTeX 2.9\tex/generic/pgf/systemlayer\pgfsys-common-svg.def
"
File: pgfsys-common-svg.def 2020/01/08 v3.1.5b (3.1.5b)
\pgf@sys@svg@objectcount=\count183
\pgf@sys@svg@scopecount=\count184
\pgf@sys@svg@type@count=\count185
\pgf@sys@svg@canvascount=\count186
)
\pgf@sys@svg@picnum=\count187
\pgf@sys@svg@nodenum=\count188
\pgfsys@foreignobject@Box=\box46
\pgf@s=\dimen150
\pgf@t=\dimen151
("C:\Program Files\MiKTeX 2.9\tex/generic/tex4ht\usepackage.4ht"
version 2019-12-19-14:27
) ("C:\Program Files\MiKTeX 2.9\tex/latex/xcolor\xcolor.sty"
Package: xcolor 2016/05/11 v2.12 LaTeX color extensions (UK)
("C:\Program Files\MiKTeX 2.9\tex/latex/graphics-cfg\color.cfg"
File: color.cfg 2016/01/02 v1.6 sample color configuration
)
Package xcolor Info: Driver file: dvips.def on input line 225.
Package xcolor Info: Model `cmy' substituted by `cmy0' on input line 1348.
Package xcolor Info: Model `RGB' extended on input line 1364.
Package xcolor Info: Model `HTML' substituted by `rgb' on input line 1366.
Package xcolor Info: Model `Hsb' substituted by `hsb' on input line 1367.
Package xcolor Info: Model `tHsb' substituted by `hsb' on input line 1368.
Package xcolor Info: Model `HSB' substituted by `hsb' on input line 1369.
Package xcolor Info: Model `Gray' substituted by `gray' on input line 1370.
Package xcolor Info: Model `wave' substituted by `hsb' on input line 1371.
)))
("C:\Program Files\MiKTeX 2.9\tex/generic/pgf/systemlayer\pgfsyssoftpath.code.t
ex"
File: pgfsyssoftpath.code.tex 2020/01/08 v3.1.5b (3.1.5b)
\pgfsyssoftpath@smallbuffer@items=\count189
\pgfsyssoftpath@bigbuffer@items=\count190
)
("C:\Program Files\MiKTeX 2.9\tex/generic/pgf/systemlayer\pgfsysprotocol.code.t
ex"
File: pgfsysprotocol.code.tex 2020/01/08 v3.1.5b (3.1.5b)
)) ("C:\Program Files\MiKTeX 2.9\tex/generic/tex4ht\usepackage.4ht"
version 2019-12-19-14:27
) ("C:\Program Files\MiKTeX 2.9\tex/generic/pgf/basiclayer\pgfcore.code.tex"
Package: pgfcore 2020/01/08 v3.1.5b (3.1.5b)
("C:\Program Files\MiKTeX 2.9\tex/generic/pgf/math\pgfmath.code.tex" ("C:\Progr
am Files\MiKTeX 2.9\tex/generic/pgf/math\pgfmathcalc.code.tex" ("C:\Program Fil
es\MiKTeX 2.9\tex/generic/pgf/math\pgfmathutil.code.tex") ("C:\Program Files\Mi
KTeX 2.9\tex/generic/pgf/math\pgfmathparser.code.tex"
\pgfmath@dimen=\dimen152
\pgfmath@count=\count191
\pgfmath@box=\box47
\pgfmath@toks=\toks27
\pgfmath@stack@operand=\toks28
\pgfmath@stack@operation=\toks29
) ("C:\Program Files\MiKTeX 2.9\tex/generic/pgf/math\pgfmathfunctions.code.tex"

("C:\Program Files\MiKTeX 2.9\tex/generic/pgf/math\pgfmathfunctions.basic.code.
tex")
("C:\Program Files\MiKTeX 2.9\tex/generic/pgf/math\pgfmathfunctions.trigonometr
ic.code.tex")
("C:\Program Files\MiKTeX 2.9\tex/generic/pgf/math\pgfmathfunctions.random.code
.tex")
("C:\Program Files\MiKTeX 2.9\tex/generic/pgf/math\pgfmathfunctions.comparison.
code.tex")
("C:\Program Files\MiKTeX 2.9\tex/generic/pgf/math\pgfmathfunctions.base.code.t
ex")
("C:\Program Files\MiKTeX 2.9\tex/generic/pgf/math\pgfmathfunctions.round.code.
tex")
("C:\Program Files\MiKTeX 2.9\tex/generic/pgf/math\pgfmathfunctions.misc.code.t
ex")
("C:\Program Files\MiKTeX 2.9\tex/generic/pgf/math\pgfmathfunctions.integerarit
hmetics.code.tex"))) ("C:\Program Files\MiKTeX 2.9\tex/generic/pgf/math\pgfmath
float.code.tex"
\c@pgfmathroundto@lastzeros=\count192
)) ("C:\Program Files\MiKTeX 2.9\tex/generic/pgf/math\pgfint.code.tex") ("C:\Pr
ogram Files\MiKTeX 2.9\tex/generic/pgf/basiclayer\pgfcorepoints.code.tex"
File: pgfcorepoints.code.tex 2020/01/08 v3.1.5b (3.1.5b)
\pgf@picminx=\dimen153
\pgf@picmaxx=\dimen154
\pgf@picminy=\dimen155
\pgf@picmaxy=\dimen156
\pgf@pathminx=\dimen157
\pgf@pathmaxx=\dimen158
\pgf@pathminy=\dimen159
\pgf@pathmaxy=\dimen160
\pgf@xx=\dimen161
\pgf@xy=\dimen162
\pgf@yx=\dimen163
\pgf@yy=\dimen164
\pgf@zx=\dimen165
\pgf@zy=\dimen166
)
("C:\Program Files\MiKTeX 2.9\tex/generic/pgf/basiclayer\pgfcorepathconstruct.c
ode.tex"
File: pgfcorepathconstruct.code.tex 2020/01/08 v3.1.5b (3.1.5b)
\pgf@path@lastx=\dimen167
\pgf@path@lasty=\dimen168
)
("C:\Program Files\MiKTeX 2.9\tex/generic/pgf/basiclayer\pgfcorepathusage.code.
tex"
File: pgfcorepathusage.code.tex 2020/01/08 v3.1.5b (3.1.5b)
\pgf@shorten@end@additional=\dimen169
\pgf@shorten@start@additional=\dimen170
) ("C:\Program Files\MiKTeX 2.9\tex/generic/pgf/basiclayer\pgfcorescopes.code.t
ex"
File: pgfcorescopes.code.tex 2020/01/08 v3.1.5b (3.1.5b)
\pgfpic=\box48
\pgf@hbox=\box49
\pgf@layerbox@main=\box50
\pgf@picture@serial@count=\count193
)
("C:\Program Files\MiKTeX 2.9\tex/generic/pgf/basiclayer\pgfcoregraphicstate.co
de.tex"
File: pgfcoregraphicstate.code.tex 2020/01/08 v3.1.5b (3.1.5b)
\pgflinewidth=\dimen171
)
("C:\Program Files\MiKTeX 2.9\tex/generic/pgf/basiclayer\pgfcoretransformations
.code.tex"
File: pgfcoretransformations.code.tex 2020/01/08 v3.1.5b (3.1.5b)
\pgf@pt@x=\dimen172
\pgf@pt@y=\dimen173
\pgf@pt@temp=\dimen174
) ("C:\Program Files\MiKTeX 2.9\tex/generic/pgf/basiclayer\pgfcorequick.code.te
x"
File: pgfcorequick.code.tex 2020/01/08 v3.1.5b (3.1.5b)
)
("C:\Program Files\MiKTeX 2.9\tex/generic/pgf/basiclayer\pgfcoreobjects.code.te
x"
File: pgfcoreobjects.code.tex 2020/01/08 v3.1.5b (3.1.5b)
)
("C:\Program Files\MiKTeX 2.9\tex/generic/pgf/basiclayer\pgfcorepathprocessing.
code.tex"
File: pgfcorepathprocessing.code.tex 2020/01/08 v3.1.5b (3.1.5b)
) ("C:\Program Files\MiKTeX 2.9\tex/generic/pgf/basiclayer\pgfcorearrows.code.t
ex"
File: pgfcorearrows.code.tex 2020/01/08 v3.1.5b (3.1.5b)
\pgfarrowsep=\dimen175
) ("C:\Program Files\MiKTeX 2.9\tex/generic/pgf/basiclayer\pgfcoreshade.code.te
x"
File: pgfcoreshade.code.tex 2020/01/08 v3.1.5b (3.1.5b)
\pgf@max=\dimen176
\pgf@sys@shading@range@num=\count194
\pgf@shadingcount=\count195
) ("C:\Program Files\MiKTeX 2.9\tex/generic/pgf/basiclayer\pgfcoreimage.code.te
x"
File: pgfcoreimage.code.tex 2020/01/08 v3.1.5b (3.1.5b)

("C:\Program Files\MiKTeX 2.9\tex/generic/pgf/basiclayer\pgfcoreexternal.code.t
ex"
File: pgfcoreexternal.code.tex 2020/01/08 v3.1.5b (3.1.5b)
\pgfexternal@startupbox=\box51
)) ("C:\Program Files\MiKTeX 2.9\tex/generic/pgf/basiclayer\pgfcorelayers.code.
tex"
File: pgfcorelayers.code.tex 2020/01/08 v3.1.5b (3.1.5b)
)
("C:\Program Files\MiKTeX 2.9\tex/generic/pgf/basiclayer\pgfcoretransparency.co
de.tex"
File: pgfcoretransparency.code.tex 2020/01/08 v3.1.5b (3.1.5b)
)
("C:\Program Files\MiKTeX 2.9\tex/generic/pgf/basiclayer\pgfcorepatterns.code.t
ex"
File: pgfcorepatterns.code.tex 2020/01/08 v3.1.5b (3.1.5b)
) ("C:\Program Files\MiKTeX 2.9\tex/generic/pgf/basiclayer\pgfcorerdf.code.tex"
File: pgfcorerdf.code.tex 2020/01/08 v3.1.5b (3.1.5b)
))) ("C:\Program Files\MiKTeX 2.9\tex/generic/pgf/modules\pgfmoduleshapes.code.
tex"
File: pgfmoduleshapes.code.tex 2020/01/08 v3.1.5b (3.1.5b)
\pgfnodeparttextbox=\box52
) ("C:\Program Files\MiKTeX 2.9\tex/generic/pgf/modules\pgfmoduleplot.code.tex"
File: pgfmoduleplot.code.tex 2020/01/08 v3.1.5b (3.1.5b)
)
("C:\Program Files\MiKTeX 2.9\tex/latex/pgf/compatibility\pgfcomp-version-0-65.
sty"
Package: pgfcomp-version-0-65 2020/01/08 v3.1.5b (3.1.5b)
\pgf@nodesepstart=\dimen177
\pgf@nodesepend=\dimen178
)
("C:\Program Files\MiKTeX 2.9\tex/latex/pgf/compatibility\pgfcomp-version-1-18.
sty"
Package: pgfcomp-version-1-18 2020/01/08 v3.1.5b (3.1.5b)
)) ("C:\Program Files\MiKTeX 2.9\tex/latex/tools\verbatim.sty"
Package: verbatim 2019/11/10 v1.5r LaTeX2e package for verbatim enhancements
\every@verbatim=\toks30
\verbatim@line=\toks31
\verbatim@in@stream=\read4
) ("C:\Program Files\MiKTeX 2.9\tex/latex/environ\environ.sty"
Package: environ 2014/05/04 v0.3 A new way to define environments
("C:\Program Files\MiKTeX 2.9\tex/latex/trimspaces\trimspaces.sty"
Package: trimspaces 2009/09/17 v1.1 Trim spaces around a token list
)
\@envbody=\toks32
) ("C:\Program Files\MiKTeX 2.9\tex/latex/etoolbox\etoolbox.sty"
Package: etoolbox 2019/09/21 v2.5h e-TeX tools for LaTeX (JAW)
\etb@tempcnta=\count196
)
\tcb@titlebox=\box53
\tcb@upperbox=\box54
\tcb@lowerbox=\box55
\tcb@phantombox=\box56
\c@tcbbreakpart=\count197
\c@tcblayer=\count198
\c@tcolorbox@number=\count199
\tcb@temp=\box57
\tcb@temp=\box58
\tcb@temp=\box59
\tcb@temp=\box60
\tcb@out=\write4
\tcb@record@out=\write5
("C:\Program Files\MiKTeX 2.9\tex/latex/tcolorbox\tcbbreakable.code.tex"
Library (tcolorbox): 'tcbbreakable.code.tex' version '4.30'
\tcb@testbox=\box61
\tcb@totalupperbox=\box62
\tcb@totallowerbox=\box63
) ("C:\Program Files\MiKTeX 2.9\tex/latex/tcolorbox\tcbskins.code.tex"
Library (tcolorbox): 'tcbskins.code.tex' version '4.30'
("C:\Program Files\MiKTeX 2.9\tex/generic/tex4ht\usepackage.4ht"
version 2019-12-19-14:27
) ("C:\Program Files\MiKTeX 2.9\tex/latex/pgf/frontendlayer\tikz.sty" ("C:\Prog
ram Files\MiKTeX 2.9\tex/latex/pgf/utilities\pgffor.sty" ("C:\Program Files\MiK
TeX 2.9\tex/latex/pgf/utilities\pgfkeys.sty" ("C:\Program Files\MiKTeX 2.9\tex/
generic/pgf/utilities\pgfkeys.code.tex")) ("C:\Program Files\MiKTeX 2.9\tex/lat
ex/pgf/math\pgfmath.sty" ("C:\Program Files\MiKTeX 2.9\tex/generic/pgf/math\pgf
math.code.tex")) ("C:\Program Files\MiKTeX 2.9\tex/generic/pgf/utilities\pgffor
.code.tex"
Package: pgffor 2020/01/08 v3.1.5b (3.1.5b)
("C:\Program Files\MiKTeX 2.9\tex/generic/pgf/math\pgfmath.code.tex")
\pgffor@iter=\dimen179
\pgffor@skip=\dimen180
\pgffor@stack=\toks33
\pgffor@toks=\toks34
)) ("C:\Program Files\MiKTeX 2.9\tex/generic/pgf/frontendlayer/tikz\tikz.code.t
ex"
Package: tikz 2020/01/08 v3.1.5b (3.1.5b)

("C:\Program Files\MiKTeX 2.9\tex/generic/pgf/libraries\pgflibraryplothandlers.
code.tex"
File: pgflibraryplothandlers.code.tex 2020/01/08 v3.1.5b (3.1.5b)
\pgf@plot@mark@count=\count266
\pgfplotmarksize=\dimen181
)
\tikz@lastx=\dimen182
\tikz@lasty=\dimen183
\tikz@lastxsaved=\dimen184
\tikz@lastysaved=\dimen185
\tikz@lastmovetox=\dimen186
\tikz@lastmovetoy=\dimen187
\tikzleveldistance=\dimen188
\tikzsiblingdistance=\dimen189
\tikz@figbox=\box64
\tikz@figbox@bg=\box65
\tikz@tempbox=\box66
\tikz@tempbox@bg=\box67
\tikztreelevel=\count267
\tikznumberofchildren=\count268
\tikznumberofcurrentchild=\count269
\tikz@fig@count=\count270
("C:\Program Files\MiKTeX 2.9\tex/generic/pgf/modules\pgfmodulematrix.code.tex"
File: pgfmodulematrix.code.tex 2020/01/08 v3.1.5b (3.1.5b)
\pgfmatrixcurrentrow=\count271
\pgfmatrixcurrentcolumn=\count272
\pgf@matrix@numberofcolumns=\count273
)
\tikz@expandcount=\count274

("C:\Program Files\MiKTeX 2.9\tex/generic/pgf/frontendlayer/tikz/libraries\tikz
librarytopaths.code.tex"
File: tikzlibrarytopaths.code.tex 2020/01/08 v3.1.5b (3.1.5b)
)))
\tcb@waterbox=\box68
("C:\Program Files\MiKTeX 2.9\tex/latex/tcolorbox\tcbskinsjigsaw.code.tex"
Library (tcolorbox): 'tcbskinsjigsaw.code.tex' version '4.30'
)) ("C:\Program Files\MiKTeX 2.9\tex/latex/tcolorbox\tcbhooks.code.tex"
Library (tcolorbox): 'tcbhooks.code.tex' version '4.30'
) ("C:\Program Files\MiKTeX 2.9\tex/latex/tcolorbox\tcblistings.code.tex"
Library (tcolorbox): 'tcblistings.code.tex' version '4.30'
("C:\Program Files\MiKTeX 2.9\tex/latex/listings\listings.sty"
\lst@mode=\count275
\lst@gtempboxa=\box69
\lst@token=\toks35
\lst@length=\count276
\lst@currlwidth=\dimen190
\lst@column=\count277
\lst@pos=\count278
\lst@lostspace=\dimen191
\lst@width=\dimen192
\lst@newlines=\count279
\lst@lineno=\count280
\lst@maxwidth=\dimen193
("C:\Program Files\MiKTeX 2.9\tex/latex/listings\lstmisc.sty"
File: lstmisc.sty 2019/09/10 1.8c (Carsten Heinz)
\c@lstnumber=\count281
\lst@skipnumbers=\count282
\lst@framebox=\box70
) ("C:\Program Files\MiKTeX 2.9\tex/latex/listings\listings.cfg"
File: listings.cfg 2019/09/10 1.8c listings configuration
))
Package: listings 2019/09/10 1.8c (Carsten Heinz)
("C:\Program Files\MiKTeX 2.9\tex/latex/tcolorbox\tcblistingscore.code.tex"
Library (tcolorbox): 'tcblistingscore.code.tex' version '4.30'
("C:\Program Files\MiKTeX 2.9\tex/latex/tcolorbox\tcbprocessing.code.tex"
Library (tcolorbox): 'tcbprocessing.code.tex' version '4.30'
("C:\Program Files\MiKTeX 2.9\tex/latex/pdftexcmds\pdftexcmds.sty"
Package: pdftexcmds 2019/11/24 v0.31 Utility functions of pdfTeX for LuaTeX (HO
)
("C:\Program Files\MiKTeX 2.9\tex/generic/infwarerr\infwarerr.sty"
Package: infwarerr 2019/12/03 v1.5 Providing info/warning/error messages (HO)
) ("C:\Program Files\MiKTeX 2.9\tex/generic/iftex\iftex.sty"
Package: iftex 2019/11/07 v1.0c TeX engine tests
) ("C:\Program Files\MiKTeX 2.9\tex/generic/ltxcmds\ltxcmds.sty"
Package: ltxcmds 2019/12/15 v1.24 LaTeX kernel commands for general use (HO)
)
Package pdftexcmds Info: \pdf@primitive is available.
Package pdftexcmds Info: \pdf@ifprimitive is available.
Package pdftexcmds Info: \pdfdraftmode is ignored in DVI mode.
) ("C:\Program Files\MiKTeX 2.9\tex/latex/tools\shellesc.sty"
Package: shellesc 2019/11/08 v1.0c unified shell escape interface for LaTeX
Package shellesc Info: Restricted shell escape enabled on input line 77.
))
\c@tcblisting=\count283
))) ("C:\Program Files\MiKTeX 2.9\tex/latex/psnfss\pifont.sty"
Package: pifont 2005/04/12 PSNFSS-v9.2a Pi font support (SPQR) 
LaTeX Font Info:    Trying to load font information for U+pzd on input line 63.

("C:\Program Files\MiKTeX 2.9\tex/latex/psnfss\upzd.fd"
File: upzd.fd 2001/06/04 font definitions for U/pzd.
)
LaTeX Font Info:    Trying to load font information for U+psy on input line 64.

("C:\Program Files\MiKTeX 2.9\tex/latex/psnfss\upsy.fd"
File: upsy.fd 2001/06/04 font definitions for U/psy.
)) ("C:\Program Files\MiKTeX 2.9\tex/latex/answers\answers.sty"
Package: answers 2014/08/24 v2.16 Production of solution sheets in LaTeX2e
) ("C:\Program Files\MiKTeX 2.9\tex/latex/morewrites\morewrites.sty" ("C:\Progr
am Files\MiKTeX 2.9\tex/generic/tex4ht\usepackage.4ht"
version 2019-12-19-14:27
) ("C:\Program Files\MiKTeX 2.9\tex/latex/l3kernel\expl3.sty"
Package: expl3 2020-02-25 L3 programming layer (loader) 

(C:\Users\Beatriz\AppData\Roaming\MiKTeX\2.9\tex/latex/l3backend\l3backend-dvip
s.def
File: l3backend-dvips.def 2020-02-23 L3 backend support: dvips
\l__pdf_internal_box=\box71
\g__pdf_backend_object_int=\count284
\l__pdf_backend_content_box=\box72
\l__pdf_backend_model_box=\box73
\g__pdf_backend_annotation_int=\count285
\g__pdf_backend_link_int=\count286
\g__pdf_backend_link_sf_int=\count287
)) ("C:\Program Files\MiKTeX 2.9\tex/latex/morewrites\primargs.sty" ("C:\Progra
m Files\MiKTeX 2.9\tex/generic/tex4ht\usepackage.4ht"
version 2019-12-19-14:27
)
Package: primargs 2018/12/29 Parsing arguments of primitives
)
Package: morewrites 2018/12/29 Always room for a new write
\g__morewrites_later_int=\count288
\l__morewrites_user_int=\count289
\g__morewrites_iow=\write6
\g__morewrites_ior=\read5
\g__morewrites_group_level_int=\count290
\g__morewrites_shipout_box=\box74
\l__morewrites_collect_next_int=\count291
\g__morewrites_alloc_write_int=\count292
) ("C:\Program Files\MiKTeX 2.9\tex/latex/xstring\xstring.sty" ("C:\Program Fil
es\MiKTeX 2.9\tex/generic/xstring\xstring.tex"
\integerpart=\count293
\decimalpart=\count294
)
Package: xstring 2019/02/06 v1.83 String manipulations (CT)
) ("C:\Program Files\MiKTeX 2.9\tex/generic/tex4ht\usepackage.4ht"
version 2019-12-19-14:27
) ("C:\Program Files\MiKTeX 2.9\tex/latex/tools\calc.sty"
Package: calc 2017/05/25 v4.3 Infix arithmetic (KKT,FJ)
\calc@Acount=\count295
\calc@Bcount=\count296
\calc@Adimen=\dimen194
\calc@Bdimen=\dimen195
\calc@Askip=\skip49
\calc@Bskip=\skip50
LaTeX Info: Redefining \setlength on input line 80.
LaTeX Info: Redefining \addtolength on input line 81.
\calc@Ccount=\count297
\calc@Cskip=\skip51
) ("C:\Program Files\MiKTeX 2.9\tex/latex/amscls\amsthm.sty"
Package: amsthm 2017/10/31 v2.20.4
\thm@style=\toks36
\thm@bodyfont=\toks37
\thm@headfont=\toks38
\thm@notefont=\toks39
\thm@headpunct=\toks40
\thm@preskip=\skip52
\thm@postskip=\skip53
\thm@headsep=\skip54
\dth@everypar=\toks41
)
\c@SolutionAfter=\count298
\c@exmpno=\count299
\c@SolutionLater=\count300
\c@Thmno=\count301
WARNING: environment SolutionLater already in use
\c@exno=\count302
\c@Solutionno=\count303
\docparskip=\skip55
) (C:/Users/Beatriz/Desktop/MikTeX_Local\tex/latex/choices\choices.sty

LaTeX Warning: You have requested package `choices',
               but the package provides `scq'.

Package: scq Single Choice Question with autocorrection and feedback
("C:\Program Files\MiKTeX 2.9\tex/generic/tex4ht\usepackage.4ht"
version 2019-12-19-14:27
) ("C:\Program Files\MiKTeX 2.9\tex/generic/tex4ht\usepackage.4ht"
version 2019-12-19-14:27
)
\c@scqno=\count304
\c@choiceno=\count305
) ("C:\Program Files\MiKTeX 2.9\tex/latex/lipsum\lipsum.sty" ("C:\Program Files
\MiKTeX 2.9\tex/generic/tex4ht\usepackage.4ht"
version 2019-12-19-14:27
) ("C:\Program Files\MiKTeX 2.9\tex/latex/l3packages/xparse\xparse.sty" ("C:\Pr
ogram Files\MiKTeX 2.9\tex/generic/tex4ht\usepackage.4ht"
version 2019-12-19-14:27
)
Package: xparse 2020-02-25 L3 Experimental document command parser
\l__xparse_current_arg_int=\count306
\g__xparse_grabber_int=\count307
\l__xparse_m_args_int=\count308
\l__xparse_v_nesting_int=\count309
)
Package: lipsum 2019/01/02 v2.2 150 paragraphs of Lorem Ipsum dummy text
("C:\Program Files\MiKTeX 2.9\tex/latex/lipsum\lipsum.ltd.tex"
File: lipsum.ltd.tex 2019/01/02 v2.2 The Lorem ipsum dummy text
)) ("C:\Program Files\MiKTeX 2.9\tex/latex/amsmath\amsmath.sty"
Package: amsmath 2020/01/20 v2.17e AMS math features
\@mathmargin=\skip56
For additional information on amsmath, use the `?' option.
("C:\Program Files\MiKTeX 2.9\tex/latex/amsmath\amstext.sty"
Package: amstext 2000/06/29 v2.01 AMS text
("C:\Program Files\MiKTeX 2.9\tex/latex/amsmath\amsgen.sty"
File: amsgen.sty 1999/11/30 v2.0 generic functions
\@emptytoks=\toks42
\ex@=\dimen196
)) ("C:\Program Files\MiKTeX 2.9\tex/latex/amsmath\amsbsy.sty"
Package: amsbsy 1999/11/29 v1.2d Bold Symbols
\pmbraise@=\dimen197
) ("C:\Program Files\MiKTeX 2.9\tex/latex/amsmath\amsopn.sty"
Package: amsopn 2016/03/08 v2.02 operator names
)
\inf@bad=\count310
LaTeX Info: Redefining \frac on input line 227.
\uproot@=\count311
\leftroot@=\count312
LaTeX Info: Redefining \overline on input line 389.
\classnum@=\count313
\DOTSCASE@=\count314
LaTeX Info: Redefining \ldots on input line 486.
LaTeX Info: Redefining \dots on input line 489.
LaTeX Info: Redefining \cdots on input line 610.
\Mathstrutbox@=\box75
\strutbox@=\box76
\big@size=\dimen198
LaTeX Font Info:    Redeclaring font encoding OML on input line 733.
LaTeX Font Info:    Redeclaring font encoding OMS on input line 734.
\macc@depth=\count315
\c@MaxMatrixCols=\count316
\dotsspace@=\muskip16
\c@parentequation=\count317
\dspbrk@lvl=\count318
\tag@help=\toks43
\row@=\count319
\column@=\count320
\maxfields@=\count321
\andhelp@=\toks44
\eqnshift@=\dimen199
\alignsep@=\dimen256
\tagshift@=\dimen257
\tagwidth@=\dimen258
\totwidth@=\dimen259
\lineht@=\dimen260
\@envbody=\toks45
\multlinegap=\skip57
\multlinetaggap=\skip58
\mathdisplay@stack=\toks46
LaTeX Info: Redefining \[ on input line 2859.
LaTeX Info: Redefining \] on input line 2860.
) ("C:\Program Files\MiKTeX 2.9\tex/latex/amsfonts\amssymb.sty"
Package: amssymb 2013/01/14 v3.01 AMS font symbols
("C:\Program Files\MiKTeX 2.9\tex/latex/amsfonts\amsfonts.sty"
Package: amsfonts 2013/01/14 v3.01 Basic AMSFonts support
\symAMSa=\mathgroup4
\symAMSb=\mathgroup5
LaTeX Font Info:    Redeclaring math symbol \hbar on input line 98.
LaTeX Font Info:    Overwriting math alphabet `\mathfrak' in version `bold'
(Font)                  U/euf/m/n --> U/euf/b/n on input line 106.
)) (C:/Users/Beatriz/Desktop/MikTeX_Local\tex/latex/mymedia\mymedia.sty
Package: mymedia 
) ("C:\Program Files\MiKTeX 2.9\tex/latex/hyperref\hyperref.sty"
Package: hyperref 2020/01/14 v7.00d Hypertext links for LaTeX
("C:\Program Files\MiKTeX 2.9\tex/generic/kvsetkeys\kvsetkeys.sty"
Package: kvsetkeys 2019/12/15 v1.18 Key value parser (HO)
) ("C:\Program Files\MiKTeX 2.9\tex/generic/kvdefinekeys\kvdefinekeys.sty"
Package: kvdefinekeys 2019-12-19 v1.6 Define keys (HO)
) ("C:\Program Files\MiKTeX 2.9\tex/generic/pdfescape\pdfescape.sty"
Package: pdfescape 2019/12/09 v1.15 Implements pdfTeX's escape features (HO)
) ("C:\Program Files\MiKTeX 2.9\tex/latex/hycolor\hycolor.sty"
Package: hycolor 2020-01-27 v1.10 Color options for hyperref/bookmark (HO)
) ("C:\Program Files\MiKTeX 2.9\tex/latex/letltxmacro\letltxmacro.sty"
Package: letltxmacro 2019/12/03 v1.6 Let assignment for LaTeX macros (HO)
) ("C:\Program Files\MiKTeX 2.9\tex/latex/auxhook\auxhook.sty"
Package: auxhook 2019-12-17 v1.6 Hooks for auxiliary files (HO)

Package auxhook Warning: Cannot patch \document,
(auxhook)                using \AtBeginDocument instead.

) ("C:\Program Files\MiKTeX 2.9\tex/latex/kvoptions\kvoptions.sty"
Package: kvoptions 2019/11/29 v3.13 Key value format for package options (HO)
)
\@linkdim=\dimen261
\Hy@linkcounter=\count322
\Hy@pagecounter=\count323
("C:\Program Files\MiKTeX 2.9\tex/latex/hyperref\pd1enc.def"
File: pd1enc.def 2020/01/14 v7.00d Hyperref: PDFDocEncoding definition (HO)
Now handling font encoding PD1 ...
... no UTF-8 mapping file for font encoding PD1
) ("C:\Program Files\MiKTeX 2.9\tex/generic/intcalc\intcalc.sty"
Package: intcalc 2019/12/15 v1.3 Expandable calculations with integers (HO)
) ("C:\Program Files\MiKTeX 2.9\tex/generic/etexcmds\etexcmds.sty"
Package: etexcmds 2019/12/15 v1.7 Avoid name clashes with e-TeX commands (HO)
)
\Hy@SavedSpaceFactor=\count324
Package hyperref Info: Option `colorlinks' set `true' on input line 4421.
Package hyperref Info: Hyper figures OFF on input line 4547.
Package hyperref Info: Link nesting OFF on input line 4552.
Package hyperref Info: Hyper index ON on input line 4555.
Package hyperref Info: Plain pages OFF on input line 4562.
Package hyperref Info: Backreferencing OFF on input line 4567.
Package hyperref Info: Implicit mode ON; LaTeX internals redefined.
Package hyperref Info: Bookmarks ON on input line 4800.
\c@Hy@tempcnt=\count325
("C:\Program Files\MiKTeX 2.9\tex/latex/url\url.sty"
\Urlmuskip=\muskip17
Package: url 2013/09/16  ver 3.4  Verb mode for urls, etc.
)
LaTeX Info: Redefining \url on input line 5159.
\XeTeXLinkMargin=\dimen262
("C:\Program Files\MiKTeX 2.9\tex/generic/bitset\bitset.sty"
Package: bitset 2019/12/09 v1.3 Handle bit-vector datatype (HO)
("C:\Program Files\MiKTeX 2.9\tex/generic/bigintcalc\bigintcalc.sty"
Package: bigintcalc 2019/12/15 v1.5 Expandable calculations on big integers (HO
)
))
\Fld@menulength=\count326
\Field@Width=\dimen263
\Fld@charsize=\dimen264
\Field@toks=\toks47
Package hyperref Info: Hyper figures OFF on input line 6430.
Package hyperref Info: Link nesting OFF on input line 6435.
Package hyperref Info: Hyper index ON on input line 6438.
Package hyperref Info: backreferencing OFF on input line 6445.
Package hyperref Info: Link coloring ON on input line 6448.
Package hyperref Info: Link coloring with OCG OFF on input line 6455.
Package hyperref Info: PDF/A mode OFF on input line 6460.
LaTeX Info: Redefining \ref on input line 6500.
LaTeX Info: Redefining \pageref on input line 6504.
("C:\Program Files\MiKTeX 2.9\tex/generic/atbegshi\atbegshi.sty"
Package: atbegshi 2019/12/05 v1.19 At begin shipout hook (HO)
)
\Hy@abspage=\count327

Package hyperref Message: Stopped early.

)
Package hyperref Info: Driver: htex4ht.
("C:\Program Files\MiKTeX 2.9\tex/latex/hyperref\htex4ht.def"
File: htex4ht.def 2020/01/14 v7.00d Hyperref driver for TeX4ht
Package hyperref Info: tex4ht is already loaded.
)
\c@theorem=\count328
(config.cfg ("C:\Program Files\MiKTeX 2.9\tex/generic/tex4ht\tex4ht.4ht"
version 2018-12-30-09:29
--------------------------------------
--- Note --- For additional information, compile `xhlatex mktex4ht.4ht'
 and review the appropriate pointers under mktex4ht.html => index
--------------------------------------
::::::::::::::::::::::::::::::::::::::::::
 TeX4ht info is available in the log file 
::::::::::::::::::::::::::::::::::::::::::
) ("C:\Program Files\MiKTeX 2.9\tex/generic/tex4ht\tex4ht.sty"
version 2019-03-18-15:24
--- needs --- tex4ht test ---
\tmp:cnt=\count329
\openout15 = `test.tmp'.

(test.tmp)
\tmp:dim=\skip59
(test.xref)
\:refout=\write19
\openout6 = `test.xref'.

("C:\Program Files\MiKTeX 2.9\tex/generic/tex4ht\info4ht.4ht"
version 2019-03-18-15:25
******************************************
****** Preamble.4ht
******************************************
                                         *


\Configure{PROLOG}.........1

   #1 Comma separated list of hooks to appear before HTML.

      Each hook E is declared to be configurable by an
      instruction of the form \NewConfigure{E}{1}

      A star '*' prefix calls for accumulative configurations

   Example:

      \Configure{PROLOG}{VERSION,DOCTYPE,*XML-STYLESHEET}
      \Configure{VERSION}
         {\HCode{<?xml version="1.0"?>}}

\Configure{ext}............1

   #1: default extension name for target files  (recorded in \:html)

   Can also be requested through a command line option ext=...

\Preamble...................0

   Records the list of the requested options.  Defined upon entering
   the environment \Preamble{...}....\EndPreamble, to replace the
   earlier version of \Preamble.

\ifOption ................. 3

   #1  Argument to be checked  wheteher it is a given option.
   #2  True part
   #3  False part



                                         *
******************************************
) ("C:\Program Files\MiKTeX 2.9\tex/generic/tex4ht\infoht4.4ht"
version 2019-03-18-15:25
) ("C:\Program Files\MiKTeX 2.9\tex/generic/tex4ht\infomml.4ht"
version 2019-03-18-15:25
) ("C:\Program Files\MiKTeX 2.9\tex/generic/tex4ht\html4.4ht"
version 2020-01-24-14:39
--------------------------------------
--- Note --- to remove the <?xml version=...?> processing instruction use the c
ommand line option `no-VERSION'
--------------------------------------
--------------------------------------
--- Note --- to remove the DOCTYPE declaration use the command line option `no-
DOCTYPE'
--------------------------------------
) ("C:\Program Files\MiKTeX 2.9\tex/generic/tex4ht\unicode.4ht"
version 2019-12-28-14:40
) ("C:\Program Files\MiKTeX 2.9\tex/generic/tex4ht\mathml.4ht"
version 2019-12-30-14:10
) ("C:\Program Files\MiKTeX 2.9\tex/generic/tex4ht\html-mml.4ht"
version 2018-12-05-15:46
) ("C:\Program Files\MiKTeX 2.9\tex/generic/tex4ht\svg-option.4ht"
version 2018-12-30-09:33
) ("C:\Program Files\MiKTeX 2.9\tex/generic/tex4ht\infosvg.4ht"
version 2019-03-18-15:25
) ("C:\Program Files\MiKTeX 2.9\tex/generic/tex4ht\html5.4ht"
version 2019-11-21-13:36
)
--------------------------------------
--- Note --- for marking of the base font, use the command line option `fonts+'

--------------------------------------
--------------------------------------
--- Note --- for non active _, use the command line option `no_'
--------------------------------------
--------------------------------------
--- Note --- for _ of catcode 13, use the command line option `_13'
--------------------------------------
--------------------------------------
--- Note --- for non active ^, use the command line option `no^'
--------------------------------------
--------------------------------------
--- Note --- for ^ of catcode 13, use the command line option `^13'
--------------------------------------
("C:\Program Files\MiKTeX 2.9\tex/generic/tex4ht\info4ht.4ht"
version 2019-03-18-15:25
******************************************
****** tex4ht.4ht
******************************************
                                         *


Wrapper for the Document
------------------------

\Configure{DOCTYPE}.........1
\Configure{HTML}............2
\Configure{HEAD}............2
\Configure{@HEAD}...........1
\Configure{BODY}............2
\Configure{TITLE+}..........1
\Configure{TITLE}...........2
\Configure{@TITLE}..........1
\Configure{Preamble}........2

    <DOCTYPE>
    <HTML 1>
      <HEAD 1>
         <TITLE 1>
            <@TITLE>
            <TITLE+>
         <TITLE 2>
         <@HEAD>
      <HEAD 2>
      <BODY 1>
      ......
      <BODY 2>
    <HTML 2>

The \Configure{@HEAD}{...} command is additive, concatenating the
content of all of its appearances.  An empty parameter requests
the cancellation of the earlier contributions.

For instance,

  \Configure{@HEAD}{A}
  \Configure{@HEAD}{}
  \Configure{@HEAD}{B}
  \Configure{@HEAD}{C}

contributes `BC'.

The \Configure{TITLE+} provides the content for the title,
\Configure{TITLE} sets the envelop, and \Configure{@TITLE} acts as a
hook for introducing localized configurations. As is the case for
\Configure{@HEAD}, the contribution of \Configure{@TITLE} is also
additive.

These configurations should be introduced early enough in the
compilation. For instance, in the case of LaTeX, between \Preamble
and \begin{document} of a local configuration file.

           \Preamble
             %%% here %%%
           \begin{document}
             ...
           \EndPreamble


\Configure{@BODY}...........1
\Configure{@/BODY}..........1

   Variants of \Configure{@HEAD} which contribute their content,
   respectively, after <body> and before </body>.

\Configure{CutAtTITLE+}.....1
\Configure{HPageTITLE+}.....1

   #1 an insertion just before the content of <TITLE>;

   If #1 is a one parametric macro, it gets the title content for
   an argument.


Support for Sectioning Commands
-------------------------------

\Configure{unit-name} ......................4

   #1 start
   #2 end
   #3 before title
   #4 after title

   Example:

        \Configure{section}
           {\HCode{<section>}}    {\HCode{</section>}}
           {\HCode{<title>}}      {\HCode{</title>}}


\ConfigureMark{unit-name}...................1

   Defines a macro \<<unit-name>>HMark to hold the given argument.
   Upon entering the unit, \TitleMark gets the content of this macro.

   Some built-in configurations of TeX4ht require an argument for the
   \<<unit-name>>HMark commands. For safety, these commands should
   always be followed by a, possiblely empty, argument.  The argument
   should be a separator between the title mark and its content.

   Example:

        \Configure{section}
           {}{}
           {\HCode{<h3>}\TitleMark\space}    {\HCode{</h3>}}
        \ConfigureMark{section}{\thesection}


\Configure{toTocLink}.......................2

   Each unit title contains a \Link{...}{...}...\EndLink command.
   The first argument of \Link points to the first table of contents
   referencing the title. The second argument provides an anchor
   for references to the title (mainly from tables of contents).

   The package option `section+' requests the inclusion of the
   title within the anchor.  Without this option, the link command
   resides between the title mark and its content.

   The \Configure{toTocLink} command is provided for configuring
   the \Link and \EndLink  instructions.  In the default setting,
   when the `sections+' option is not activated, the \Link
   command is altered to replace its first argument with an empty
   argument.

     Example:

          \Configure{toTocLink}
             {\Link}
             {\ifx \TitleMark\sectionHMark
                \Picture[\up]{haut.jpg align="right"}%
                \EndLink
                \TitleMark\space
              \else \EndLink \fi
             }
          \def\up{[up]}

\Configure{toToc}...........................2

    #1  unit type
    #2  desired contents type  (if empty, `unit type' is assumed)

  Example: \Configure{toToc}{chapter}{likechapter}
           Introduces chapter as likechapter into toc

    #1  empty: stop adding entries of `unit type' to toc
            @: add entries of `unit type' to toc
            ?: resume mode in effect before the last stop
    #2  unit type

  Example: \Configure{toToc}{}{chapter}
           \chapter{...}
           \Configure{toToc}{@}{chapter}

\Configure{writetoc}.........................1

    #1  Configuration material for the insertion instruction.
        New configurations are added to those request earlier
        by the command.  An empty argument cancels the earlier
        contributions.

\NoLink.......................1

   Ignore option `section+' for sections of type #1

\TitleCount

   Count of entries submitted to the toc file

\Configure{NoSection}.........2

   Insertions around the parameters of sectioning commands, applied when
   the parameters are not used to create titles for the divisions.


\CutAt{#1,#2,#3,...}

    #1           section type to be placed in a separate web page
    #2,#3,...    end delimiting section types, other than #1, for
                 the web pages
    A `+' before #1 requests hypertext buttons for the web pages

    Examples:

          \CutAt{mychapter,myappendix,mypart}
          \CutAt{+myappendix,mychapter,mypart}

    Cut points at arbitrary points can be introduced by introducing section-lik
e
    commands in a manner similar to

         \NewSection\mysection{}
         \CutAt{mysection}


\Configure{+CutAt}.................................3

     #1 sectioning type
     #2 before
     #3 after

     Requests delimiters for the \CutAt buttons of the specified
     sectioning type

    Example:   \Configure{+CutAt}{mysection}{[}{]}

\PauseCutAt{#1}
\ContCutAt{#1}

    #1  section type

\Configure{CutAt-filename} ........................1

   A 2-parameter hook for tailoring section-based filenames.
   The section type is available through #1. The section title
   is accessible through #2.

   Example:   \Configure{CutAt-filename}{\NextFile{#1-#2.html}}


Tables of Contents
------------------

Created from the entries collected in the previous compilation within
a jobname.4tc file.

\ConfigureToc{unit-name} ......................4

   #1 before unit number
   #2 before content
   #3 before page number
   #4 at end

   * Empty arguments request the omission of the corresponding field.

   * \TocCount  Specifies the entry count withing the jobname.4tc file.

   * \TitleCount Count of entries submitted to the toc file

   * An alternative to \ConfigureToc{unit-name}:

      \def\toc<unit-name>#1#2#3{<before unit number>#1<before content>#2%
                             <before page number>#3<at end>}


   Example:

        \ConfigureToc{section}
           {}
           {\Picture[*]{pic.jpg width="13"  height="13"}~}
           {}
           {\HCode{<br />}}


\Configure{TocLink}..................4

   Configures the link offered in the third arguments of \ConfigureToc

   Example:   \Configure{TocLink}{\Link{#2}{#3}#4\EndLink}

\TocAt{#1,#2,#3,...}

    #1           section type for which local tables of contents
                 \Toc#1 are requested
    #2,#3,...    sectioning types to be included in the tables of
                 contents

    The non-leading arguments may be preceded by slashes '/', in
    which cases the arguments specify end points for the tables.

    The default setting requests automatic insertion of the local
    tables immediately after the sectioning heads.

    A star `*' character may be introduced, between the  \TocAt and
    the left brace, to request the appearances of the tables of
    contents at the end of the units' prefaces.

    A hyphen `-' character, on the other hand, disables the automatic
    insertions of the local tables.

    In case of a single argument, the command removes the
    existing definition of \Toc#1.

    Example:
      \TocAt{mychapter,mysection,mysubsection,/myappendix,/mypart}
      \TocAt-{mysection,mysubsection,/mylikesection}
      \section{...}...\Tocmysection

    The definition  of the local table of contents can be redefined
    within \csname Toc#1\endcsname.

    Example:

       \TocAt{section}
       \def\Tocsection{\TableOfContents[section]}

       \Css{div.sectionTOCS {
                           width : 30\%;
                           float : right;
                      text-align : left;
                  vertical-align : top;
                     margin-left : 1em;
                       font-size : 85\%;
                background-color : \#DDDDDD;
           }}

    Example: Table of content before the section title.

       \Configure{section}{}{}
          {\Tocsection \let\saveTocsection=\Tocsection
           \def\Tocsection{\let\Tocsection=\saveTocsection}%
           \ifvmode \IgnorePar\fi \EndP\IgnorePar
           \HCode{<h3 class="sectionHead">}\TitleMark\space\HtmlParOff}
          {\HCode{</h3>}\HtmlParOn\ShowPar \IgnoreIndent \par}


\Configure{TocAt}......................2
\Configure{TocAt*}.....................2

   #1 before the tables of contents
   #2 after the tables of contents


Navigation Links for Sectioning Divisions
-----------------------------------------

\Configure{crosslinks}.....................8

   #1  left delimiter
   #2  right delimiter
   #3  next
   #4  previous
   #5  previous-tail
   #6  front
   #7  tail
   #8  up

  The content to be displayed in the pointers

\Configure{crosslinks*}.................1--7

  Links to be included and their order. Available
  options: next, prev, prevtail, tail, front, up.
  The last argument must be empty.

  Default:

      \Configure{crosslinks*}
         {next}
         {prev}
         {prevtail}
         {tail} {front}
         {up}
         {}

\Configure{crosslinks+}.....................4

   #1  before top menu
   #2  after top menu
   #3  before bottom menu
   #4  after bottom menu

  The top cross links are omitted, if both #1 and #2 are empty.
  The bottom cross links are omitted, if both #3 and #4 are empty.

\Configure{next}.....................1
    #1  the anchor of the next button of the front page.

    Default: The value provided in \Configure{crosslinks}

\Configure{next+}.............................2

   #1  before the next button of the front page, when the `next'
       option is active.
   #2  after the button

    Default: The values provided in \Configure{crosslinks}

\Configure{crosslinks:next}..................1
\Configure{crosslinks:prev}..................1
\Configure{crosslinks:prevtail}..............1
\Configure{crosslinks:tail}..................1
\Configure{crosslinks:front}.................1
\Configure{crosslinks:up}....................1

   #1 local configurations for the delimiters and hooks

\Configure{crosslinks-}.....................2

   Asks to show linkless buttons with the following insertions.

      #1  before
      #2  after

   The default values are used, if both #1 and #2 are empty

   Examples:

       \Configure{crosslinks-}{}{}

       \Configure{crosslinks-}
           {\HCode{<span class="hidden">}[}
           {]\HCode{</span>} }
       \Css{span.hidden {visibility:hidden;}}

Paragraphs
----------

\Configure{HtmlPar}..........4

   #1 content at the start non-indented paragraphs
   #2 content at the start indented paragraphs
   #3 insertion into \EndP, at the start of non-indented paragraphs
   #4 insertion into \EndP, at the start of indented paragraphs

   \HtmlParOff
   \HtmlParOn

   \IgnorePar     Asks to ignore the next paragraph
   \ShowPar       Asks to take into account the following paragraphs

   \IgnoreIndent  asks to ignore indentation in the next paragraph
   \ShowIndent    asks to check indentation in the following paragraphs

   \SaveEndP      Saves the content of \EndP, and sets it to empty content
   \RecallEndP

   \SaveHtmlPar
   \RecallHtmlPar


  Example:
     \Configure{@BODY}
        {\ifvmode \IgnorePar\fi \EndP
         \HCode{<div>}\par\ShowPar}
     \Configure{@/BODY}
        {\ifvmode \IgnorePar\fi \EndP
         \HCode{</div>}}


Cross-Linking
-------------

\Link[@1 @2]{@3}{@4}...\EndLink

  Creates

     <a href="@1#@3" name="@4" @2>...</a>

  * When @1 is empty, tex4ht will derive its value automatically.
    The derived value will be the file name containing the target @3.

  * \Link may be followed by `-', if tex4ht needs not automatically
    determine (for other \link commands) the file containing @4.
    In the present of such a flag, tex4ht can spare a definition of
    one macro.

  * The component [@1 @2] is optional. If omitted, @1 and @2 are
    assumed to be empty

  * The href attribute is omitted when @1 and @3 are empty

  * The name attribute is omitted when @4 is empty

  Examples:

      \Link{a}{}...\Endlink .....  \Link{}{b}...\EndLink
      \Link[http://foo  id="fooo"]{a}{b}...\EndLink

\Configure{Link}..............4

   Configures \Link...\EndLink so that

     #1 replaces `a'
     #2 replaces `href='
     #3 replaces `name='
     #4 replaces `#'.  If empty, the older value remains in effect.

  Examples:

   \Configure{Link}{a}{href=}{name=}{}
   \Configure{Link}{ref}{target=}{id=}{\empty}

\Configure{?Link}..............1

   #1 insertion before broken links

   To help with debugging

\LinkCommand...................1 <= i <= 6

   Creates a \Link-like command

   #1   tag name
   #2   href-like attribute
   #3   name-like attribute
   #4   insertion
   #5   /, if empty element
   #6  replacement for #  (ignored if absent)

  Example:

    \LinkCommand\JSLink{a,\noexpand\jsref,name}
    \def\jsref="#1"{href="javascript:window.open('#1')"}

    \JSLink{a}{}xx\EndJSLink
    \Link{}{a}\EndLink       % or \JSLink{}{a}\EndJSLink

\Configure{XrefFile}.....................1

   #1 names cross-references of files (appends #1 to `)F' and `)Q'
      entries of the .xref files). Applicable mainly implicitly
      within \Link commands

\Tag.....................................2

   #1  label
   #2  content

\Ref.....................................1
\LikeRef.................................1

   #1  label

   \Tag and \Ref are tex4ht.sty commands introduced cross-referencing
   content through .xref auxiliary files.

   \LikeRef is a variant of \Ref which doesn't verify whether the
   labels exit.  It is mainly used in \Link and \edef environments.

\ifTag ..................................3

   #1  quetioned tag
   #2  true part
   #3  false part

\LoadRef-[prefix]+{filename.ext}{pattern}

   Load the named xref-type file

   .xref      optional--`.xref' is assume for a default
   +          optional-- asks \Ref and \LikeRef commands
              to use expanded tags `filename::tag', instead of just `tag'
   [prefix]   optional--asks just for tags starting with the
              specified prefix.
   -          optional--deletes the prefixes from the loaded tags
   {pattern}  to be included only when `[prefix]' or `+' are included.
              States how tags are to be addressed, with the parameter
              symbol `#1'  specifying the loaded part.

   Example:

        % a.tex
        \LoadRef-[to:]{b}{from:#1}      \Ref{from:filename}
                                        \LikeRef{from:filename}

        % b.tex
        \Tag{to:filename}{\FileName}

   Example:

        \LoadRef-[)F]{file}{)Ffoo##1}
        \LoadRef-[)Q]{file}{)Qfoo##1}
        \Configure{XrefFile}{foo}   \Link...\EndLink

        \LoadRef{another-file}


Files
-----

\FileName    Holds the name of the current hypertext file
\FileNumber  Holds the internal number of the current hypertext file
\RefFileNumber...........................1
    #1  File number

    Provides the file name

\NextFile.................................1
    #1 Requested name for the next file

\Hinput{#1}

    The command asks to load the configuration files associated
    with mark #1.

\Hinclude[#1]{#2}

    The command associates configuration file #2 with mark #1.  If
    the mark is the star character `*', the configuration files is
    associated to all marks.  The command is applicable until the
    \Preamble command is processed

    For instance,  \Hinclude[*]{html4.4ht}....\Hinput{latex}

\Hinclude{#1}{#2}

    The command is applicable while the \Preamble command is
    processed. Its purpose is to load *4ht hook files within
    the fragments of code specified in #1.

    For instance, \Hinclude{\input plain.4ht}{plain}


Fonts
-----

\Configure{htf}...............................9

    #1         label (integer 0--255)
    #2         delimiter (a character not appearing in #3,...,#9)
           even label             odd label
    #3       start opening tag      start empty tag
    #4       name                   alt
    #5       size                   name
    #6       mag                    size
    #7                              mag
    #8       end the tag            ord
    #9       closing tag            end the tag

    The htf fonts assign a content and a label to each symbol (possibly
    followed by a comment).  For instance,

        'e'    '1'    epsilon
        'z'    '3'    zeta

    An even label asks that the content itself will be used for the
    symbol, and an odd label asks that the symbol will be represented by a
    bitmap.  In the later case,  the content serves as a substitution for
    browsers which don't exhibit bitmaps.

    The \Configure{htf}... command provides label-dependent wrappers to
    chosen representations.

    If they are not empty, `mag' and `ord' must be c-type
    patterns for integer arguments, and `name' and `size'
    should be a patterns for strings.  The `mag' entry is
    ignored for fonts of the default dimension. Together
    they specify a attribute-value format, mainly for references
    in the css code.

  Examples:

     \Configure{htf}{0}{+}{<span\Hnewline
        class="}{\%s}{-\%s}{x-x-\%d}{}{">}{</span>}
     \Configure{htf}{1}{+}{<img\Hnewline
        src="}{" alt="}{" class="}{\%s}{-\%d}{x-x-\%x}{" />}

\Configure{htf-attr}....................... 2

     #1  c-pattern for the font name and size
     #2  c-pattern for font magnification

     Specify the format of the selectors within the css files.

   Example:
     \Configure{htf-attr}{.\%s-%s}{--\%s}

\Configure{htf-css}....................... 2

    #1  font name or label
    #2  css entry

    A variant of the \Css command. If #1 is a font name,
    the contribution replaces the one given within the
    htf font definition. If #1 is a label for an entry
    of a htf font, the contribution is added to the css
    file.  The contribution is offered, only when the
    font is in use.

  Example:

   \Configure{htf-css}{4}{.small-caps{font-variant: small-caps;}}


Bitmaps
-------

\Configure{Picture}....................... #1

  #1  Extension name for bitmap files of dvi pictures,
      stored in \PictExt

  Default: \Configure{Picture}{.png}

  The extension names of bitmap files of glyphs of htf fonts may be
  determined within a g-entry in the environment file tex4ht.env, or a
  g-flag of the tex4ht.c utility.

\Configure{Picture-alt}......................1

  #1  alt value for \Picture+{...}  and \Picture*{...}

\Configure{Picture+}.........................2
\Configure{Picture*}.........................2

  #1  before the dvi picture code
  #2  after the dvi picture code

  Typically, the plus `+' variant is introduced as an inline
  contribution into paragraphs, and the star `*' variant as an
  independent block between paragraphs.

\Configure{PictureAlt}........................2
\Configure{PictureAlt*+}......................2
\Configure{PictureAlt*+[]}....................2

  #1 definitions before alt
  #2 definitions after alt

 Apply to \Picture{...}, \Picture*+{...}, and \Picture*+[...]{...}

\Configure{PictureAlt}........................1
\Configure{PictureAlt*+}......................1
\Configure{PictureAlt*+[]}....................1

  #1 definition for attributes (introduced through
     a parameter named `#1')

   Apply to \Picture{...}, \Picture*+{...}, and \Picture*+[...]{...}

\Configure{IMG}...............................5

  #1 before file name
  #2 between file name and alt
  #3 close alt for  \Picture without * or +
  #4 close alt for  \Picture with * and +
  #5 right delimiter

  Example:

     \Configure{IMG}
        {\ht:special{t4ht=<img src="}}
        {\ht:special{t4ht=" alt="}}
        {" }
        {\ht:special{t4ht=" }}
        {\ht:special{t4ht=/>}}

\NextPictureFile.............................1

   Requests a file name for the next created picture.

\PictureFile.............................0

   Records the filename of the most recent created picture.

Math
----

\Configure{$}................................2
\Configure{$$}...............................2
\Configure{DviMath}..........................2

\DviMath ... \EndDviMath
\MathClass ... \EndMathClass
\PicMath ... \EndPicMath
\DisplayMath ... \EndDispalyMath

   Example:

     \Configure{$} {\Tg<math>\DviMath} {\EndDviMath\Tg</math>} {}



\Configure{PicMath}..........................4

   Example:

       \Configure{PicMath}{}{}{}{ class="math" }

     \Configure{()}{\protect\PicMath$}{$\protect\EndPicMath}

\Configure{SUB}..............................2
\Configure{SUP}..............................2
\Configure{SUBSUP}...........................3
\Configure{SUPSUB}...........................3
\Configure{SUB/SUP}..........................6

\Configure{putSUB}...........................1
\Configure{putSUP}...........................1

     #1 the code to be used for realizing subscripts and postcripts

\Configure{afterSUB}.........................2

     #1 look ahead token after subscript
     #2 the code to be used for realizing subscripts having #1 for
        lookahead token

\Configure{over}.............................2
\Configure{atop}.............................2
\Configure{above}............................2
\Configure{overwithdelims}...................2
\Configure{atopwithdelims}...................2
\Configure{abovewithdelims}..................2

   #1 before \over, \atop, \above
             \overwithdelims, \atopwithdelims, \abovewithdelims
   #2 after  \over, \atop, \above <dimension>
             \overwithdelims <del1> <del2>
             \atopwithdelims <del1> <del2>
             \abovewithdelims <del1> <del2> <dimension>

   Example:

     \Configure{over}
         {\Send{GROUP}{0}{[before]}[before-rule]}
         {[before-argument]\Send{EndGROUP}{0}{[after]}}


\Configure{MathClass}........................5

   #1  class number
          0: mathord, 1: mathop, 2: mathbin, 3: mathrel,
          4: mathopen, 5: mathclose, 6: mathpunc
   #2  delimiter
   #3  before
   #4  after
   #5  characters

   Extra support:

      \PauseMathClass
      \EndPauseMathClass
      \NewMathClass<new control sequence>  (7, 8, ...)

\Configure{FormulaClass}.....................4

   #1  class number
          0: mathord, 1: mathop, 2: mathbin, 3: mathrel,
          4: mathopen, 5: mathclose, 6: mathpunc
   #2  a character not in #3 and #4
   #3  before
   #4  after

   If #2 is empty, the formula gets the same marking as a
   single character of the specified type

\Configure{FormulaClass*}....................4

   Like the previous case, but allow marking in the
   nested content.

\Configure{MathDelimiters}...................2

   #1  left
   #2  right

\Configure{mathbin*}.........................4
\Configure{mathclose*}.......................4
\Configure{mathop*}..........................4
\Configure{mathopen*}........................4
\Configure{mathord*}.........................4
\Configure{mathpunct*}.......................4
\Configure{mathrel*}.........................4

   #1  a character not presented in #2#3#4
   #2  code before
   #3  code after
   #4  possible definitions for successive cases

  Example:
     \Configure{mathop*}{*}{}{}
        {\Configure{mathop}{*}{<mo>}{</mo>}{}}
     \mathop{\overline{x \mathop{op} y}} \limits^{a=3}

\Configure{mathbin}..........................4
\Configure{mathclose}........................4
\Configure{mathopen}.........................4
\Configure{mathop}...........................4
\Configure{mathord}..........................4
\Configure{mathpunct}........................4
\Configure{mathrel}..........................4

Variants of the above group, requesting to supress nested marks.

\Configure{nolimits}.........................1

\MathSymbol

AtBeginDocument
---------------

\Configure{AtBeginDocument}..................2

    #1  before the corresponding hook of latex
    #2  after

   Insertions are accumulative, and can be erased by providing
   two empty arguments

Other Hooks
-----------

  \Configure{HChar}...................1

    #1  a character

    The \HChar{i} instruction inserts the character code i with the
    font information of character #1, when i is positive. If i is
    negative, the font info is not included.


\Configure{Canvas}
\Configure{ExitHPage}
\Configure{LinkHPage}......................1
\Configure{FontCss}
\Configure{HVerbatim+}
\Configure{MiniHalign}
\Configure{Needs-}
\Configure{Needs}


\Configure{TraceTables}
\Configure{edit}
\Configure{halignTB}
\Configure{halignTD}
\Configure{halign}
\Configure{hooks}
\Configure{moveright}

\Configure{noalign-}
\Configure{pic-halign}

\Configure{accent}
\Configure{mathaccent}
\Configure{accented}
\Configure{accenting}


Back-end Specials
-----------------
                                                    insertions
                                                    ----------
  =    \special{t4ht=...content...}
           Insert the specified content to the html output, under
           edef mode of processing, and without using the mapping
           of the htf fonts.  Used in \HCode{...}.
  @    \special{t4ht@...integer...}
           Insert the absolute value as character code to the output.
           Positve values ask the insertion to be included in place
           of the next chracter, together with the font information
           of that character.
                                                    files
                                                    -----
  >    \special{t4ht>...file-name...}
           Open a new file, if needed, and direct future output
           to the specified file.  Used in \File{...}.
  <    \special{t4ht<...file-name...}
           Close the specified file.  If it is the current file,
           activate the youngest file. Used in \EndFile{...}.
  >*   \special{t4ht*>...file-name...}
           Declare the file to be the oldest.
       \special{t4ht*>}
           Reactivate the file that activated the current file.
  *<   \special{t4ht*<file}
           Input file (with no processing)
  +    \special{t4ht++file-name}...dvi...\special{t4ht+}
           Pipe the dvi code into a dvi page in the secondary dvi file
           `jobname.idv'.  Used by \Picture{...}, e.g., for requesting
           gif's.
  +    \special{t4ht+embeded-specials within idv}
  .    \special{t4ht.ext}
           Change default ext of root file
  @D   \special{t4ht@D....} Writes the content, augmented with a
           loc stamp, to the .lg file.  The locations stamp consists
           a byte-address in a named output file.

                                                    character maps
                                                    --------------
  !    \special{t4ht!...optional-parameters....}...dvi...\special{t4ht!}
           Create an approximated character map for the dvi code.
           Used in \Picture{...}, e.g., for ALT of IMG
  |    \special{t4ht|}...\special{t4ht|}
           Use the non-pictorial characters of the htf fonts.
           Used for character maps of \Picture{....}
  @    \special{t4ht@-}....\special{t4ht@-}
           Remove left margin from character map.  Used in \Picture{...}.

                                                    character settings
                                                    ------------------
  @    \special{t4ht@@}....\special{t4ht@@}
           Insert the character codes, instead of their mappings through
           the htf fonts.  Used in \JavaScript...
  @    \special{t4ht@...integer...}, \special{t4ht@-...integer...}
           Introduce the character code into the output.
           Used by \HChar{...} and \HChar{-...}. The earlier one
           also inherites the current font info.
  @    \special{t4ht@+...string...}
           Replace the character code introduced by the next character
           with the specified string.  The decoration of the character
           code is inherited, when the string is not empty. The string
           might include character codes by enclosing them between braces.
  @    \special{t4ht@*...string...}
           A variant \special{t4ht@+...string...} that inserts the content
           after the character instead of replacing it.
  @    \special{t4ht@(}
           Ignore spaces
  @    \special{t4ht@)}
           End ignore spaces
  @    \special{t4ht@[}
           Ignore chs and spaces
  @    \special{t4ht@]}
           End ignore chs and spaces
  @    \special{t4ht@[...}...\special{t4ht@]...}\special{t4ht@?...}
           Ignore chs and spaces, if the specials  have the above
           syntax on identical strings.
  @    \special{t4ht@!}
           Get the last ignored spaces (none, if from previous lines).
  @    \special{t4ht@_....}
           Output character for rulers. Empty string is also allowed.
  @    \special{t4ht@.''''}
           Output for line break characters (empty
                                         content resets the default).
  @    \special{t4ht@,''''}
           Output for space characters (empty content resets the default).

                                                    dvi tracing
                                                    -----------
  @    \special{t4ht@%X}...\special{t4ht@%x}
           Request dvi tracing.

               X  x
               P  p      groups
               C  c      characters
               H  h      horizontal spaces
               V  v      vertical spaces
               R  r      rulers

       \special{t4ht@%%X*...open-del....*...close-del....}
       \special{t4ht@%%x*...open-del....*...close-del....}
           Tailor dvi tracing

  @    \special{t4ht@/}
           On/off tracing of specials.
  @    \special{t4ht@e...}
           String for tracing errors into the output.
  ;    \special{t4ht;....}
           Decorations for htf characters (e.g., css)
              8    pause
              9    end pause
              \let \prOteCt \relax \Protect \csname acp:c\endcsname {14}.. patt
ern
              =... show font name of char
              %... show font size of char
              ,    don't report next htf class to lg
              -    set default font info
              +    unset default font info
  ^    \special{t4ht^i}$symbols$\special{t4ht^}}'
           Requests math class i for the listed math symbols.

           Tex assignes class numbers 0--7 to the atoms of math
           formulas: 0--ordinary symbol, 1--large operator, 2--binary
           operation, 3--relational operation, 4--math delimiter,
           5--right delimiter, 6--punctuation mark, and 7--adjustable.
           TeX4ht adds classes  8 and 9, while using
           class 7 independently
       \special{t4ht^}
           on/off processing delimiters
       \special{t4ht^-}
           pause processing delimeters
       \special{t4ht^+}
           continue processing delimeters
       \special{t4ht^i}
           on/off processing delimiters of class i
       \special{t4ht^i*...*...}
           configure delimiters for class i. * can be any
           character distinguished for the group.
       \special{t4ht^i(}
           put delimiters of class i on next group
       \special{t4ht^i)}
           As before, but ignore the delimeters within the sub-group.
       \special{t4ht^)*...*...}
           put the specified delimiters on next group.
           Ignore delimeters within the group.
       \special{t4ht^<*...*...}
           put the specified delimiters on the next group.
           Don't ignore delimeters within the group.
                                                    dvi arithmetic
                                                    --------------
  :    \special{t4ht:....}
           Dvi-mode arithmetics.
             :+...  increment by 1( define, if not defined)
             :-...  decrement by 1
             :>...  push current value
             :<...  pop current value
             :!...  display current value
             :\let \prOteCt \relax \Protect \csname acp:c\endcsname {14}..  dis
play top value

                                                    messages to lg file
                                                    -------------------
  +    \special{t4ht+@...message...}
           Send message to the lg file.  Used in the \Needs{...} command.
  @    \special{t4ht@D....}
           Send message to the lg file, together with location and file
           stamp.

                                                    positional code
                                                    -------------------
  "    \special{t4ht"}
           Start/end positional env
       \special{t4ht"* before-all * after-all ...** before-char
                     * after-char * rect
                     *%A*%B*%C*%D*%E
                     * optional
           Configure positioned code
             * before-all
             * after-all      %...
             ** before-char  %x %y
             * after-char
             * rect          %x1 %y1 ...
             * x,x1-coefficients %A(x) + %B
             * y1-coefficients %C(y1 - %E(height)) + %D
             * y-coefficients  %C(y) + %D
             * optional: 1, 2

               %x1 %y1 %length %thickness          default
               %x1 %y1 %x1+length %y1+thickness    1
               %x1 %y1 %x1+length %y1 %thickness   2

           A-magnification, B-displacement
           C-magnification, D-displacement,
           E- origin (0: top, 0.5: mid, 1: bot)

           The %...'s should be c-type templates (e.g., "%.2f"; "%.0f"
              gives an integer)

           Multiple after-all templates are allowed. The leading
             character is a code specifying the dimension type.
                x           min x
                X           max x
                y           min y
                Y           max y
                d           dx
                D           dy
                otherwise   a string with no values
           The delimiter `*' can be substitued by another character.


  ~    \special{t4ht~...}
           Grouped-base two-way delivery for content created by
           inline commands like \over.

       \special{t4ht~}...\special{t4ht~}   on/off

       ~<i...  send forward to the start of the group nested
                                                at relative level i.
       ~>i...  send forward to the end of the group nested
                                                at relative level i.
               i=0, current group


       ~<*...  send back to start of previous token / group.
       \special{t4ht~<)}...\special{t4ht~<(}
           activate / deactivate  back token / group submissions
       \special{~<[}...\special{t4ht~<]}'
           hide region from back submissions over token / group
       \special{t4ht~<-} ... \special{t4ht~<+}
           latex back token / group

       \special{t4ht\string~!...path...<...content}
           insertion at the start of the group reached by the path
       \special{t4ht\string~!...path...>...content}
           insertion at the end of the group reached by the path
       \special{t4ht\string~!...path.../}
           ignore content within the group reached by the path
       \special{t4ht\string~!...path...-}
           ignore rulers from the group reached by the path
           until the start of the next group
        A path may consist only of `e' and `s' characters for,
        respectively, entering and skipping groups

  *!   \special{t4ht*! system command}
           System call
  *^   accent specials
        t text accent #1#2#1#3#1#4#1#5#1#6 pattern
                      empty                insertion point
        m math accent #1#2#1#3#1#4#1#5#1   pattern
                      empty                insertion point
        a accented    #1#2#1#3#1#4#1#5#1#6
        i             #1#2#1#3#1#1
  *@   halign specials

\HCode...............................1

   A wrapper for \special{t4ht=...}.

   The sharp symbol # may be accessed indirectly through the command.

\Hnewline............................0

   Requests new lines within specials



                                         *
******************************************
) ("C:\Program Files\MiKTeX 2.9\tex/generic/tex4ht\infoht4.4ht"
version 2019-03-18-15:25
******************************************
****** tex4ht.4ht
******************************************
                                         *


Cascade Style Sheets and Character Sets
---------------------------------------

\Configure{CssFile}.....................2

   #1  name for css file
   #2  comment in css file

\Configure{Css}

\Configure{charset}..................1

   #1  override information for the charset entry in the link element

   To be noticed, the configuration should be encountered early in the
   complation.

      Example:

        \Preamble{}
          \Configure{charset}{iso-8859-15}
        \begin{document}
        \EndPreamble

   In the case of TeX, the configuration instruction should precede
   the \Preamble command, and a declaration of the hook should also
   be provided.

      Example:

          \NewConfigure{charset}{1}
          \Configure{charset}{iso-8859-15}
        \Preamble{}
        \begin{document}
        \EndPreamble

\Configure{dtd-lang}..................1

    #1 language specification for the DTD identifier

Paragraphs
----------

Three types of paragraphs are produced by \Configure{HtmlPar}:

   <p class="indent">....</p>
   <p class="noindent">....</p>
   <p class="nopar">....</p>

The third one handles degenerated cases which don't call for a
separate paragraph in the source code. For instance, an inline
display math code of the form

     ..........
     $$......$$
     ..........

translates into a markup similar to

     <p class="...">..........</p>
     <math>......</math>
     <p class="nopar">..........</p>

Frames
------

   May be requested with the command line option `frames'

   \Configure{frames}.....................2

      #1  The frames structure
      #2  Content for the frame of the table of contents

   Example:

      \Configure{frames}
         {\HorFrames[frameborder="no" border="0"
               framespacing="0" rows="*"]{*,3*}
           \Frame[ name="tex4ht-menu" ]{tex4ht-toc}
           \Frame[ name="tex4ht-main" ]{tex4ht-body}}
         {\let\contentsname=\empty \tableofcontents}



                                         *
******************************************
) ("C:\Program Files\MiKTeX 2.9\tex/generic/tex4ht\infomml.4ht"
version 2019-03-18-15:25
******************************************
****** tex4ht.4ht
******************************************
                                         *


math
----
\Configure{math}.........................1

   Contribution for the <math>  tag



                                         *
******************************************
) ("C:\Program Files\MiKTeX 2.9\tex/generic/tex4ht\html4.4ht"
version 2020-01-24-14:39
--------------------------------------
--- Note --- For section filenames that reflect on their titles use the command
 line option `sec-filename'
--------------------------------------
--------------------------------------
--- Note --- to ignore CSS font decoration, use the `NoFonts' command line opti
on
--------------------------------------
--------------------------------------
--- Note --- for jpg bitmaps of pictures, use the `jpg' command line option. (C
haracter bitmaps are controled only by `g' records of tex4ht.env and `-g' switc
hes of tex4ht.c) 
--------------------------------------
--------------------------------------
--- Note --- for gif bitmaps of pictures, use the `gif' command line option. (C
haracter bitmaps are controled only by `g' records of tex4ht.env and `-g' switc
hes of tex4ht.c) 
--------------------------------------
--------------------------------------
--- Note --- for file extension name xht, use the command line option `xht'
--------------------------------------
TeX4ht package options: charset=utf-8,html5,html,xhtml,3,next,frames,mathml,mat
hjax,fonts,svg,info
--------------------------------------
--- Note --- To print a timestamp, use the command line option timestamp
--------------------------------------
--------------------------------------
--- Note --- to ignore CSS code, use the command line option `-css
--------------------------------------
--------------------------------------
--- Note --- for inline CSS code, use the command line option `css-in'
--------------------------------------
--------------------------------------
--- Note --- for pop ups on mouse over, use the command line option `mouseover'

--------------------------------------
--------------------------------------
--- Note --- for addressing images in a subdirectory, use the command line opti
on `imgdir:.../'
--------------------------------------
) ("C:\Program Files\MiKTeX 2.9\tex/generic/tex4ht\unicode.4ht"
version 2019-12-28-14:40
) ("C:\Program Files\MiKTeX 2.9\tex/generic/tex4ht\mathml.4ht"
version 2019-12-30-14:10
) ("C:\Program Files\MiKTeX 2.9\tex/generic/tex4ht\html-mml.4ht"
version 2018-12-05-15:46
) ("C:\Program Files\MiKTeX 2.9\tex/generic/tex4ht\svg-option.4ht"
version 2018-12-30-09:33
--------------------------------------
--- Note --- for external SVG files try the command line options `svg-obj' and 
'svg-'
--------------------------------------
) ("C:\Program Files\MiKTeX 2.9\tex/generic/tex4ht\infosvg.4ht"
version 2019-03-18-15:25
******************************************
****** tex4ht.4ht
******************************************
                                         *



The output or pictures in SVG format can be requested using following command
line options:

svg
---

Include pictures as external images. Existing configuration for SVG images is
used. This is preffered way in modern documents.

svg-object
----------

Include pictures using <object> elements.

svg-
----

This configuration is simillar to the previous one

svg-inline
----------

Include the pictures directly to the XML document.




                                         *
******************************************
******************************************
****** tex4ht.4ht
******************************************
                                         *


SVG
---

 Configured through IMG

  Example:
    \Configure{IMG}
      {\special{t4ht=<object type="image/svg+xml"  data="}}
      {\special{t4ht=" name="}}
      {" }
      {\special{t4ht=" }}
      {\special{t4ht=></object>}}



                                         *
******************************************
) ("C:\Program Files\MiKTeX 2.9\tex/generic/tex4ht\html5.4ht"
version 2019-11-21-13:36
--------------------------------------
--- Note --- To print a timestamp, use the command line option timestamp
--------------------------------------
)
\:tokwrite=\toks48
\:tokpage=\toks49
--------------------------------------
--- Note --- for back links to toc, use the command line option `sections+'
--------------------------------------
\openout15 = `test.4ct'.

\:tocout=\write20
\openout6 = `test.4tc'.


Package morewrites Warning: File 'test.mw' exists, using 'test.mw.mw' instead.

\openout6 = `test.mw.mw'.

\openout6 = `test.mw.mw'.

("C:\Program Files\MiKTeX 2.9\tex/generic/tex4ht\info4ht.4ht"
version 2019-03-18-15:25
) ("C:\Program Files\MiKTeX 2.9\tex/generic/tex4ht\infoht4.4ht"
version 2019-03-18-15:25
) ("C:\Program Files\MiKTeX 2.9\tex/generic/tex4ht\infomml.4ht"
version 2019-03-18-15:25
) ("C:\Program Files\MiKTeX 2.9\tex/generic/tex4ht\html4.4ht"
version 2020-01-24-14:39
) ("C:\Program Files\MiKTeX 2.9\tex/generic/tex4ht\unicode.4ht"
version 2019-12-28-14:40
) ("C:\Program Files\MiKTeX 2.9\tex/generic/tex4ht\mathml.4ht"
version 2019-12-30-14:10
) ("C:\Program Files\MiKTeX 2.9\tex/generic/tex4ht\html-mml.4ht"
version 2018-12-05-15:46
) ("C:\Program Files\MiKTeX 2.9\tex/generic/tex4ht\svg-option.4ht"
version 2018-12-30-09:33
) ("C:\Program Files\MiKTeX 2.9\tex/generic/tex4ht\infosvg.4ht"
version 2019-03-18-15:25
) ("C:\Program Files\MiKTeX 2.9\tex/generic/tex4ht\html5.4ht"
version 2019-11-21-13:36
) ("C:\Program Files\MiKTeX 2.9\tex/generic/tex4ht\latex.4ht"
version 2019-08-26-14:22
LaTeX Info: Redefining \_ on input line 168.
--------------------------------------
--- Note --- for links into captions, instead of float heads, use the command l
ine option `refcaption'
--------------------------------------
("C:\Program Files\MiKTeX 2.9\tex/generic/tex4ht\info4ht.4ht"
version 2019-03-18-15:25
) ("C:\Program Files\MiKTeX 2.9\tex/generic/tex4ht\infoht4.4ht"
version 2019-03-18-15:25
) ("C:\Program Files\MiKTeX 2.9\tex/generic/tex4ht\infomml.4ht"
version 2019-03-18-15:25
) ("C:\Program Files\MiKTeX 2.9\tex/generic/tex4ht\html4.4ht"
version 2020-01-24-14:39
) ("C:\Program Files\MiKTeX 2.9\tex/generic/tex4ht\unicode.4ht"
version 2019-12-28-14:40
) ("C:\Program Files\MiKTeX 2.9\tex/generic/tex4ht\mathml.4ht"
version 2019-12-30-14:10
) ("C:\Program Files\MiKTeX 2.9\tex/generic/tex4ht\html-mml.4ht"
version 2018-12-05-15:46
) ("C:\Program Files\MiKTeX 2.9\tex/generic/tex4ht\svg-option.4ht"
version 2018-12-30-09:33
) ("C:\Program Files\MiKTeX 2.9\tex/generic/tex4ht\infosvg.4ht"
version 2019-03-18-15:25
) ("C:\Program Files\MiKTeX 2.9\tex/generic/tex4ht\html5.4ht"
version 2019-11-21-13:36
) ("C:\Program Files\MiKTeX 2.9\tex/generic/tex4ht\info4ht.4ht"
version 2019-03-18-15:25
******************************************
****** latex.4ht
******************************************
                                         *


Sectioning
----------

\Configure{@sec @ssect}


Tables of Contents
------------------


\Configure{tableofcontents}........................5

   #1 before
   #2 at end
   #3 after
   #4 at indented paragraph break
   #5 at non-indented paragraph break

   The \tableofcontents command may be followed by a comma separated
   list of sectioning unit names to be included in the table of
   contents.  The list should be enclosed within square brackets.
   Alternatively, a command of the form \TableOfContents[...] might
   be used.

Lists
-----

\ConfigureList.....................5

   #1   type of list (e.g., itemize, description, enumerate,
                            list, trivlist)
   #2   before list
   #3   after  list
   #4   before label
   #5   after label

   \DeleteMark   removes latex's label; to be placed at the end of #4
   \AnchorLabel  defines an anchor for \label in current item; to
                 be placed in #5


Tables
------

\Configure{tabular}...................6
\Configure{array}.....................6

    #1   before table         #2   after table
    #3   before row           #4   after row
    #5   before cell          #6   after cell

    \HRow         current row number
    \HCol         current column number
    \HMultispan   number of cells covered by the current cell
    \ar:cnt       number of columns in the table

  NOTE: Table require a number of compilations that depends
        on the number of columns.

  Example

   \Configure{tabular}
       {\HCode{<table>}}
       {\HCode{</table>}}
       {\HCode{<tr class="row-\HRow">}}
       {\HCode{</tr>}}
       {\HCode{<td
               \ifnum \HMultispan>1 colspan="\HMultispan"\fi >}}
       {\HCode{</td>}}


\Configure{VBorder}...................4

    Break points, when scanning the pattern of column desriptions, at

    #1  at start of pattern
    #2  at |
    #3  at a non-@ entry
    #4  at a @ entry

  Applies to \begin{tabular / array}{...pattern...}

    \ar:cnt    index of entry in pattern
    \ch:class  records the current alignment type: -,<,>,p,...
    \HColAlign produces the \Configure{halignTD} contribution
               for the current alignment type
    \HColWidth holds the width of the current p column

\Configure{HBorder}..................10

   hline:
    #1  insert at start of row (e.g., <tr>)
    #2  insert at each cell    (e.g., <td><hr/></td>)
    #3  insert at end of row   (e.g., </tr>)

   cline:
    #4  insert at start of row         (e.g., <tr>)
    #5  insert at each `extra' cell    (e.g., <td></td>)
    #6  insert at each cell            (e.g., <td><hr/></td>)
    #7  insert at end of row           (e.g., </tr>)

   vspace:
    #8  insert at start of row (e.g., <tr>)
    #9  insert at each cell    (e.g., <td>&nbsp;</td>)
    #10 insert at end of row   (e.g., </tr>)

   The contributions are collected into \HBorder.  (The \InitHBorder
   clears \HBorder.)

\Configure{putHBorder}...............1
    #1 Specifies how \HBorder is to be used.

   Example: \Configure{putHBorder}{\HCode{\HBorder}}



\Configure{halignTD}..................2 + 2i + {}

  interpretation for character codes referenced in \HAlign

  e.g.,

   \Configure{halignTD}
   {}{}
   {<}{\HCode{style="text-align:left"}}
   {-}{\HCode{style="text-align:center"}}
   {>}{\HCode{style="text-align:right"}}
   {^}{\HCode{style="vertical-align:top"}}
   {=}{\HCode{style="vertical-align:baseline"}}
   {|}{\HCode{style="vertical-align:middle"}}
   {_}{\HCode{style="vertical-align:bottom"}}
   {p}{\HCode{style="text-align:left"}}
   {}

   \halignTD can be used in td elements to extract the alignment.
   It recieves information from \halignTB.

\Configure{halignTB}..................2

   delimiters for \halignTB{tabular}

   Example
       \Configure{halignTB}{\HCode{<table }}{\HCode{>}}

\Configure{tabbing}[mag]..................4

   #1 before each line
   #2 after each line
   #3 before each entry
   #4 after each entry

   [mag] optional parameter specifying the magnification desired
         for the dimensions.  When offered, the other parameters
         have no effect if all of them are assigned empty arguments

   \TabType   \` or \relax
   \TabWidth  Provides the entry width; 0 at trailing entry that is
              not flushed rightward


Cross References
----------------

\Configure{ref}.......................3

  #1   \Link-type command
  #2   \EndLink-type command
  #3   anchor (the system anchor is
               reachable through the parameter name #1)
  \RefArg   Holds the argument of \ref

  If #1 is empty, the hyper links are ignored
  If #3 is empty, the anchor is the one provided by the system

  Example:

    \Configure{ref}{\Link}{\EndLink}{{\bf #1}}

\Configure{pageref}...................3

  #1   before
  #2   after
  #3   anchor (system anchor, if parameter is empty)

\Configure{newlabel}..................2

  #1   address for hyperlink (\cur:th \:currentlabel, if empty)
  #2   anchor (the system anchor is
               reachable through the parameter name #1)

\Configure{@newlabel}.................1

   #1  modifications to the newlabel environment

\Configure{newlabel-ref}..............1

   #1  an intermediate link command for the aux file
       (Configured by \Configure{ref}...)

   The default for #1 is \rEfLiNK

\Configure{cite}......................4

  #1   before
  #2   after
  #3   \Link-type command
  #4   \EndLink-type command

  If #3 is empty, the hyper links are ignored.

\Configure{bibitem}...................2

  #1   \Link-type command
  #2   \EndLink-type command

\Configure{bibcite}...................1

  #1  configurations for content transfered by bibitem to the aux file

  Example:
       \Configure{bibcite}
                 {\def\hookrightarrow{\string\hookrightarrow}}
       \bibitem[$\hookrightarrow$...]{...}


\LoadLabels[#1]{#2}....................

  [#1]   optional group name
  #2     aux file name, without the extension

  Loads labels of another file, under the specified group name

\RefLabel.............................2

  #1     group name (for separating files and labels from
                     different sources)
  #2     label

  A variant of \ref for loading labels produced for other files

  Example:
    file1.tex:  \label{foo}

    file2.tex:  \LoadLabels[x]{file1}
                \RefLabel{x}{foo}

\SkipRefstepAnchor.....................0

    No \Link anchor for next \refstepcounter

\ShowRefstepAnchor.....................0
\AutoRefstepAnchor.....................0


Bibliography on bibtex2 option:

  \Configure{bibliography2}........................ 4

     #1 before anchor
     #2 anchor
     #3 after anchor
     #4 link attributes

    Example:

       \Configure{bibliography2}
          {\bgroup ~~[\Configure{Link}{a}{target="x"  href=}{ name=}{}}
          {more} {]\egroup}

  \Configure{bibitem2}..............................3

     #1 at start of bibitem
     #2 at end of bibitem
     #3 separator after label

  \Configure{bibliographystyle2}....................1

     #1 an empty argument asks for the same style as the
        normal aux file (still bibtex may produce different
        output).

Note: Option `bibtex2' requires compilation
      of `\jobname j.aux' with bibtex.

Captions
--------

refcaption

  An option for \Preamble, requesting anchors at \caption. The default
  setting sends them back to the start of the floating environment.


Theorems
--------

\Configure{newtheorem} ......................3

  #1 before theorem
  #2 between title and body
  #3 after theorem

Math
----
\Configure{()}...............................2
\Configure{[]}...............................2

   Example:

     \Configure{()}{\protect\PicMath$}{$\protect\EndPicMath}
     \Configure{[]} {\Tg<display>\DviMath$$} {$$\EndDviMath\Tg</display>}

\Configure{equation}.........................3

   #1    at start
   #2    between the equation and its numbering
   #3    at end

  Examples:

      \Configure{equation}
           {\IgnorePar\EndP\bgroup \Configure{HtmlPar}{}{}{}{}%
                    \HCode{<table class="equation"><tr><td>}\IgnorePar
           }
           {\HCode{</td><td class="eq-number">}}
           {\HCode{</td></tr></table>}\egroup}

      %%%%%%%%%%%%%%%%%%%%%%%%%%%%%%%%%%%%%%%%%%%%%

      \Configure{equation}
         {\IgnorePar\EndP \bgroup \Configure{$$}{}{}{}%
          \Configure{@math}{display="inline"}\DviMath
                  \HCode{<mtable class="equation"><mtr><mtd>}\IgnorePar
         }
         {\IgnorePar\HCode{</mtd><mtd class="eq-number">}}
         {\HCode{</mtd></mtr></mtable>}\EndDviMath\egroup}


\Configure{frac}.............................4
\Configure{sqrtsign}.........................2

\Configure{mbox}.............................2

Environments of latex
---------------------

  \ConfigureEnv{...}.........................4

     #1 environment name
     #2 before env
     #3 after env
     #4 before underlying list
     #5 after underlying list

    #2 and #3 are ignore when they are both empty as well as
    when there is no underlying list


   array
   center
   flushleft
   flushright
   minipage
   tabbing
   tabular
   verbatim*
   verbatim


   \Configure{@begin}........................2

      #1 environment name
      #2 insertion before the environment

   Example:
      \Configure{@begin}{theindex}{\section*{\indexname}}


Verbatim
--------

\Configure{verbatim}......................2

   #1 at start of line
   #2 space character

\Configure{verb}..........................2

   #1 before
   #2 after

\Configure{obeylines}.....................3

   #1 before
   #2 at start of line
   #3 after

\ScriptEnv................................3

  Introduces a verbatim environent

   #1 name
   #2 before
   #3 after

  A `-' immediately after \begin{...} designate as an escape symbol
  the character following the dash

  Example:

     \ScriptEnv{foo}
       {\HCode{<myscript>}\NoFonts\hfill\break }
       {\EndNoFonts \HCode{</myscript>}}

     \begin{foo}
     ....
     ....
     \end{foo}

     \begin{foo}-\relax \unhbox \voidb@x \special {t4ht@+&{35}x00A0{59}}x     .
...
     ....
     \end{foo}


Fonts
-----

\Configure{texttt}........................2
\Configure{textit}........................2
\Configure{textrm}........................2
\Configure{textup}........................2
\Configure{textsl}........................2
\Configure{textsf}........................2
\Configure{textbf}........................2
\Configure{textsc}........................2
\Configure{emph}..........................2

  #1  before content
  #2  after content


Footnotes
---------

\Configure{footnotetext}..................3

    #1 before footnote
    #2 between mark and content
    #3 after footnote

   \FNnum     footnote number

\Configure{footnotemark}..................2

    #1 before
    #2 after

Pictures
--------

\Configure{picture}.......................2

    #1  before
    #2  after

Other Hooks
-----------

\Configure{ }.........................1

   #1 representation for non-breaking space ch

\Configure{hline}.....................1

\Configure{hspace} ...................3

   \tmp:dim      register holding the size
   #1            before the space
   #2            after the space
   #3            after #1 (\tmp:dim mod 6em  copies)

\Configure{vspace} ...................1

   #1 the size of space is prvided in a parameter nmaed `#1'

   Example:

      \Configure{vspace}
      {\ifhmode
         \HCode{<br />}%
         \ifdim #1>1ex \HCode{<br />}\fi
       \fi
      }

\Configure{fbox} .................................. 2

   Examples:

        \Configure{fbox}
          {\HCode{<div class="fbox">}\bgroup \fboxrule=0pt}
          {\egroup\HCode{</div>}}
        \Css{div.fbox {border: 1pt solid black;}}

        \Configure{fbox}
          {\HCode{<table cellspacing="0pt"
              border="1"><tr><td>}\bgroup \fboxrule=0pt}
          {\egroup\HCode{</td></tr></table>}}

\Configure{'} ..................................... 3

   #1 at entry to math prime environment
   #2 at exit
   #3 content of \prime

\Configure{float}....................................
   #1 optional, to appear within brakects [ and ].  An anchor for
      the links preceeding the float, when option refcaption is
      not active
   #2 Insertion before the links
   #3 at start
   #4 at end

\Configure{textcircled}.............................2n+1
   2i'th     replaced       i=1,...,n
   2i+1'st   replacement
   2n+'nd    empty (terminator)


\Configure{add accent}{#1:#2}{#3}{#4}...{}{}
   #1  encoding
   #2  font number
   #3  character under font
   #4  replacement

   Applies to accents that reach \add@accent

  Example:

     \Configure{add accent}{OT4:18}
       {E}{\add:acc{00C8}}
       {e}{\add:acc{00E8}}
       {}{}




\Configure{//[]}
\Configure{AfterTitle}
\Configure{HAccent}
\Configure{InsertTitle}
\Configure{accents}
\Configure{accent}
\Configure{centercr}
\Configure{centerline}

\Configure{displaylines}
\Configure{framebox}

\Configure{leftline}
\Configure{marginpar}
\Configure{mathaccent}
\Configure{newline}
\Configure{oalign}

\Configure{overline}

\Configure{rightline}
\Configure{stackrel}
\Configure{tt}
\Configure{underline}
\Configure{thanks}....................2




                                         *
******************************************
) ("C:\Program Files\MiKTeX 2.9\tex/generic/tex4ht\infoht4.4ht"
version 2019-03-18-15:25
******************************************
****** latex.4ht
******************************************
                                         *


Hypertext Title
---------------
\Configure{@HTML}.........................1

   Environment for setting \title material in <title>. The contributions
   are accumulative; an empty argument reinitializes the contribution.

Tables
------

Properties of tabular and array tables can be locally redefined with
instructions of the following forms.

   \Css{\#TBL-\TableNo-  {....}}           % within tables
   \Css{\#TBL-\TableNo-\HRow- {....}}      % within rows
   \Css{\#TBL-\TableNo-\HCol  {....}}      % within columns
   \Css{\#TBL-\TableNo-\HRow-\HCol {....}} % within cells
   \Css{\#TBL-\TableNo-<i>g  {....}}       % column group; <i>

\Configure{enumerate}..............1
   Contribution into <ol>




                                         *
******************************************
) ("C:\Program Files\MiKTeX 2.9\tex/generic/tex4ht\infomml.4ht"
version 2019-03-18-15:25
******************************************
****** latex.4ht
******************************************
                                         *


stackrel
--------
Command line options for \Preamble

    stackrel-     configures the \stackrel commands into
                  <mglyph alt="\stackrel{...}{...}" /> elements

mfenced
-------

   \Configure{mfenced} ............... 2

   #1  source delimiter
   #2  target delimiter

   Request substitution of delimiters for the <mfenced> element




                                         *
******************************************
) ("C:\Program Files\MiKTeX 2.9\tex/generic/tex4ht\html4.4ht"
version 2020-01-24-14:39
--------------------------------------
--- Note --- For mini tocs immediately aftter the header use the command line o
ption `minitoc<'
--------------------------------------
--------------------------------------
--- Note --- for enumerated list elements with valued data, use the command lin
e option `enumerate+'
--------------------------------------
--------------------------------------
--- Note --- for enumerated list elements li's with value attributes, use the c
ommand line option `enumerate-'
--------------------------------------
--------------------------------------
--- Note --- for CSS2 code, use the command line option `css2'
--------------------------------------
--------------------------------------
--- Note --- for pictorial tabular, use the command line option `pic-tabular'
--------------------------------------
--------------------------------------
--- Note --- for bitmap fbox'es, use the command line option `pic-fbox'
--------------------------------------
--------------------------------------
--- Note --- for bitmap framebox'es, use the command line option `pic-framebox'

--------------------------------------
--------------------------------------
--- Note --- for inline footnotes use command line option `fn-in'
--------------------------------------
--------------------------------------
--- Note --- for width specifications of tabular p entries, use the `p-width' c
ommand line option or a configuration similar to \Configure{HColWidth}{\HCode{ 
style="width:\HColWidth"}}
--------------------------------------
) ("C:\Program Files\MiKTeX 2.9\tex/generic/tex4ht\unicode.4ht"
version 2019-12-28-14:40
) ("C:\Program Files\MiKTeX 2.9\tex/generic/tex4ht\mathml.4ht"
version 2019-12-30-14:10
) ("C:\Program Files\MiKTeX 2.9\tex/generic/tex4ht\html-mml.4ht"
version 2018-12-05-15:46
) ("C:\Program Files\MiKTeX 2.9\tex/generic/tex4ht\svg-option.4ht"
version 2018-12-30-09:33
) ("C:\Program Files\MiKTeX 2.9\tex/generic/tex4ht\infosvg.4ht"
version 2019-03-18-15:25
) ("C:\Program Files\MiKTeX 2.9\tex/generic/tex4ht\html5.4ht"
version 2019-11-21-13:36
)) ("C:\Program Files\MiKTeX 2.9\tex/generic/tex4ht\fontmath.4ht"
version 2018-11-06-15:55
("C:\Program Files\MiKTeX 2.9\tex/generic/tex4ht\info4ht.4ht"
version 2019-03-18-15:25
******************************************
****** fontmath.4ht
******************************************
                                         *


\Configure{mathbf}........................2
\Configure{mathit}........................2
\Configure{mathrm}........................2
\Configure{mathsf}........................2
\Configure{mathtt}........................2

  #1  before content
  #2  after content

\Configure{overbrace}.................3
\Configure{underbrace}................3



                                         *
******************************************
) ("C:\Program Files\MiKTeX 2.9\tex/generic/tex4ht\infoht4.4ht"
version 2019-03-18-15:25
) ("C:\Program Files\MiKTeX 2.9\tex/generic/tex4ht\infomml.4ht"
version 2019-03-18-15:25
) ("C:\Program Files\MiKTeX 2.9\tex/generic/tex4ht\html4.4ht"
version 2020-01-24-14:39
) ("C:\Program Files\MiKTeX 2.9\tex/generic/tex4ht\unicode.4ht"
version 2019-12-28-14:40
) ("C:\Program Files\MiKTeX 2.9\tex/generic/tex4ht\mathml.4ht"
version 2019-12-30-14:10
\tmp:bx=\box77
\openout6 = `test.mw.mw'.

[1

] (test.mw.mw)
\openout6 = `test.mw.mw'.

\openout6 = `test.mw.mw'.

\openout6 = `test.mw.mw'.

LaTeX Font Info:    Trying to load font information for U+msa on input line 139
3.
("C:\Program Files\MiKTeX 2.9\tex/latex/amsfonts\umsa.fd"
File: umsa.fd 2013/01/14 v3.01 AMS symbols A
)
LaTeX Font Info:    Trying to load font information for U+msb on input line 139
3.
("C:\Program Files\MiKTeX 2.9\tex/latex/amsfonts\umsb.fd"
File: umsb.fd 2013/01/14 v3.01 AMS symbols B
)
\openout6 = `test.mw.mw'.

[2] (test.mw.mw)
\openout6 = `test.mw.mw'.

\openout6 = `test.mw.mw'.

[3] (test.mw.mw)
\openout6 = `test.mw.mw'.

\openout6 = `test.mw.mw'.

[4] (test.mw.mw)
\openout6 = `test.mw.mw'.

\openout6 = `test.mw.mw'.

[5] (test.mw.mw)
\openout6 = `test.mw.mw'.

\openout6 = `test.mw.mw'.

[6] (test.mw.mw)
\openout6 = `test.mw.mw'.

\openout6 = `test.mw.mw'.

[7] (test.mw.mw)
\openout6 = `test.mw.mw'.

\openout6 = `test.mw.mw'.

[8] (test.mw.mw)
\openout6 = `test.mw.mw'.

\openout6 = `test.mw.mw'.

[9] (test.mw.mw)
\openout6 = `test.mw.mw'.

\openout6 = `test.mw.mw'.

[10] (test.mw.mw)
\openout6 = `test.mw.mw'.

\openout6 = `test.mw.mw'.

[11] (test.mw.mw)
\openout6 = `test.mw.mw'.

\openout6 = `test.mw.mw'.

[12] (test.mw.mw)
\openout6 = `test.mw.mw'.

\openout6 = `test.mw.mw'.

[13] (test.mw.mw)
\openout6 = `test.mw.mw'.

\openout6 = `test.mw.mw'.

[14] (test.mw.mw)
\openout6 = `test.mw.mw'.

\openout6 = `test.mw.mw'.

[15] (test.mw.mw)
\openout6 = `test.mw.mw'.

\openout6 = `test.mw.mw'.

[16] (test.mw.mw)
\openout6 = `test.mw.mw'.

\openout6 = `test.mw.mw'.

[17] (test.mw.mw)
\openout6 = `test.mw.mw'.

\openout6 = `test.mw.mw'.

[18] (test.mw.mw)
\openout6 = `test.mw.mw'.

\openout6 = `test.mw.mw'.

[19] (test.mw.mw)
\openout6 = `test.mw.mw'.

\openout6 = `test.mw.mw'.

[20] (test.mw.mw)
\openout6 = `test.mw.mw'.

\openout6 = `test.mw.mw'.

[21] (test.mw.mw)
\openout6 = `test.mw.mw'.

\openout6 = `test.mw.mw'.

[22] (test.mw.mw)
\openout6 = `test.mw.mw'.

\openout6 = `test.mw.mw'.

[23] (test.mw.mw)
\openout6 = `test.mw.mw'.

\openout6 = `test.mw.mw'.

[24] (test.mw.mw)
\openout6 = `test.mw.mw'.

\openout6 = `test.mw.mw'.

[25] (test.mw.mw)
\openout6 = `test.mw.mw'.

\openout6 = `test.mw.mw'.

[26] (test.mw.mw)
\openout6 = `test.mw.mw'.

\openout6 = `test.mw.mw'.

[27] (test.mw.mw)
\openout6 = `test.mw.mw'.

\openout6 = `test.mw.mw'.

[28] (test.mw.mw)
\openout6 = `test.mw.mw'.

\openout6 = `test.mw.mw'.

[29] (test.mw.mw)
\openout6 = `test.mw.mw'.

\openout6 = `test.mw.mw'.

[30] (test.mw.mw)
\openout6 = `test.mw.mw'.

\openout6 = `test.mw.mw'.

[31] (test.mw.mw)
\openout6 = `test.mw.mw'.

\openout6 = `test.mw.mw'.

[32] (test.mw.mw)
\openout6 = `test.mw.mw'.

\openout6 = `test.mw.mw'.

[33] (test.mw.mw)
\openout6 = `test.mw.mw'.

\openout6 = `test.mw.mw'.

[34] (test.mw.mw)
\openout6 = `test.mw.mw'.

\openout6 = `test.mw.mw'.

[35] (test.mw.mw)
\openout6 = `test.mw.mw'.

\openout6 = `test.mw.mw'.

[36] (test.mw.mw)
\openout6 = `test.mw.mw'.

\openout6 = `test.mw.mw'.

[37] (test.mw.mw)
\openout6 = `test.mw.mw'.

\openout6 = `test.mw.mw'.

[38] (test.mw.mw)
\openout6 = `test.mw.mw'.

\openout6 = `test.mw.mw'.

[39] (test.mw.mw)
\openout6 = `test.mw.mw'.

\openout6 = `test.mw.mw'.

[40] (test.mw.mw)
\openout6 = `test.mw.mw'.

\openout6 = `test.mw.mw'.

[41] (test.mw.mw)
\openout6 = `test.mw.mw'.

\openout6 = `test.mw.mw'.

[42] (test.mw.mw)
\openout6 = `test.mw.mw'.

\openout6 = `test.mw.mw'.

[43] (test.mw.mw)
\openout6 = `test.mw.mw'.

\openout6 = `test.mw.mw'.

[44] (test.mw.mw)
\openout6 = `test.mw.mw'.

\openout6 = `test.mw.mw'.

[45] (test.mw.mw)
\openout6 = `test.mw.mw'.

\openout6 = `test.mw.mw'.

[46] (test.mw.mw)
\openout6 = `test.mw.mw'.

\openout6 = `test.mw.mw'.

[47] (test.mw.mw)
\openout6 = `test.mw.mw'.

\openout6 = `test.mw.mw'.

[48] (test.mw.mw)
\openout6 = `test.mw.mw'.

--------------------------------------
--- Note --- for sources failing to produce clean mathml code, try the command 
line option `mathml-'
--------------------------------------
\openout6 = `test.mw.mw'.

[49] (test.mw.mw)
\openout6 = `test.mw.mw'.

\openout6 = `test.mw.mw'.

[50] (test.mw.mw)
\openout6 = `test.mw.mw'.

\openout6 = `test.mw.mw'.

[51] (test.mw.mw)
\openout6 = `test.mw.mw'.

\openout6 = `test.mw.mw'.

[52] (test.mw.mw)
\openout6 = `test.mw.mw'.

\openout6 = `test.mw.mw'.

[53] (test.mw.mw)
\openout6 = `test.mw.mw'.

) ("C:\Program Files\MiKTeX 2.9\tex/generic/tex4ht\html-mml.4ht"
version 2018-12-05-15:46
) ("C:\Program Files\MiKTeX 2.9\tex/generic/tex4ht\svg-option.4ht"
version 2018-12-30-09:33
) ("C:\Program Files\MiKTeX 2.9\tex/generic/tex4ht\infosvg.4ht"
version 2019-03-18-15:25
) ("C:\Program Files\MiKTeX 2.9\tex/generic/tex4ht\html5.4ht"
version 2019-11-21-13:36
)) ("C:\Program Files\MiKTeX 2.9\tex/generic/tex4ht\article.4ht"
--------------------------------------
--- Note ---  A script of the form 
tex '\def \filename{{%%1}{idx}{4dx}{ind}} \input idxmake.4ht' 
makeindex -o %%1.ind %%1.4dx 
in the env file, automatically calls to the revised makeindex 
command. An extra compilation of the source LaTeX file is required, 
to get the index correctly into the output.
--------------------------------------
("C:\Program Files\MiKTeX 2.9\tex/generic/tex4ht\info4ht.4ht"
version 2019-03-18-15:25
******************************************
****** article.4ht
******************************************
                                         *



Title Page
----------
\Configure{maketitle}.....................4

   #1 start of maketitle
   #2 end of maketitle
   #3 before title
   #4 after title

\Configure{thanks author date and}........8

   #1  before thanks
   #2  after thanks
   #3  before author
   #4  after author
   #5  before date
   #6  after date
   #7  representation of `and'
   #8  line breaks (= end of rows, for an embedded tabular environment)


Sectioning Commands
-------------------
\Configure{part}...................4
\Configure{section}................4
\Configure{subsection}.............4
\Configure{subsubsection}..........4
\Configure{paragraph}..............4
\Configure{subparagraph}...........4

   #1 before division
   #2 after division
   #3 before title
   #4 after title

\Configure{likepart}...............4
\Configure{likesection}............4
\Configure{likesubsection}.........4
\Configure{likesubsubsection}......4
\Configure{likeparagraph}..........4
\Configure{likesubparagraph}.......4

   starred versions of the sectioning commands

\Configure{endpart}................1
\Configure{endsection}.............1
\Configure{endsubsection}..........1
\Configure{endsubsubsection}.......1
\Configure{endparagraph}...........1
\Configure{endsubparagraph}........1
\Configure{endlikepart}............1
\Configure{endlikesection}.........1
\Configure{endlikesubsection}......1
\Configure{endlikesubsubsection}...1
\Configure{endlikeparagraph}.......1
\Configure{endlikesubparagraph}....1

   #1  a comma separated list specifying the end
       points for the configured logical unit

   e.g., \Configure{endsection}
              {likesection,chapter,likechapter,appendix,part,likepart}

\Configure{partTITLE+}
\Configure{sectionTITLE+}
\Configure{subsectionTITLE+}
\Configure{subsubsectionTITLE+}


   #1 an insertion just before the content of <TITLE>;

   The insertion overrides the one offered by \Configure{CutAtTITLE+}
   for the given section type (the `like' counterparts acn also be
   configured).

   If #1 is a one parametric macro, it gets the title content for
   an argument.



Bibliography
------------

\ConfigureList{thebibliography}......4

   #1   before list
   #2   after  list
   #3   before label
   #4   after label

   \DeleteMark   removes latex's label; to be placed at the end of #3
   \AnchorLabel  defines an anchor for \label in current item; to
                 be placed in #4

\Configure{cite}        see the
\Configure{bibitem}     latex section


Tables of Content
-----------------
\ConfigureToc

  lof, lot, appendix, chapter, likechapter, likeparagraph, likepart,
  likesection, likesubparagraph, likesubsection, likesubsubsection,
  paragraph, part, section, subparagraph, subsection, subsubsection,


\Configure{tableofcontents*}.......................1

    #1  A non-empty  parameter asks to implicitly introduce
        a \tableofcontents upon reaching the first sectioning
        command, if no \tableofcontents command is encountered
        earlier. The parameter assumes a colon-separated list
        of sectioning types to be included in the output
        of \tableofcontents.  Starred variants of sectioning
        types should be referenced with the `like' prefix.

        An empty parameter cancels earlier requests for implicit
        calls to \tableofcontents (e.g., embedded within requests
        to package options 1, 2, 3, 4)

   Example:

      \Configure{tableofcontents*}{part,likepart,%
           section,likesection,subsection,likesubsection}

\contentsname

   A LaTeX macro stating the title for a table of contents division.



Captions
--------

\Configure{caption}...............4

   #1   before number          #2    after number
   #3   before title           #4    after title

Indexes
-------


\Configure{theindex} ..........................9

     #1    before-env
     #2    after-env
     #3    before-item
     #4    after-item
     #5    before-subitem
     #6    after-subitem
     #7    before-subsubitem
     #8    after-subsubitem
     #9    at-indexspace

    Example:

       \Configure{theindex}
          {\HCode{<ul class="theindex">}\global\let\IndexSpace=\empty}
          {\HCode{</ul>}}
          {\HCode{<li \IndexSpace>}\global\let\IndexSpace=\empty}
                                         {\HCode{</li>\Hnewline}}
          {\HCode{<li>}\ \ \ \ }         {\HCode{</li>\Hnewline}}
          {\HCode{<li>}\ \ \ \ \ \ \ \ } {\HCode{</li>\Hnewline}}
          {\global\def\IndexSpace{class="indexspace"}}

       \Css{.indexspace{margin-top:1em;}}

    The links are indirectly requested in the idx files within
    \beforeentry macros. For instance, a file try.tex

       \documentclass{article}
          \makeindex
       \begin{document}

       \section{xx}

       \index{a1}  x
       \index{a2}  x
       \index{a2}  x
       \index{b1}  x
       \index{b2}  x
       \index{b3}  x

       \input \jobname.ind

       \end{document}

    produces a file try.idx of the form

       \beforeentry{try.html}{dx1-1001}{}
       \indexentry{a1}{1}
       \beforeentry{try.html}{dx1-1002}{}
       \indexentry{a2}{1}
       \beforeentry{try.html}{dx1-1003}{}
       \indexentry{a2}{1}
       \beforeentry{try.html}{dx1-1004}{}
       \indexentry{b1}{1}
       \beforeentry{try.html}{dx1-1005}{}
       \indexentry{b2}{1}
       \beforeentry{try.html}{dx1-1006}{}
       \indexentry{b3}{1}

    where each pair

        \beforeentry{A}{B}{}\indexetry{C}{D}

    represents an entry of the form

        \indexentry{\Link[A]{B}{}C\EndLink}{D}

    The makeindex utility ignores the \beforeentry records.  To compensate
    for that, one needs to pre-process the idx file which is introduced to
    the makeindex utility and/or post-process the output of the utility.

    A script consisting of two instructions similar to

      tex '\def\filename{{try}{idx}{4dx}{ind}} \input idxmake.4ht'
      makeindex -o try.ind try.4dx

    instead of

      makeindex -o try.ind try.idx

    should do the job.

    On some platforms, the quotation marks ' should be
    replaced by double quotation marks " or eliminated.

\Configure{makeindex} ..........................1

    The default setting, requests consecutive numbers for the
    pointers in the indexes.  The current command provides the
    means to configure the pointers to other values.

    Example: \Configure{makeindex}{Sec \arabic{section}}


Environments of article:
------------------------

  \ConfigureEnv{...}.........................4

   abstract
   description
   figure
   figure*
   quotation
   quote
   table
   table*
   thebibliography
   titlepage
   verse

Other Hooks
-----------
\Configure{listof}



                                         *
******************************************
) ("C:\Program Files\MiKTeX 2.9\tex/generic/tex4ht\infoht4.4ht"
version 2019-03-18-15:25
******************************************
****** article.4ht
******************************************
                                         *


Package options:

   1   cut-off document into pages at the \part level
   2   cut-off document into pages at the \section and higher levels
   3   cut-off document into pages at the \subsection and higher levels
   4   cut-off document into pages at the \subsubsection and higher levels

       The section of \tableofcontents  is created only
       if \contentsname is not empty

  Macros sensitive to edef commands in sectioning titles
  should be neutralize within \Configure{@TITLE}{....}


Wrapper for the Document
------------------------

   \Tag{TITLE+}......................1

   #1  Content submitted to the <TITLE> element of the leading
       web page.

   This instruction should be used at most once in a document.
   In particular, it shouldn't be used when the \maketitle command
   is present, since the latter command invokes this feature.




                                         *
******************************************
) ("C:\Program Files\MiKTeX 2.9\tex/generic/tex4ht\infomml.4ht"
version 2019-03-18-15:25
) ("C:\Program Files\MiKTeX 2.9\tex/generic/tex4ht\html4.4ht"
version 2020-01-24-14:39
--------------------------------------
--- Note --- for tocs without * entries, use command line option `notoc*'
--------------------------------------
--------------------------------------
--- Note --- for tocs without * entries, use command line option `notoc*'
--------------------------------------
--------------------------------------
--- Note --- for tocs without * entries, use command line option `notoc*'
--------------------------------------
--------------------------------------
--- Note --- to eliminate mini tables of contents, use the command line option 
`nominitoc'
--------------------------------------
--------------------------------------
--- Note --- to eliminate mini tables of contents, use the command line option 
`nominitoc'
--------------------------------------
--------------------------------------
--- Note --- for frames-like object-based table of contents, use the command li
ne option `obj-toc'
--------------------------------------
--------------------------------------
--- Note --- for files named derived from section titles, use the command line 
option `sec-filename'
--------------------------------------
--------------------------------------
--- Note --- for i-columns index, use the command line option `index=i' (e.g., 
index=2)
--------------------------------------
) ("C:\Program Files\MiKTeX 2.9\tex/generic/tex4ht\unicode.4ht"
version 2019-12-28-14:40
) ("C:\Program Files\MiKTeX 2.9\tex/generic/tex4ht\mathml.4ht"
version 2019-12-30-14:10
) ("C:\Program Files\MiKTeX 2.9\tex/generic/tex4ht\html-mml.4ht"
version 2018-12-05-15:46
) ("C:\Program Files\MiKTeX 2.9\tex/generic/tex4ht\svg-option.4ht"
version 2018-12-30-09:33
) ("C:\Program Files\MiKTeX 2.9\tex/generic/tex4ht\infosvg.4ht"
version 2019-03-18-15:25
) ("C:\Program Files\MiKTeX 2.9\tex/generic/tex4ht\html5.4ht"
version 2019-11-21-13:36
)) ("C:\Program Files\MiKTeX 2.9\tex/generic/tex4ht\inputenc.4ht"
version 2009-05-21-09:32
("C:\Program Files\MiKTeX 2.9\tex/generic/tex4ht\info4ht.4ht"
version 2019-03-18-15:25
) ("C:\Program Files\MiKTeX 2.9\tex/generic/tex4ht\infoht4.4ht"
version 2019-03-18-15:25
) ("C:\Program Files\MiKTeX 2.9\tex/generic/tex4ht\infomml.4ht"
version 2019-03-18-15:25
) ("C:\Program Files\MiKTeX 2.9\tex/generic/tex4ht\html4.4ht"
version 2020-01-24-14:39
) ("C:\Program Files\MiKTeX 2.9\tex/generic/tex4ht\unicode.4ht"
version 2019-12-28-14:40
) ("C:\Program Files\MiKTeX 2.9\tex/generic/tex4ht\mathml.4ht"
version 2019-12-30-14:10
) ("C:\Program Files\MiKTeX 2.9\tex/generic/tex4ht\html-mml.4ht"
version 2018-12-05-15:46
) ("C:\Program Files\MiKTeX 2.9\tex/generic/tex4ht\svg-option.4ht"
version 2018-12-30-09:33
) ("C:\Program Files\MiKTeX 2.9\tex/generic/tex4ht\infosvg.4ht"
version 2019-03-18-15:25
) ("C:\Program Files\MiKTeX 2.9\tex/generic/tex4ht\html5.4ht"
version 2019-11-21-13:36
)) ("C:\Program Files\MiKTeX 2.9\tex/generic/tex4ht\utf8.4ht"
version 2009-05-21-09:32
("C:\Program Files\MiKTeX 2.9\tex/generic/tex4ht\info4ht.4ht"
version 2019-03-18-15:25
) ("C:\Program Files\MiKTeX 2.9\tex/generic/tex4ht\infoht4.4ht"
version 2019-03-18-15:25
) ("C:\Program Files\MiKTeX 2.9\tex/generic/tex4ht\infomml.4ht"
version 2019-03-18-15:25
) ("C:\Program Files\MiKTeX 2.9\tex/generic/tex4ht\html4.4ht"
version 2020-01-24-14:39
) ("C:\Program Files\MiKTeX 2.9\tex/generic/tex4ht\unicode.4ht"
version 2019-12-28-14:40
) ("C:\Program Files\MiKTeX 2.9\tex/generic/tex4ht\mathml.4ht"
version 2019-12-30-14:10
) ("C:\Program Files\MiKTeX 2.9\tex/generic/tex4ht\html-mml.4ht"
version 2018-12-05-15:46
) ("C:\Program Files\MiKTeX 2.9\tex/generic/tex4ht\svg-option.4ht"
version 2018-12-30-09:33
) ("C:\Program Files\MiKTeX 2.9\tex/generic/tex4ht\infosvg.4ht"
version 2019-03-18-15:25
) ("C:\Program Files\MiKTeX 2.9\tex/generic/tex4ht\html5.4ht"
version 2019-11-21-13:36
)) ("C:\Program Files\MiKTeX 2.9\tex/generic/tex4ht\babel.4ht" ("C:\Program Fil
es\MiKTeX 2.9\tex/generic/tex4ht\info4ht.4ht"
version 2019-03-18-15:25
******************************************
****** babel.4ht
******************************************
                                         *


\Configure{accent}
\Configure{quotedblbase}
\Configure{quotesinglbase}




                                         *
******************************************
) ("C:\Program Files\MiKTeX 2.9\tex/generic/tex4ht\infoht4.4ht"
version 2019-03-18-15:25
) ("C:\Program Files\MiKTeX 2.9\tex/generic/tex4ht\infomml.4ht"
version 2019-03-18-15:25
) ("C:\Program Files\MiKTeX 2.9\tex/generic/tex4ht\html4.4ht"
version 2020-01-24-14:39
) ("C:\Program Files\MiKTeX 2.9\tex/generic/tex4ht\unicode.4ht"
version 2019-12-28-14:40
) ("C:\Program Files\MiKTeX 2.9\tex/generic/tex4ht\mathml.4ht"
version 2019-12-30-14:10
) ("C:\Program Files\MiKTeX 2.9\tex/generic/tex4ht\html-mml.4ht"
version 2018-12-05-15:46
) ("C:\Program Files\MiKTeX 2.9\tex/generic/tex4ht\svg-option.4ht"
version 2018-12-30-09:33
) ("C:\Program Files\MiKTeX 2.9\tex/generic/tex4ht\infosvg.4ht"
version 2019-03-18-15:25
) ("C:\Program Files\MiKTeX 2.9\tex/generic/tex4ht\html5.4ht"
version 2019-11-21-13:36
)) ("C:\Program Files\MiKTeX 2.9\tex/generic/tex4ht\spanish.4ht"
version 2015-02-17-15:57
("C:\Program Files\MiKTeX 2.9\tex/generic/tex4ht\info4ht.4ht"
version 2019-03-18-15:25
) ("C:\Program Files\MiKTeX 2.9\tex/generic/tex4ht\infoht4.4ht"
version 2019-03-18-15:25
) ("C:\Program Files\MiKTeX 2.9\tex/generic/tex4ht\infomml.4ht"
version 2019-03-18-15:25
) ("C:\Program Files\MiKTeX 2.9\tex/generic/tex4ht\html4.4ht"
version 2020-01-24-14:39
) ("C:\Program Files\MiKTeX 2.9\tex/generic/tex4ht\unicode.4ht"
version 2019-12-28-14:40
) ("C:\Program Files\MiKTeX 2.9\tex/generic/tex4ht\mathml.4ht"
version 2019-12-30-14:10
) ("C:\Program Files\MiKTeX 2.9\tex/generic/tex4ht\html-mml.4ht"
version 2018-12-05-15:46
) ("C:\Program Files\MiKTeX 2.9\tex/generic/tex4ht\svg-option.4ht"
version 2018-12-30-09:33
) ("C:\Program Files\MiKTeX 2.9\tex/generic/tex4ht\infosvg.4ht"
version 2019-03-18-15:25
) ("C:\Program Files\MiKTeX 2.9\tex/generic/tex4ht\html5.4ht"
version 2019-11-21-13:36
)) (C:/Users/Beatriz/Desktop/MikTeX_Local\tex/latex/solutions\solutions.4ht
\c@SolutionCollapsible=\count330
) ("C:\Program Files\MiKTeX 2.9\tex/generic/tex4ht\pgf.4ht"
version 2009-05-21-09:32
("C:\Program Files\MiKTeX 2.9\tex/generic/tex4ht\info4ht.4ht"
version 2019-03-18-15:25
) ("C:\Program Files\MiKTeX 2.9\tex/generic/tex4ht\infoht4.4ht"
version 2019-03-18-15:25
) ("C:\Program Files\MiKTeX 2.9\tex/generic/tex4ht\infomml.4ht"
version 2019-03-18-15:25
) ("C:\Program Files\MiKTeX 2.9\tex/generic/tex4ht\html4.4ht"
version 2020-01-24-14:39
) ("C:\Program Files\MiKTeX 2.9\tex/generic/tex4ht\unicode.4ht"
version 2019-12-28-14:40
) ("C:\Program Files\MiKTeX 2.9\tex/generic/tex4ht\mathml.4ht"
version 2019-12-30-14:10
) ("C:\Program Files\MiKTeX 2.9\tex/generic/tex4ht\html-mml.4ht"
version 2018-12-05-15:46
) ("C:\Program Files\MiKTeX 2.9\tex/generic/tex4ht\svg-option.4ht"
version 2018-12-30-09:33
) ("C:\Program Files\MiKTeX 2.9\tex/generic/tex4ht\infosvg.4ht"
version 2019-03-18-15:25
) ("C:\Program Files\MiKTeX 2.9\tex/generic/tex4ht\html5.4ht"
version 2019-11-21-13:36
)) ("C:\Program Files\MiKTeX 2.9\tex/generic/tex4ht\everyshi.4ht"
version 2009-05-21-09:32
("C:\Program Files\MiKTeX 2.9\tex/generic/tex4ht\info4ht.4ht"
version 2019-03-18-15:25
) ("C:\Program Files\MiKTeX 2.9\tex/generic/tex4ht\infoht4.4ht"
version 2019-03-18-15:25
) ("C:\Program Files\MiKTeX 2.9\tex/generic/tex4ht\infomml.4ht"
version 2019-03-18-15:25
) ("C:\Program Files\MiKTeX 2.9\tex/generic/tex4ht\html4.4ht"
version 2020-01-24-14:39
) ("C:\Program Files\MiKTeX 2.9\tex/generic/tex4ht\unicode.4ht"
version 2019-12-28-14:40
) ("C:\Program Files\MiKTeX 2.9\tex/generic/tex4ht\mathml.4ht"
version 2019-12-30-14:10
) ("C:\Program Files\MiKTeX 2.9\tex/generic/tex4ht\html-mml.4ht"
version 2018-12-05-15:46
) ("C:\Program Files\MiKTeX 2.9\tex/generic/tex4ht\svg-option.4ht"
version 2018-12-30-09:33
) ("C:\Program Files\MiKTeX 2.9\tex/generic/tex4ht\infosvg.4ht"
version 2019-03-18-15:25
) ("C:\Program Files\MiKTeX 2.9\tex/generic/tex4ht\html5.4ht"
version 2019-11-21-13:36
)) ("C:\Program Files\MiKTeX 2.9\tex/generic/tex4ht\graphicx.4ht"
version 2018-10-01-14:24
("C:\Program Files\MiKTeX 2.9\tex/generic/tex4ht\info4ht.4ht"
version 2019-03-18-15:25
) ("C:\Program Files\MiKTeX 2.9\tex/generic/tex4ht\infoht4.4ht"
version 2019-03-18-15:25
) ("C:\Program Files\MiKTeX 2.9\tex/generic/tex4ht\infomml.4ht"
version 2019-03-18-15:25
) ("C:\Program Files\MiKTeX 2.9\tex/generic/tex4ht\html4.4ht"
version 2020-01-24-14:39
) ("C:\Program Files\MiKTeX 2.9\tex/generic/tex4ht\unicode.4ht"
version 2019-12-28-14:40
) ("C:\Program Files\MiKTeX 2.9\tex/generic/tex4ht\mathml.4ht"
version 2019-12-30-14:10
) ("C:\Program Files\MiKTeX 2.9\tex/generic/tex4ht\html-mml.4ht"
version 2018-12-05-15:46
) ("C:\Program Files\MiKTeX 2.9\tex/generic/tex4ht\svg-option.4ht"
version 2018-12-30-09:33
) ("C:\Program Files\MiKTeX 2.9\tex/generic/tex4ht\infosvg.4ht"
version 2019-03-18-15:25
) ("C:\Program Files\MiKTeX 2.9\tex/generic/tex4ht\html5.4ht"
version 2019-11-21-13:36
)) ("C:\Program Files\MiKTeX 2.9\tex/generic/tex4ht\graphics.4ht" ("C:\Program 
Files\MiKTeX 2.9\tex/generic/tex4ht\info4ht.4ht"
version 2019-03-18-15:25
******************************************
****** graphics.4ht
******************************************
                                         *


\Configure{graphics}...............2

    #1  before \includegraphics
    #2  after \includegraphics


    Examples:

       \Configure{graphics}
          {\Picture+[PIC]{ class="graphics"}}
          {\EndPicture }

       \Configure{graphics}
         {\bgroup
             \Configure{IMG}
                {\ht:special{t4ht=<img src="}}
                {\ht:special{t4ht=" alt="}}
                {" }
                {\ht:special{t4ht=" }}
                {}%
          \Picture+[PIC]{}}
         {\EndPicture
             \def\temp{.pstex}\expandafter\ifx
                              \csname Gin@ext\endcsname\temp
                                         \HCode{ width="75\%" }\fi
             \HCode{ />}%
          \egroup}


\Configure{graphics*}..............2

    #1  extension name
    #2  insertion

    \Gin@base (file name), \Gin@ext, \Gin@req@width, \Gin@req@height,
    \noBoundingBox (defined iff bounding box is unknown)

    Allows to configure tex4ht for graphics files named in
    the \includegraphics macro, based on the type of the files.

    An empty insertion #2 cancels previous requests for the
    specified extension.

    Example:

       \Configure{graphics*}
         {jpg}
         {\Picture[pict]{\csname Gin@base\endcsname.jpg}}

       \Configure{graphics*}
         {wmf}
         {\Needs{"convert \csname Gin@base\endcsname.wmf
                          \csname Gin@base\endcsname.gif"}%
          \Picture[pict]{\csname Gin@base\endcsname.gif
                      width="\expandafter\the\csname
                                Gin@req@width\endcsname"
                     height="\expandafter\the\csname
                                Gin@req@height\endcsname"}%
         }

       \Configure{graphics*}
         {eps}
         {\openin15=\csname Gin@base\endcsname\PictExt\relax
          \ifeof15
             \Needs{"convert \csname Gin@base\endcsname.eps
                             \csname Gin@base\endcsname\PictExt"}%
          \fi
          \closein15
          \Picture[pict]{\csname Gin@base\endcsname\PictExt}%
         }

  Note: Arguments of the \includegraphics command such as angle and
    scale in

       \includegraphics[angle=-90,scale=0.5]{fig.eps}

    are not known to the given figure (e.g., to fig.eps). To be
    taken into account, the scripts should handle the transformations
    they request (e.g., in \csname Grot@angle\endcsname,
    \csname Gscale@x\endcsname, \csname Gscale@y\endcsname)



                                         *
******************************************
) ("C:\Program Files\MiKTeX 2.9\tex/generic/tex4ht\infoht4.4ht"
version 2019-03-18-15:25
) ("C:\Program Files\MiKTeX 2.9\tex/generic/tex4ht\infomml.4ht"
version 2019-03-18-15:25
) ("C:\Program Files\MiKTeX 2.9\tex/generic/tex4ht\html4.4ht"
version 2020-01-24-14:39
--------------------------------------
--- Note --- if included graphics are of degraded quality, try the command line
 options `graphics-num' or `graphics-'. The `num' should provide the density of
 pixels in the bitmaps (e.g., 110). 
--------------------------------------
--------------------------------------
--- Note --- for key dimensions try the option `Gin-dim'; for key dimensions wh
en bounding box is unavailable try `Gin-dim+'; neither is recommended
--------------------------------------
) ("C:\Program Files\MiKTeX 2.9\tex/generic/tex4ht\unicode.4ht"
version 2019-12-28-14:40
) ("C:\Program Files\MiKTeX 2.9\tex/generic/tex4ht\mathml.4ht"
version 2019-12-30-14:10
) ("C:\Program Files\MiKTeX 2.9\tex/generic/tex4ht\html-mml.4ht"
version 2018-12-05-15:46
) ("C:\Program Files\MiKTeX 2.9\tex/generic/tex4ht\svg-option.4ht"
version 2018-12-30-09:33
) ("C:\Program Files\MiKTeX 2.9\tex/generic/tex4ht\infosvg.4ht"
version 2019-03-18-15:25
) ("C:\Program Files\MiKTeX 2.9\tex/generic/tex4ht\html5.4ht"
version 2019-11-21-13:36
)) ("C:\Program Files\MiKTeX 2.9\tex/generic/tex4ht\dvips.4ht"
version 2009-05-21-09:32
("C:\Program Files\MiKTeX 2.9\tex/generic/tex4ht\info4ht.4ht"
version 2019-03-18-15:25
) ("C:\Program Files\MiKTeX 2.9\tex/generic/tex4ht\infoht4.4ht"
version 2019-03-18-15:25
) ("C:\Program Files\MiKTeX 2.9\tex/generic/tex4ht\infomml.4ht"
version 2019-03-18-15:25
) ("C:\Program Files\MiKTeX 2.9\tex/generic/tex4ht\html4.4ht"
version 2020-01-24-14:39
) ("C:\Program Files\MiKTeX 2.9\tex/generic/tex4ht\unicode.4ht"
version 2019-12-28-14:40
) ("C:\Program Files\MiKTeX 2.9\tex/generic/tex4ht\mathml.4ht"
version 2019-12-30-14:10
) ("C:\Program Files\MiKTeX 2.9\tex/generic/tex4ht\html-mml.4ht"
version 2018-12-05-15:46
) ("C:\Program Files\MiKTeX 2.9\tex/generic/tex4ht\svg-option.4ht"
version 2018-12-30-09:33
) ("C:\Program Files\MiKTeX 2.9\tex/generic/tex4ht\infosvg.4ht"
version 2019-03-18-15:25
) ("C:\Program Files\MiKTeX 2.9\tex/generic/tex4ht\html5.4ht"
version 2019-11-21-13:36
)) ("C:\Program Files\MiKTeX 2.9\tex/generic/tex4ht\xcolor.4ht"
version 2019-04-09-10:06
("C:\Program Files\MiKTeX 2.9\tex/generic/tex4ht\color.4ht" ("C:\Program Files\
MiKTeX 2.9\tex/generic/tex4ht\info4ht.4ht"
version 2019-03-18-15:25
******************************************
****** color.4ht
******************************************
                                         *


\Configure{HColor}......................2

      #1 color name
      #2 color value

  Examples:  \Configure{HColor}{blue}{\#0000FF}
             \Configure{HColor}{light}{rgb(122,251,255)}

\Configure{colorbox}
\Configure{color}
\Configure{textcolor}




                                         *
******************************************
) ("C:\Program Files\MiKTeX 2.9\tex/generic/tex4ht\infoht4.4ht"
version 2019-03-18-15:25
) ("C:\Program Files\MiKTeX 2.9\tex/generic/tex4ht\infomml.4ht"
version 2019-03-18-15:25
) ("C:\Program Files\MiKTeX 2.9\tex/generic/tex4ht\html4.4ht"
version 2020-01-24-14:39
) ("C:\Program Files\MiKTeX 2.9\tex/generic/tex4ht\unicode.4ht"
version 2019-12-28-14:40
) ("C:\Program Files\MiKTeX 2.9\tex/generic/tex4ht\mathml.4ht"
version 2019-12-30-14:10
) ("C:\Program Files\MiKTeX 2.9\tex/generic/tex4ht\html-mml.4ht"
version 2018-12-05-15:46
) ("C:\Program Files\MiKTeX 2.9\tex/generic/tex4ht\svg-option.4ht"
version 2018-12-30-09:33
) ("C:\Program Files\MiKTeX 2.9\tex/generic/tex4ht\infosvg.4ht"
version 2019-03-18-15:25
) ("C:\Program Files\MiKTeX 2.9\tex/generic/tex4ht\html5.4ht"
version 2019-11-21-13:36
)) ("C:\Program Files\MiKTeX 2.9\tex/generic/tex4ht\info4ht.4ht"
version 2019-03-18-15:25
) ("C:\Program Files\MiKTeX 2.9\tex/generic/tex4ht\infoht4.4ht"
version 2019-03-18-15:25
) ("C:\Program Files\MiKTeX 2.9\tex/generic/tex4ht\infomml.4ht"
version 2019-03-18-15:25
) ("C:\Program Files\MiKTeX 2.9\tex/generic/tex4ht\html4.4ht"
version 2020-01-24-14:39
) ("C:\Program Files\MiKTeX 2.9\tex/generic/tex4ht\unicode.4ht"
version 2019-12-28-14:40
) ("C:\Program Files\MiKTeX 2.9\tex/generic/tex4ht\mathml.4ht"
version 2019-12-30-14:10
) ("C:\Program Files\MiKTeX 2.9\tex/generic/tex4ht\html-mml.4ht"
version 2018-12-05-15:46
) ("C:\Program Files\MiKTeX 2.9\tex/generic/tex4ht\svg-option.4ht"
version 2018-12-30-09:33
) ("C:\Program Files\MiKTeX 2.9\tex/generic/tex4ht\infosvg.4ht"
version 2019-03-18-15:25
) ("C:\Program Files\MiKTeX 2.9\tex/generic/tex4ht\html5.4ht"
version 2019-11-21-13:36
)) ("C:\Program Files\MiKTeX 2.9\tex/generic/tex4ht\color.4ht") ("C:\Program Fi
les\MiKTeX 2.9\tex/generic/tex4ht\verbatim.4ht"
version 2009-05-21-09:32
("C:\Program Files\MiKTeX 2.9\tex/generic/tex4ht\info4ht.4ht"
version 2019-03-18-15:25
) ("C:\Program Files\MiKTeX 2.9\tex/generic/tex4ht\infoht4.4ht"
version 2019-03-18-15:25
) ("C:\Program Files\MiKTeX 2.9\tex/generic/tex4ht\infomml.4ht"
version 2019-03-18-15:25
) ("C:\Program Files\MiKTeX 2.9\tex/generic/tex4ht\html4.4ht"
version 2020-01-24-14:39
) ("C:\Program Files\MiKTeX 2.9\tex/generic/tex4ht\unicode.4ht"
version 2019-12-28-14:40
) ("C:\Program Files\MiKTeX 2.9\tex/generic/tex4ht\mathml.4ht"
version 2019-12-30-14:10
) ("C:\Program Files\MiKTeX 2.9\tex/generic/tex4ht\html-mml.4ht"
version 2018-12-05-15:46
) ("C:\Program Files\MiKTeX 2.9\tex/generic/tex4ht\svg-option.4ht"
version 2018-12-30-09:33
) ("C:\Program Files\MiKTeX 2.9\tex/generic/tex4ht\infosvg.4ht"
version 2019-03-18-15:25
) ("C:\Program Files\MiKTeX 2.9\tex/generic/tex4ht\html5.4ht"
version 2019-11-21-13:36
)) ("C:\Program Files\MiKTeX 2.9\tex/generic/tex4ht\listings.4ht"
version 2019-12-19-14:27
("C:\Program Files\MiKTeX 2.9\tex/generic/tex4ht\info4ht.4ht"
version 2019-03-18-15:25
******************************************
****** listings.4ht
******************************************
                                         *


\Configure{lst@Kerm}...........................2

   #1  width of character
   #2  width of inter character space

   In LaTeX, Default: \Configure{lst@Kern}{0.499em}{0.1em}

\Configure{listings}...........................4

     #1 start environment
     #2 end environment
     #3 before line label
     #4 between line label and content

\Configure{lstinputlisting}....................2
\Configure{lstinline}..........................2

     #1 start environment
     #2 end environment



                                         *
******************************************
) ("C:\Program Files\MiKTeX 2.9\tex/generic/tex4ht\infoht4.4ht"
version 2019-03-18-15:25
) ("C:\Program Files\MiKTeX 2.9\tex/generic/tex4ht\infomml.4ht"
version 2019-03-18-15:25
) ("C:\Program Files\MiKTeX 2.9\tex/generic/tex4ht\html4.4ht"
version 2020-01-24-14:39
--------------------------------------
--- Note --- to ensure proper alignments use fixed size fonts (see listings.dtx
)
--------------------------------------
) ("C:\Program Files\MiKTeX 2.9\tex/generic/tex4ht\unicode.4ht"
version 2019-12-28-14:40
) ("C:\Program Files\MiKTeX 2.9\tex/generic/tex4ht\mathml.4ht"
version 2019-12-30-14:10
) ("C:\Program Files\MiKTeX 2.9\tex/generic/tex4ht\html-mml.4ht"
version 2018-12-05-15:46
) ("C:\Program Files\MiKTeX 2.9\tex/generic/tex4ht\svg-option.4ht"
version 2018-12-30-09:33
) ("C:\Program Files\MiKTeX 2.9\tex/generic/tex4ht\infosvg.4ht"
version 2019-03-18-15:25
) ("C:\Program Files\MiKTeX 2.9\tex/generic/tex4ht\html5.4ht"
version 2019-11-21-13:36
)) ("C:\Program Files\MiKTeX 2.9\tex/generic/tex4ht\pifont.4ht"
version 2009-05-21-09:32
("C:\Program Files\MiKTeX 2.9\tex/generic/tex4ht\info4ht.4ht"
version 2019-03-18-15:25
) ("C:\Program Files\MiKTeX 2.9\tex/generic/tex4ht\infoht4.4ht"
version 2019-03-18-15:25
) ("C:\Program Files\MiKTeX 2.9\tex/generic/tex4ht\infomml.4ht"
version 2019-03-18-15:25
) ("C:\Program Files\MiKTeX 2.9\tex/generic/tex4ht\html4.4ht"
version 2020-01-24-14:39
) ("C:\Program Files\MiKTeX 2.9\tex/generic/tex4ht\unicode.4ht"
version 2019-12-28-14:40
) ("C:\Program Files\MiKTeX 2.9\tex/generic/tex4ht\mathml.4ht"
version 2019-12-30-14:10
) ("C:\Program Files\MiKTeX 2.9\tex/generic/tex4ht\html-mml.4ht"
version 2018-12-05-15:46
) ("C:\Program Files\MiKTeX 2.9\tex/generic/tex4ht\svg-option.4ht"
version 2018-12-30-09:33
) ("C:\Program Files\MiKTeX 2.9\tex/generic/tex4ht\infosvg.4ht"
version 2019-03-18-15:25
) ("C:\Program Files\MiKTeX 2.9\tex/generic/tex4ht\html5.4ht"
version 2019-11-21-13:36
)) ("C:\Program Files\MiKTeX 2.9\tex/generic/tex4ht\amsthm.4ht"
version 2009-05-21-09:32
("C:\Program Files\MiKTeX 2.9\tex/generic/tex4ht\info4ht.4ht"
version 2019-03-18-15:25
******************************************
****** amsthm.4ht
******************************************
                                         *


Environments of amsthm:

   proof



                                         *
******************************************
) ("C:\Program Files\MiKTeX 2.9\tex/generic/tex4ht\infoht4.4ht"
version 2019-03-18-15:25
) ("C:\Program Files\MiKTeX 2.9\tex/generic/tex4ht\infomml.4ht"
version 2019-03-18-15:25
) ("C:\Program Files\MiKTeX 2.9\tex/generic/tex4ht\html4.4ht"
version 2020-01-24-14:39
) ("C:\Program Files\MiKTeX 2.9\tex/generic/tex4ht\unicode.4ht"
version 2019-12-28-14:40
) ("C:\Program Files\MiKTeX 2.9\tex/generic/tex4ht\mathml.4ht"
version 2019-12-30-14:10
) ("C:\Program Files\MiKTeX 2.9\tex/generic/tex4ht\html-mml.4ht"
version 2018-12-05-15:46
) ("C:\Program Files\MiKTeX 2.9\tex/generic/tex4ht\svg-option.4ht"
version 2018-12-30-09:33
) ("C:\Program Files\MiKTeX 2.9\tex/generic/tex4ht\infosvg.4ht"
version 2019-03-18-15:25
) ("C:\Program Files\MiKTeX 2.9\tex/generic/tex4ht\html5.4ht"
version 2019-11-21-13:36
)) (C:/Users/Beatriz/Desktop/MikTeX_Local\tex/latex/choices\choices.4ht) ("C:\P
rogram Files\MiKTeX 2.9\tex/generic/tex4ht\amsmath.4ht"
version 2019-12-29-14:17
\tmp:muskip=\muskip18
("C:\Program Files\MiKTeX 2.9\tex/generic/tex4ht\info4ht.4ht"
version 2019-03-18-15:25
******************************************
****** amsmath.4ht
******************************************
                                         *


\Configure{tmspace}...................1

  \mathglue   amount of space in math units
  \textspace  amount of space in points

  Example:
    \Configure{tmspace}{\mskip\mathglue}


\Configure{boxed}.....................2
\Configure{equations}.................2
\Configure{equation}..................3
\Configure{gather*}...................6
\Configure{gather}....................6
\Configure{genfrac}...................6
\Configure{measure@}..................1
\Configure{multline*}.................4
\Configure{multline}..................6

    #5  before the label
    #6  after the label
\Configure{overset}...................2
\Configure{smallmatrix}...............6
\Configure{split}.....................6
\Configure{subarray}..................4
\Configure{substack}..................2
\Configure{underset}..................2
\Configure{xleftarrow}................2
\Configure{xrightarrow}...............2



                                         *
******************************************
) ("C:\Program Files\MiKTeX 2.9\tex/generic/tex4ht\infoht4.4ht"
version 2019-03-18-15:25
) ("C:\Program Files\MiKTeX 2.9\tex/generic/tex4ht\infomml.4ht"
version 2019-03-18-15:25
) ("C:\Program Files\MiKTeX 2.9\tex/generic/tex4ht\html4.4ht"
version 2020-01-24-14:39
) ("C:\Program Files\MiKTeX 2.9\tex/generic/tex4ht\unicode.4ht"
version 2019-12-28-14:40
) ("C:\Program Files\MiKTeX 2.9\tex/generic/tex4ht\mathml.4ht"
version 2019-12-30-14:10
) ("C:\Program Files\MiKTeX 2.9\tex/generic/tex4ht\html-mml.4ht"
version 2018-12-05-15:46
) ("C:\Program Files\MiKTeX 2.9\tex/generic/tex4ht\svg-option.4ht"
version 2018-12-30-09:33
) ("C:\Program Files\MiKTeX 2.9\tex/generic/tex4ht\infosvg.4ht"
version 2019-03-18-15:25
) ("C:\Program Files\MiKTeX 2.9\tex/generic/tex4ht\html5.4ht"
version 2019-11-21-13:36
)) ("C:\Program Files\MiKTeX 2.9\tex/generic/tex4ht\amstext.4ht"
version 2009-05-21-09:32
("C:\Program Files\MiKTeX 2.9\tex/generic/tex4ht\info4ht.4ht"
version 2019-03-18-15:25
) ("C:\Program Files\MiKTeX 2.9\tex/generic/tex4ht\infoht4.4ht"
version 2019-03-18-15:25
) ("C:\Program Files\MiKTeX 2.9\tex/generic/tex4ht\infomml.4ht"
version 2019-03-18-15:25
) ("C:\Program Files\MiKTeX 2.9\tex/generic/tex4ht\html4.4ht"
version 2020-01-24-14:39
) ("C:\Program Files\MiKTeX 2.9\tex/generic/tex4ht\unicode.4ht"
version 2019-12-28-14:40
) ("C:\Program Files\MiKTeX 2.9\tex/generic/tex4ht\mathml.4ht"
version 2019-12-30-14:10
) ("C:\Program Files\MiKTeX 2.9\tex/generic/tex4ht\html-mml.4ht"
version 2018-12-05-15:46
) ("C:\Program Files\MiKTeX 2.9\tex/generic/tex4ht\svg-option.4ht"
version 2018-12-30-09:33
) ("C:\Program Files\MiKTeX 2.9\tex/generic/tex4ht\infosvg.4ht"
version 2019-03-18-15:25
) ("C:\Program Files\MiKTeX 2.9\tex/generic/tex4ht\html5.4ht"
version 2019-11-21-13:36
)) ("C:\Program Files\MiKTeX 2.9\tex/generic/tex4ht\amsbsy.4ht"
version 2009-05-21-09:32
("C:\Program Files\MiKTeX 2.9\tex/generic/tex4ht\info4ht.4ht"
version 2019-03-18-15:25
) ("C:\Program Files\MiKTeX 2.9\tex/generic/tex4ht\infoht4.4ht"
version 2019-03-18-15:25
) ("C:\Program Files\MiKTeX 2.9\tex/generic/tex4ht\infomml.4ht"
version 2019-03-18-15:25
) ("C:\Program Files\MiKTeX 2.9\tex/generic/tex4ht\html4.4ht"
version 2020-01-24-14:39
) ("C:\Program Files\MiKTeX 2.9\tex/generic/tex4ht\unicode.4ht"
version 2019-12-28-14:40
) ("C:\Program Files\MiKTeX 2.9\tex/generic/tex4ht\mathml.4ht"
version 2019-12-30-14:10
) ("C:\Program Files\MiKTeX 2.9\tex/generic/tex4ht\html-mml.4ht"
version 2018-12-05-15:46
) ("C:\Program Files\MiKTeX 2.9\tex/generic/tex4ht\svg-option.4ht"
version 2018-12-30-09:33
) ("C:\Program Files\MiKTeX 2.9\tex/generic/tex4ht\infosvg.4ht"
version 2019-03-18-15:25
) ("C:\Program Files\MiKTeX 2.9\tex/generic/tex4ht\html5.4ht"
version 2019-11-21-13:36
)) ("C:\Program Files\MiKTeX 2.9\tex/generic/tex4ht\amsopn.4ht"
version 2009-05-21-09:32
("C:\Program Files\MiKTeX 2.9\tex/generic/tex4ht\info4ht.4ht"
version 2019-03-18-15:25
) ("C:\Program Files\MiKTeX 2.9\tex/generic/tex4ht\infoht4.4ht"
version 2019-03-18-15:25
) ("C:\Program Files\MiKTeX 2.9\tex/generic/tex4ht\infomml.4ht"
version 2019-03-18-15:25
) ("C:\Program Files\MiKTeX 2.9\tex/generic/tex4ht\html4.4ht"
version 2020-01-24-14:39
) ("C:\Program Files\MiKTeX 2.9\tex/generic/tex4ht\unicode.4ht"
version 2019-12-28-14:40
) ("C:\Program Files\MiKTeX 2.9\tex/generic/tex4ht\mathml.4ht"
version 2019-12-30-14:10
) ("C:\Program Files\MiKTeX 2.9\tex/generic/tex4ht\html-mml.4ht"
version 2018-12-05-15:46
) ("C:\Program Files\MiKTeX 2.9\tex/generic/tex4ht\svg-option.4ht"
version 2018-12-30-09:33
) ("C:\Program Files\MiKTeX 2.9\tex/generic/tex4ht\infosvg.4ht"
version 2019-03-18-15:25
) ("C:\Program Files\MiKTeX 2.9\tex/generic/tex4ht\html5.4ht"
version 2019-11-21-13:36
)) ("C:\Program Files\MiKTeX 2.9\tex/generic/tex4ht\amssymb.4ht"
version 2009-05-21-09:32
("C:\Program Files\MiKTeX 2.9\tex/generic/tex4ht\info4ht.4ht"
version 2019-03-18-15:25
) ("C:\Program Files\MiKTeX 2.9\tex/generic/tex4ht\infoht4.4ht"
version 2019-03-18-15:25
) ("C:\Program Files\MiKTeX 2.9\tex/generic/tex4ht\infomml.4ht"
version 2019-03-18-15:25
) ("C:\Program Files\MiKTeX 2.9\tex/generic/tex4ht\html4.4ht"
version 2020-01-24-14:39
) ("C:\Program Files\MiKTeX 2.9\tex/generic/tex4ht\unicode.4ht"
version 2019-12-28-14:40
) ("C:\Program Files\MiKTeX 2.9\tex/generic/tex4ht\mathml.4ht"
version 2019-12-30-14:10
\openout6 = `test.mw.mw'.

[54] (test.mw.mw)
\openout6 = `test.mw.mw'.

\openout6 = `test.mw.mw'.

[55] (test.mw.mw)
\openout6 = `test.mw.mw'.

\openout6 = `test.mw.mw'.

[56] (test.mw.mw)
\openout6 = `test.mw.mw'.

\openout6 = `test.mw.mw'.

[57] (test.mw.mw)
\openout6 = `test.mw.mw'.

\openout6 = `test.mw.mw'.

[58] (test.mw.mw)
\openout6 = `test.mw.mw'.

\openout6 = `test.mw.mw'.

[59] (test.mw.mw)
\openout6 = `test.mw.mw'.

\openout6 = `test.mw.mw'.

[60] (test.mw.mw)
\openout6 = `test.mw.mw'.

\openout6 = `test.mw.mw'.

[61] (test.mw.mw)
\openout6 = `test.mw.mw'.

\openout6 = `test.mw.mw'.

[62] (test.mw.mw)
\openout6 = `test.mw.mw'.

\openout6 = `test.mw.mw'.

[63] (test.mw.mw)
\openout6 = `test.mw.mw'.

\openout6 = `test.mw.mw'.

[64] (test.mw.mw)
\openout6 = `test.mw.mw'.

\openout6 = `test.mw.mw'.

[65] (test.mw.mw)
\openout6 = `test.mw.mw'.

\openout6 = `test.mw.mw'.

[66] (test.mw.mw)
\openout6 = `test.mw.mw'.

\openout6 = `test.mw.mw'.

[67] (test.mw.mw)
\openout6 = `test.mw.mw'.

\openout6 = `test.mw.mw'.

[68] (test.mw.mw)
\openout6 = `test.mw.mw'.

\openout6 = `test.mw.mw'.

[69] (test.mw.mw)
\openout6 = `test.mw.mw'.

\openout6 = `test.mw.mw'.

[70] (test.mw.mw)
\openout6 = `test.mw.mw'.

\openout6 = `test.mw.mw'.

[71] (test.mw.mw)
\openout6 = `test.mw.mw'.

\openout6 = `test.mw.mw'.

[72] (test.mw.mw)
\openout6 = `test.mw.mw'.

\openout6 = `test.mw.mw'.

[73] (test.mw.mw)
\openout6 = `test.mw.mw'.

\openout6 = `test.mw.mw'.

[74] (test.mw.mw)
\openout6 = `test.mw.mw'.

\openout6 = `test.mw.mw'.

[75] (test.mw.mw)
\openout6 = `test.mw.mw'.

\openout6 = `test.mw.mw'.

[76] (test.mw.mw)
\openout6 = `test.mw.mw'.

\openout6 = `test.mw.mw'.

[77] (test.mw.mw)
\openout6 = `test.mw.mw'.

\openout6 = `test.mw.mw'.

[78] (test.mw.mw)
\openout6 = `test.mw.mw'.

\openout6 = `test.mw.mw'.

[79] (test.mw.mw)
\openout6 = `test.mw.mw'.

\openout6 = `test.mw.mw'.

[80] (test.mw.mw)
\openout6 = `test.mw.mw'.

\openout6 = `test.mw.mw'.

[81] (test.mw.mw)
\openout6 = `test.mw.mw'.

\openout6 = `test.mw.mw'.

[82] (test.mw.mw)
\openout6 = `test.mw.mw'.

\openout6 = `test.mw.mw'.

[83] (test.mw.mw)
\openout6 = `test.mw.mw'.

\openout6 = `test.mw.mw'.

[84] (test.mw.mw)
\openout6 = `test.mw.mw'.

\openout6 = `test.mw.mw'.

[85] (test.mw.mw)
\openout6 = `test.mw.mw'.

\openout6 = `test.mw.mw'.

[86] (test.mw.mw)
\openout6 = `test.mw.mw'.

\openout6 = `test.mw.mw'.

[87] (test.mw.mw)
\openout6 = `test.mw.mw'.

\openout6 = `test.mw.mw'.

[88] (test.mw.mw)
\openout6 = `test.mw.mw'.

\openout6 = `test.mw.mw'.

[89] (test.mw.mw)
\openout6 = `test.mw.mw'.

\openout6 = `test.mw.mw'.

[90] (test.mw.mw)
\openout6 = `test.mw.mw'.

\openout6 = `test.mw.mw'.

[91] (test.mw.mw)
\openout6 = `test.mw.mw'.

\openout6 = `test.mw.mw'.

[92] (test.mw.mw)
\openout6 = `test.mw.mw'.

\openout6 = `test.mw.mw'.

[93] (test.mw.mw)
\openout6 = `test.mw.mw'.

\openout6 = `test.mw.mw'.

[94] (test.mw.mw)
\openout6 = `test.mw.mw'.

\openout6 = `test.mw.mw'.

[95] (test.mw.mw)
\openout6 = `test.mw.mw'.

\openout6 = `test.mw.mw'.

[96] (test.mw.mw)
\openout6 = `test.mw.mw'.

\openout6 = `test.mw.mw'.

[97] (test.mw.mw)
\openout6 = `test.mw.mw'.

\openout6 = `test.mw.mw'.

[98] (test.mw.mw)
\openout6 = `test.mw.mw'.

\openout6 = `test.mw.mw'.

[99] (test.mw.mw)
\openout6 = `test.mw.mw'.

\openout6 = `test.mw.mw'.

[100] (test.mw.mw)
\openout6 = `test.mw.mw'.

\openout6 = `test.mw.mw'.

[101] (test.mw.mw)
\openout6 = `test.mw.mw'.

\openout6 = `test.mw.mw'.

[102] (test.mw.mw)
\openout6 = `test.mw.mw'.

\openout6 = `test.mw.mw'.

[103] (test.mw.mw)
\openout6 = `test.mw.mw'.

\openout6 = `test.mw.mw'.

[104] (test.mw.mw)
\openout6 = `test.mw.mw'.

\openout6 = `test.mw.mw'.

[105] (test.mw.mw)
\openout6 = `test.mw.mw'.

\openout6 = `test.mw.mw'.

[106] (test.mw.mw)
\openout6 = `test.mw.mw'.

\openout6 = `test.mw.mw'.

[107] (test.mw.mw)
\openout6 = `test.mw.mw'.

\openout6 = `test.mw.mw'.

[108] (test.mw.mw)
\openout6 = `test.mw.mw'.

\openout6 = `test.mw.mw'.

[109] (test.mw.mw)
\openout6 = `test.mw.mw'.

\openout6 = `test.mw.mw'.

[110] (test.mw.mw)
\openout6 = `test.mw.mw'.

\openout6 = `test.mw.mw'.

[111] (test.mw.mw)
\openout6 = `test.mw.mw'.

\openout6 = `test.mw.mw'.

[112] (test.mw.mw)
\openout6 = `test.mw.mw'.

\openout6 = `test.mw.mw'.

[113] (test.mw.mw)
\openout6 = `test.mw.mw'.

\openout6 = `test.mw.mw'.

[114] (test.mw.mw)
\openout6 = `test.mw.mw'.

\openout6 = `test.mw.mw'.

[115] (test.mw.mw)
\openout6 = `test.mw.mw'.

\openout6 = `test.mw.mw'.

[116] (test.mw.mw)
\openout6 = `test.mw.mw'.

\openout6 = `test.mw.mw'.

[117] (test.mw.mw)
\openout6 = `test.mw.mw'.

\openout6 = `test.mw.mw'.

[118] (test.mw.mw)
\openout6 = `test.mw.mw'.

\openout6 = `test.mw.mw'.

[119] (test.mw.mw)
\openout6 = `test.mw.mw'.

\openout6 = `test.mw.mw'.

[120] (test.mw.mw)
\openout6 = `test.mw.mw'.

\openout6 = `test.mw.mw'.

[121] (test.mw.mw)
\openout6 = `test.mw.mw'.

\openout6 = `test.mw.mw'.

[122] (test.mw.mw)
\openout6 = `test.mw.mw'.

\openout6 = `test.mw.mw'.

[123] (test.mw.mw)
\openout6 = `test.mw.mw'.

\openout6 = `test.mw.mw'.

[124] (test.mw.mw)
\openout6 = `test.mw.mw'.

\openout6 = `test.mw.mw'.

[125] (test.mw.mw)
\openout6 = `test.mw.mw'.

\openout6 = `test.mw.mw'.

[126] (test.mw.mw)
\openout6 = `test.mw.mw'.

\openout6 = `test.mw.mw'.

[127] (test.mw.mw)
\openout6 = `test.mw.mw'.

\openout6 = `test.mw.mw'.

[128] (test.mw.mw)
\openout6 = `test.mw.mw'.

\openout6 = `test.mw.mw'.

[129] (test.mw.mw)
\openout6 = `test.mw.mw'.

\openout6 = `test.mw.mw'.

[130] (test.mw.mw)
\openout6 = `test.mw.mw'.

\openout6 = `test.mw.mw'.

[131] (test.mw.mw)
\openout6 = `test.mw.mw'.

\openout6 = `test.mw.mw'.

[132] (test.mw.mw)
\openout6 = `test.mw.mw'.

\openout6 = `test.mw.mw'.

[133] (test.mw.mw)
\openout6 = `test.mw.mw'.

\openout6 = `test.mw.mw'.

[134] (test.mw.mw)
\openout6 = `test.mw.mw'.

\openout6 = `test.mw.mw'.

[135] (test.mw.mw)
\openout6 = `test.mw.mw'.

\openout6 = `test.mw.mw'.

[136] (test.mw.mw)
\openout6 = `test.mw.mw'.

\openout6 = `test.mw.mw'.

[137] (test.mw.mw)
\openout6 = `test.mw.mw'.

\openout6 = `test.mw.mw'.

[138] (test.mw.mw)
\openout6 = `test.mw.mw'.

\openout6 = `test.mw.mw'.

[139] (test.mw.mw)
\openout6 = `test.mw.mw'.

\openout6 = `test.mw.mw'.

[140] (test.mw.mw)
\openout6 = `test.mw.mw'.

\openout6 = `test.mw.mw'.

[141] (test.mw.mw)
\openout6 = `test.mw.mw'.

\openout6 = `test.mw.mw'.

[142] (test.mw.mw)
\openout6 = `test.mw.mw'.

\openout6 = `test.mw.mw'.

[143] (test.mw.mw)
\openout6 = `test.mw.mw'.

\openout6 = `test.mw.mw'.

[144] (test.mw.mw)
\openout6 = `test.mw.mw'.

\openout6 = `test.mw.mw'.

[145] (test.mw.mw)
\openout6 = `test.mw.mw'.

\openout6 = `test.mw.mw'.

[146] (test.mw.mw)
\openout6 = `test.mw.mw'.

\openout6 = `test.mw.mw'.

[147] (test.mw.mw)
\openout6 = `test.mw.mw'.

\openout6 = `test.mw.mw'.

[148] (test.mw.mw)
\openout6 = `test.mw.mw'.

\openout6 = `test.mw.mw'.

[149] (test.mw.mw)
\openout6 = `test.mw.mw'.

\openout6 = `test.mw.mw'.

[150] (test.mw.mw)
\openout6 = `test.mw.mw'.

\openout6 = `test.mw.mw'.

[151] (test.mw.mw)
\openout6 = `test.mw.mw'.

\openout6 = `test.mw.mw'.

[152] (test.mw.mw)
\openout6 = `test.mw.mw'.

\openout6 = `test.mw.mw'.

[153] (test.mw.mw)
\openout6 = `test.mw.mw'.

\openout6 = `test.mw.mw'.

[154] (test.mw.mw)
\openout6 = `test.mw.mw'.

\openout6 = `test.mw.mw'.

[155] (test.mw.mw)
\openout6 = `test.mw.mw'.

\openout6 = `test.mw.mw'.

[156] (test.mw.mw)
\openout6 = `test.mw.mw'.

\openout6 = `test.mw.mw'.

[157] (test.mw.mw)
\openout6 = `test.mw.mw'.

\openout6 = `test.mw.mw'.

[158] (test.mw.mw)
\openout6 = `test.mw.mw'.

\openout6 = `test.mw.mw'.

[159] (test.mw.mw)
\openout6 = `test.mw.mw'.

\openout6 = `test.mw.mw'.

[160] (test.mw.mw)
\openout6 = `test.mw.mw'.

\openout6 = `test.mw.mw'.

[161] (test.mw.mw)
\openout6 = `test.mw.mw'.

\openout6 = `test.mw.mw'.

[162] (test.mw.mw)
\openout6 = `test.mw.mw'.

\openout6 = `test.mw.mw'.

[163] (test.mw.mw)
\openout6 = `test.mw.mw'.

\openout6 = `test.mw.mw'.

[164] (test.mw.mw)
\openout6 = `test.mw.mw'.

\openout6 = `test.mw.mw'.

[165] (test.mw.mw)
\openout6 = `test.mw.mw'.

\openout6 = `test.mw.mw'.

[166] (test.mw.mw)
\openout6 = `test.mw.mw'.

\openout6 = `test.mw.mw'.

[167] (test.mw.mw)
\openout6 = `test.mw.mw'.

\openout6 = `test.mw.mw'.

[168] (test.mw.mw)
\openout6 = `test.mw.mw'.

\openout6 = `test.mw.mw'.

[169] (test.mw.mw)
\openout6 = `test.mw.mw'.

\openout6 = `test.mw.mw'.

[170] (test.mw.mw)
\openout6 = `test.mw.mw'.

\openout6 = `test.mw.mw'.

[171] (test.mw.mw)
\openout6 = `test.mw.mw'.

\openout6 = `test.mw.mw'.

[172] (test.mw.mw)
\openout6 = `test.mw.mw'.

\openout6 = `test.mw.mw'.

[173] (test.mw.mw)
\openout6 = `test.mw.mw'.

\openout6 = `test.mw.mw'.

[174] (test.mw.mw)
\openout6 = `test.mw.mw'.

\openout6 = `test.mw.mw'.

[175] (test.mw.mw)
\openout6 = `test.mw.mw'.

\openout6 = `test.mw.mw'.

[176] (test.mw.mw)
\openout6 = `test.mw.mw'.

\openout6 = `test.mw.mw'.

[177] (test.mw.mw)
\openout6 = `test.mw.mw'.

\openout6 = `test.mw.mw'.

[178] (test.mw.mw)
\openout6 = `test.mw.mw'.

\openout6 = `test.mw.mw'.

[179] (test.mw.mw)
\openout6 = `test.mw.mw'.

\openout6 = `test.mw.mw'.

[180] (test.mw.mw)
\openout6 = `test.mw.mw'.

\openout6 = `test.mw.mw'.

[181] (test.mw.mw)
\openout6 = `test.mw.mw'.

\openout6 = `test.mw.mw'.

[182] (test.mw.mw)
\openout6 = `test.mw.mw'.

\openout6 = `test.mw.mw'.

[183] (test.mw.mw)
\openout6 = `test.mw.mw'.

\openout6 = `test.mw.mw'.

[184] (test.mw.mw)
\openout6 = `test.mw.mw'.

\openout6 = `test.mw.mw'.

[185] (test.mw.mw)
\openout6 = `test.mw.mw'.

\openout6 = `test.mw.mw'.

[186] (test.mw.mw)
\openout6 = `test.mw.mw'.

\openout6 = `test.mw.mw'.

[187] (test.mw.mw)
\openout6 = `test.mw.mw'.

\openout6 = `test.mw.mw'.

[188] (test.mw.mw)
\openout6 = `test.mw.mw'.

\openout6 = `test.mw.mw'.

[189] (test.mw.mw)
\openout6 = `test.mw.mw'.

\openout6 = `test.mw.mw'.

[190] (test.mw.mw)
\openout6 = `test.mw.mw'.

\openout6 = `test.mw.mw'.

[191] (test.mw.mw)
\openout6 = `test.mw.mw'.

\openout6 = `test.mw.mw'.

[192] (test.mw.mw)
\openout6 = `test.mw.mw'.

\openout6 = `test.mw.mw'.

[193] (test.mw.mw)
\openout6 = `test.mw.mw'.

\openout6 = `test.mw.mw'.

[194] (test.mw.mw)
\openout6 = `test.mw.mw'.

\openout6 = `test.mw.mw'.

[195] (test.mw.mw)
\openout6 = `test.mw.mw'.

\openout6 = `test.mw.mw'.

[196] (test.mw.mw)
\openout6 = `test.mw.mw'.

\openout6 = `test.mw.mw'.

[197] (test.mw.mw)
\openout6 = `test.mw.mw'.

\openout6 = `test.mw.mw'.

[198] (test.mw.mw)
\openout6 = `test.mw.mw'.

\openout6 = `test.mw.mw'.

[199] (test.mw.mw)
\openout6 = `test.mw.mw'.

\openout6 = `test.mw.mw'.

[200] (test.mw.mw)
\openout6 = `test.mw.mw'.

\openout6 = `test.mw.mw'.

[201] (test.mw.mw)
\openout6 = `test.mw.mw'.

\openout6 = `test.mw.mw'.

[202] (test.mw.mw)
\openout6 = `test.mw.mw'.

\openout6 = `test.mw.mw'.

[203] (test.mw.mw)
\openout6 = `test.mw.mw'.

\openout6 = `test.mw.mw'.

[204] (test.mw.mw)
\openout6 = `test.mw.mw'.

\openout6 = `test.mw.mw'.

[205] (test.mw.mw)
\openout6 = `test.mw.mw'.

\openout6 = `test.mw.mw'.

[206] (test.mw.mw)
\openout6 = `test.mw.mw'.

\openout6 = `test.mw.mw'.

[207] (test.mw.mw)
\openout6 = `test.mw.mw'.

\openout6 = `test.mw.mw'.

[208] (test.mw.mw)
\openout6 = `test.mw.mw'.

\openout6 = `test.mw.mw'.

[209] (test.mw.mw)
\openout6 = `test.mw.mw'.

\openout6 = `test.mw.mw'.

[210] (test.mw.mw)
\openout6 = `test.mw.mw'.

\openout6 = `test.mw.mw'.

[211] (test.mw.mw)
\openout6 = `test.mw.mw'.

\openout6 = `test.mw.mw'.

[212] (test.mw.mw)
\openout6 = `test.mw.mw'.

\openout6 = `test.mw.mw'.

[213] (test.mw.mw)
\openout6 = `test.mw.mw'.

\openout6 = `test.mw.mw'.

[214] (test.mw.mw)
\openout6 = `test.mw.mw'.

\openout6 = `test.mw.mw'.

[215] (test.mw.mw)
\openout6 = `test.mw.mw'.

\openout6 = `test.mw.mw'.

[216] (test.mw.mw)
\openout6 = `test.mw.mw'.

\openout6 = `test.mw.mw'.

[217] (test.mw.mw)
\openout6 = `test.mw.mw'.

\openout6 = `test.mw.mw'.

[218] (test.mw.mw)
\openout6 = `test.mw.mw'.

\openout6 = `test.mw.mw'.

[219] (test.mw.mw)
\openout6 = `test.mw.mw'.

\openout6 = `test.mw.mw'.

[220] (test.mw.mw)
\openout6 = `test.mw.mw'.

\openout6 = `test.mw.mw'.

[221] (test.mw.mw)
\openout6 = `test.mw.mw'.

\openout6 = `test.mw.mw'.

[222] (test.mw.mw)
\openout6 = `test.mw.mw'.

\openout6 = `test.mw.mw'.

[223] (test.mw.mw)
\openout6 = `test.mw.mw'.

\openout6 = `test.mw.mw'.

[224] (test.mw.mw)
\openout6 = `test.mw.mw'.

\openout6 = `test.mw.mw'.

[225] (test.mw.mw)
\openout6 = `test.mw.mw'.

\openout6 = `test.mw.mw'.

[226] (test.mw.mw)
\openout6 = `test.mw.mw'.

\openout6 = `test.mw.mw'.

[227] (test.mw.mw)
\openout6 = `test.mw.mw'.

\openout6 = `test.mw.mw'.

[228] (test.mw.mw)
\openout6 = `test.mw.mw'.

\openout6 = `test.mw.mw'.

[229] (test.mw.mw)
\openout6 = `test.mw.mw'.

\openout6 = `test.mw.mw'.

[230] (test.mw.mw)
\openout6 = `test.mw.mw'.

\openout6 = `test.mw.mw'.

[231] (test.mw.mw)
\openout6 = `test.mw.mw'.

\openout6 = `test.mw.mw'.

[232] (test.mw.mw)
\openout6 = `test.mw.mw'.

\openout6 = `test.mw.mw'.

[233] (test.mw.mw)
\openout6 = `test.mw.mw'.

\openout6 = `test.mw.mw'.

[234] (test.mw.mw)
\openout6 = `test.mw.mw'.

\openout6 = `test.mw.mw'.

[235] (test.mw.mw)
\openout6 = `test.mw.mw'.

\openout6 = `test.mw.mw'.

[236] (test.mw.mw)
\openout6 = `test.mw.mw'.

\openout6 = `test.mw.mw'.

[237] (test.mw.mw)
\openout6 = `test.mw.mw'.

\openout6 = `test.mw.mw'.

[238] (test.mw.mw)
\openout6 = `test.mw.mw'.

\openout6 = `test.mw.mw'.

[239] (test.mw.mw)
\openout6 = `test.mw.mw'.

\openout6 = `test.mw.mw'.

[240] (test.mw.mw)
\openout6 = `test.mw.mw'.

\openout6 = `test.mw.mw'.

[241] (test.mw.mw)
\openout6 = `test.mw.mw'.

\openout6 = `test.mw.mw'.

[242] (test.mw.mw)
\openout6 = `test.mw.mw'.

\openout6 = `test.mw.mw'.

[243] (test.mw.mw)
\openout6 = `test.mw.mw'.

\openout6 = `test.mw.mw'.

[244] (test.mw.mw)
\openout6 = `test.mw.mw'.

\openout6 = `test.mw.mw'.

[245] (test.mw.mw)
\openout6 = `test.mw.mw'.

\openout6 = `test.mw.mw'.

[246] (test.mw.mw)
\openout6 = `test.mw.mw'.

\openout6 = `test.mw.mw'.

[247] (test.mw.mw)
\openout6 = `test.mw.mw'.

\openout6 = `test.mw.mw'.

[248] (test.mw.mw)
\openout6 = `test.mw.mw'.

\openout6 = `test.mw.mw'.

[249] (test.mw.mw)
\openout6 = `test.mw.mw'.

\openout6 = `test.mw.mw'.

[250] (test.mw.mw)
\openout6 = `test.mw.mw'.

\openout6 = `test.mw.mw'.

[251] (test.mw.mw)
\openout6 = `test.mw.mw'.

\openout6 = `test.mw.mw'.

[252] (test.mw.mw)
\openout6 = `test.mw.mw'.

\openout6 = `test.mw.mw'.

[253] (test.mw.mw)
\openout6 = `test.mw.mw'.

\openout6 = `test.mw.mw'.

[254] (test.mw.mw)
\openout6 = `test.mw.mw'.

\openout6 = `test.mw.mw'.

[255] (test.mw.mw)
\openout6 = `test.mw.mw'.

\openout6 = `test.mw.mw'.

[256] (test.mw.mw)
\openout6 = `test.mw.mw'.

\openout6 = `test.mw.mw'.

[257] (test.mw.mw)
\openout6 = `test.mw.mw'.

) ("C:\Program Files\MiKTeX 2.9\tex/generic/tex4ht\html-mml.4ht"
version 2018-12-05-15:46
) ("C:\Program Files\MiKTeX 2.9\tex/generic/tex4ht\svg-option.4ht"
version 2018-12-30-09:33
) ("C:\Program Files\MiKTeX 2.9\tex/generic/tex4ht\infosvg.4ht"
version 2019-03-18-15:25
) ("C:\Program Files\MiKTeX 2.9\tex/generic/tex4ht\html5.4ht"
version 2019-11-21-13:36
)) ("C:\Program Files\MiKTeX 2.9\tex/generic/tex4ht\amsfonts.4ht"
version 2009-05-21-09:32
("C:\Program Files\MiKTeX 2.9\tex/generic/tex4ht\info4ht.4ht"
version 2019-03-18-15:25
******************************************
****** amsfonts.4ht
******************************************
                                         *


\Configure{mathbb}........................2
\Configure{mathfrak}......................2

  #1  before content
  #2  after content




                                         *
******************************************
) ("C:\Program Files\MiKTeX 2.9\tex/generic/tex4ht\infoht4.4ht"
version 2019-03-18-15:25
) ("C:\Program Files\MiKTeX 2.9\tex/generic/tex4ht\infomml.4ht"
version 2019-03-18-15:25
) ("C:\Program Files\MiKTeX 2.9\tex/generic/tex4ht\html4.4ht"
version 2020-01-24-14:39
) ("C:\Program Files\MiKTeX 2.9\tex/generic/tex4ht\unicode.4ht"
version 2019-12-28-14:40
) ("C:\Program Files\MiKTeX 2.9\tex/generic/tex4ht\mathml.4ht"
version 2019-12-30-14:10
) ("C:\Program Files\MiKTeX 2.9\tex/generic/tex4ht\html-mml.4ht"
version 2018-12-05-15:46
) ("C:\Program Files\MiKTeX 2.9\tex/generic/tex4ht\svg-option.4ht"
version 2018-12-30-09:33
) ("C:\Program Files\MiKTeX 2.9\tex/generic/tex4ht\infosvg.4ht"
version 2019-03-18-15:25
) ("C:\Program Files\MiKTeX 2.9\tex/generic/tex4ht\html5.4ht"
version 2019-11-21-13:36
)) (C:/Users/Beatriz/Desktop/MikTeX_Local\tex/latex/mymedia\mymedia.4ht) ("C:\P
rogram Files\MiKTeX 2.9\tex/generic/tex4ht\hyperref.4ht"
version 2019-09-14-15:17
("C:\Program Files\MiKTeX 2.9\tex/latex/hyperref\nameref.sty"
Package: nameref 2019/09/16 v2.46 Cross-referencing by name of section
("C:\Program Files\MiKTeX 2.9\tex/latex/refcount\refcount.sty"
Package: refcount 2019/12/15 v3.6 Data extraction from label references (HO)
) ("C:\Program Files\MiKTeX 2.9\tex/generic/gettitlestring\gettitlestring.sty"
Package: gettitlestring 2019/12/15 v1.6 Cleanup title references (HO)
)
\c@section@level=\count331
) ("C:\Program Files\MiKTeX 2.9\tex/generic/tex4ht\nameref.4ht"
version 2019-12-23-13:36
("C:\Program Files\MiKTeX 2.9\tex/generic/tex4ht\info4ht.4ht"
version 2019-03-18-15:25
) ("C:\Program Files\MiKTeX 2.9\tex/generic/tex4ht\infoht4.4ht"
version 2019-03-18-15:25
) ("C:\Program Files\MiKTeX 2.9\tex/generic/tex4ht\infomml.4ht"
version 2019-03-18-15:25
) ("C:\Program Files\MiKTeX 2.9\tex/generic/tex4ht\html4.4ht"
version 2020-01-24-14:39
) ("C:\Program Files\MiKTeX 2.9\tex/generic/tex4ht\unicode.4ht"
version 2019-12-28-14:40
) ("C:\Program Files\MiKTeX 2.9\tex/generic/tex4ht\mathml.4ht"
version 2019-12-30-14:10
) ("C:\Program Files\MiKTeX 2.9\tex/generic/tex4ht\html-mml.4ht"
version 2018-12-05-15:46
) ("C:\Program Files\MiKTeX 2.9\tex/generic/tex4ht\svg-option.4ht"
version 2018-12-30-09:33
) ("C:\Program Files\MiKTeX 2.9\tex/generic/tex4ht\infosvg.4ht"
version 2019-03-18-15:25
) ("C:\Program Files\MiKTeX 2.9\tex/generic/tex4ht\html5.4ht"
version 2019-11-21-13:36
))
LaTeX Info: Redefining \autoref on input line 95.
\Hy@SectionHShift=\skip60
("C:\Program Files\MiKTeX 2.9\tex/generic/tex4ht\info4ht.4ht"
version 2019-03-18-15:25
******************************************
****** hyperref.4ht
******************************************
                                         *


A trick like the following one allows a compilation to choose
between a pdf and a html mode automatically.

   \ifx \HCode\UnDef  \usepackage[pdf]{hyperref}
   \else              \usepackage[tex4ht]{hyperref}  \fi

The trick assumes the compilations for html are invoked by
htlatex-like commands.

\Configure{::#1}
\Configure{::action}
\Configure{::default}
\Configure{::menulength}
\Configure{::method}
\Configure{::name}
\Configure{::value}
\Configure{CheckBox::checked}
\Configure{CheckBox::}
\Configure{ChoiceMenu::combo}
\Configure{ChoiceMenu::popdown}
\Configure{ChoiceMenu::radio}
\Configure{ChoiceMenu::}
\Configure{Form}
\Configure{PushButton::}
\Configure{Reset::}
\Configure{Submit::}
\Configure{TextField::default}
\Configure{TextField::multiline}
\Configure{TextField::password}
\Configure{TextField::width}
\Configure{TextField::}
\Configure{combo::default}
\Configure{multiline::value}
\Configure{multiline::width}
\Configure{radio::default}




                                         *
******************************************
) ("C:\Program Files\MiKTeX 2.9\tex/generic/tex4ht\infoht4.4ht"
version 2019-03-18-15:25
) ("C:\Program Files\MiKTeX 2.9\tex/generic/tex4ht\infomml.4ht"
version 2019-03-18-15:25
) ("C:\Program Files\MiKTeX 2.9\tex/generic/tex4ht\html4.4ht"
version 2020-01-24-14:39
) ("C:\Program Files\MiKTeX 2.9\tex/generic/tex4ht\unicode.4ht"
version 2019-12-28-14:40
) ("C:\Program Files\MiKTeX 2.9\tex/generic/tex4ht\mathml.4ht"
version 2019-12-30-14:10
) ("C:\Program Files\MiKTeX 2.9\tex/generic/tex4ht\html-mml.4ht"
version 2018-12-05-15:46
) ("C:\Program Files\MiKTeX 2.9\tex/generic/tex4ht\svg-option.4ht"
version 2018-12-30-09:33
) ("C:\Program Files\MiKTeX 2.9\tex/generic/tex4ht\infosvg.4ht"
version 2019-03-18-15:25
) ("C:\Program Files\MiKTeX 2.9\tex/generic/tex4ht\html5.4ht"
version 2019-11-21-13:36
)) ("C:\Program Files\MiKTeX 2.9\tex/generic/tex4ht\pd1enc.4ht"
version 2009-05-21-09:32
("C:\Program Files\MiKTeX 2.9\tex/generic/tex4ht\info4ht.4ht"
version 2019-03-18-15:25
) ("C:\Program Files\MiKTeX 2.9\tex/generic/tex4ht\infoht4.4ht"
version 2019-03-18-15:25
) ("C:\Program Files\MiKTeX 2.9\tex/generic/tex4ht\infomml.4ht"
version 2019-03-18-15:25
) ("C:\Program Files\MiKTeX 2.9\tex/generic/tex4ht\html4.4ht"
version 2020-01-24-14:39
) ("C:\Program Files\MiKTeX 2.9\tex/generic/tex4ht\unicode.4ht"
version 2019-12-28-14:40
) ("C:\Program Files\MiKTeX 2.9\tex/generic/tex4ht\mathml.4ht"
version 2019-12-30-14:10
) ("C:\Program Files\MiKTeX 2.9\tex/generic/tex4ht\html-mml.4ht"
version 2018-12-05-15:46
) ("C:\Program Files\MiKTeX 2.9\tex/generic/tex4ht\svg-option.4ht"
version 2018-12-30-09:33
) ("C:\Program Files\MiKTeX 2.9\tex/generic/tex4ht\infosvg.4ht"
version 2019-03-18-15:25
) ("C:\Program Files\MiKTeX 2.9\tex/generic/tex4ht\html5.4ht"
version 2019-11-21-13:36
)) ("C:\Program Files\MiKTeX 2.9\tex/generic/tex4ht\url.4ht"
version 2009-05-21-09:32
("C:\Program Files\MiKTeX 2.9\tex/generic/tex4ht\info4ht.4ht"
version 2019-03-18-15:25
******************************************
****** url.4ht
******************************************
                                         *


\Configure{url}




                                         *
******************************************
) ("C:\Program Files\MiKTeX 2.9\tex/generic/tex4ht\infoht4.4ht"
version 2019-03-18-15:25
) ("C:\Program Files\MiKTeX 2.9\tex/generic/tex4ht\infomml.4ht"
version 2019-03-18-15:25
) ("C:\Program Files\MiKTeX 2.9\tex/generic/tex4ht\html4.4ht"
version 2020-01-24-14:39
--------------------------------------
--- Note --- for URL encoding within href use the command line option `url-enc'

--------------------------------------
) ("C:\Program Files\MiKTeX 2.9\tex/generic/tex4ht\unicode.4ht"
version 2019-12-28-14:40
) ("C:\Program Files\MiKTeX 2.9\tex/generic/tex4ht\mathml.4ht"
version 2019-12-30-14:10
) ("C:\Program Files\MiKTeX 2.9\tex/generic/tex4ht\html-mml.4ht"
version 2018-12-05-15:46
) ("C:\Program Files\MiKTeX 2.9\tex/generic/tex4ht\svg-option.4ht"
version 2018-12-30-09:33
) ("C:\Program Files\MiKTeX 2.9\tex/generic/tex4ht\infosvg.4ht"
version 2019-03-18-15:25
) ("C:\Program Files\MiKTeX 2.9\tex/generic/tex4ht\html5.4ht"
version 2019-11-21-13:36
)) ("C:\Program Files\MiKTeX 2.9\tex/generic/tex4ht\th4.4ht"
--------------------------------------
--- Note --- for javascript support, use the command line option `javascript'
--------------------------------------
--------------------------------------
--- Note --- for java support, use the command line option `java'
--------------------------------------
--------------------------------------
--- Note --- for image maps support, use the command line option `image-maps'
--------------------------------------
--------------------------------------
--- Note --- for frames support, use the command line option `frames-' or `fram
es'
--------------------------------------
("C:\Program Files\MiKTeX 2.9\tex/generic/tex4ht\info4ht.4ht"
version 2019-03-18-15:25
******************************************
****** th4.4ht
******************************************
                                         *


\Configure{JavaScript}............2

   Configures the environments

      \JavaScript
         ....
      \EndJavaScript

   and

      \javascript{...}

   These environments are activated by the `javascript' option.

  Default:

   \Configure{JavaScript}
      {\HCode{<script type="text/JavaScript" ><!--\Hnewline}}
      {\HCode{//-->\Hnewline </script>}}



    \ConfigureToc

        Chapter,  LikeSection, Section, SubSection

\Configure{Appendix}
\Configure{Chapter}
\Configure{Columns}
\Configure{Columns}
\Configure{DList}
\Configure{HTable}
\Configure{Item}
\Configure{LikeChapter}
\Configure{LikeSection}
\Configure{OList}
\Configure{Part}
\Configure{Section}
\Configure{SubSection}
\Configure{UList}
\Configure{Verbatim}
\Configure{buttonList+}
\Configure{buttonList}
\Configure{centerline}
\Configure{index}

Frames
------

When the package option `frames-' or `frames' is up,
TeX4ht introduces the following commands for defining frames.

   \Frame[#1]{#2}

       A variant of the \Link[#1]{#2} portion of the
       \Link[#1]{#2}{#3}#4\EndLink, for specifying a frame.

   \HorFrames[#1]{#2}, \VerFrames[#1]{#2}

     #1 attributes  ([#1] is optional)
     #2 list of dimensions

      A container partitioned, respectively, horizontally or
      vertically. Each partition may hold a sub-container or
      a frame.

      The list of dimensions determine the cardinality of the
      partition, and the dimension of each partition.  A dimension
      can be specified absolutely by pixels (\HorFrames{80,130,50}),
      relatively by percentage (\HorFrames{20\%,30\%,50\%}), and
      relatively through ratio (\HorFrames{2*,3*,5*}).

   \EndFrames

      An end delimiter for a container

   \NoFrames

       When used, it should be placed before the outer-most
       \EndFrames command.  The region \NoFrames...\EndNoFrames
       provides the content for browsers which do not support frames.

Tailoring configurations for frames is a little tricky, but the
job is simpler when the configurations don't deal with the root
file.

Example 1:
..........

     % Requires the command line option `frames-'
     \documentclass{article}

     \begin{document}

     \begingroup
        \Configure{@HEAD}{}
        \Configure{BODY}{}{}
        \Configure{DOCTYPE}
             {\HCode{<!DOCTYPE html
                  PUBLIC "-//W3C//DTD HTML 4.01 Frameset//EN"
                          "http://www.w3.org/TR/html4/frameset.dtd">}}
        \Configure{HEAD}{}{}
        \Configure{HTML}
            {\HCode{<html><head><title></title></head>}}
            {\HCode{</html>}}
        \Configure{HtmlPar}{}{}{}{}
        \Configure{TITLE}{}{}

        \FileStream+{\jobname f.html}
           \HorFrames{*,*}
              \Frame[\jobname.html]{}
              \VerFrames{3*,*,*}
                 \Frame[http://www.tug.org]{}
                 \Frame[\RefFile{z} ]{}
                 \Frame[ name="y"]{w}
              \EndFrames
           \EndPreamble
           \NoFrames
               a comment
           \EndFrames
        \EndFileStream{\jobname f.html}
     \endgroup


     \HPage[z]{}
     \bgroup
       \Configure{Link}{a}{target="y"  href=}{ name=}{}
       \let\contentsname=\empty   \tableofcontents
     \egroup
     \EndHPage{z}

     \tableofcontents

     \section{First} Is first.

     \Link{}{w}\EndLink
     \section{Second} Is Second.

     \end{document}

Example 1a (allows also compilations for non-html output):
..........................................................
     % src.tex
     \documentclass{article}
     \begin{document}

       \tableofcontents

       \section{First} Is first.

       \ifx \Link\undefined \else
          \Link{}{w}\EndLink
       \fi
       \section{Second} Is Second.

     \end{document}

     % src.cfg
     \Preamble{html,frames-}
     \begin{document}
     \EndPreamble
       \begingroup
          \Configure{@HEAD}{}
          \Configure{BODY}{}{}
          \Configure{DOCTYPE}{}
          \Configure{HEAD}{}{}
          \Configure{HTML}{}{}
          \Configure{HtmlPar}{}{}{}{}
          \Configure{TITLE}{}{}

          \FileStream+{\jobname f.html}
             \HorFrames{*,*}
                \Frame[\jobname.html]{}
                \VerFrames{3*,*,*}
                   \Frame[http://www.tug.org]{}
                   \Frame[\RefFile{z} ]{}
                   \Frame[ name="y"]{w}
                \EndFrames
          \EndPreamble
             \NoFrames
                 a comment
             \EndFrames
          \EndFileStream{\jobname f.html}
       \endgroup

       \HPage[z]{}
       \bgroup
         \Configure{Link}{a}{target="y"  href=}{ name=}{}
         \let\contentsname=\empty   \tableofcontents
       \egroup
       \EndHPage{z}
     \endinput

Example 2:
..........

         % Source .tex file

         \documentclass{article}
           \usepackage{verbatim}
         \begin{document}

         \section{The Main File: \jobname.tex}
           \verbatiminput{\jobname.tex}
         \section{The Configurations File: \jobname.cfg}
           \verbatiminput{\jobname.cfg}
         \section{The Command Line}
           htlatex \jobname\space "\jobname"

         \NextFile{page.html}\HPage{}
           Hello!
         \EndHPage{}

         \HPage{}\Link{}{anchor}\EndLink
           \Link[http://www.ctan.org]{}{}ctan\EndLink
         \EndHPage{}

         \end{document}

         % configurations .cfg file

         \Preamble{frames}

         \Configure{frames}
           {\VerFrames{*,5*}
              \Frame[ name="tex4ht-menu" ]{tex4ht-toc}
              \HorFrames{*,3*}
                \VerFrames{6*,*,*}
                  \Frame[http://www.tug.org]{}
                  \Frame[page.html]{}
                  \Frame{anchor}
                \EndFrames
                \Frame[ name="tex4ht-main" ]{tex4ht-body}
              \EndFrames
            }
            {\let\contentsname=\empty \tableofcontents}

         \begin{document}
         \EndPreamble

Example 3:
..........

         % file.tex
         \documentclass{book}
         \begin{document}
           \chapter{Title}
              Body.
           \chapter{Another Title}
              \Link{}{init-body}\EndLink
              Another body.
         \end{document}

         % file.cfg
         \Preamble{html,frames,3,info}
           \begin{document}
               \Configure{frames}
                  {\HorFrames[rows="*"]{3*,*}
                     \Frame[ name="body" frameborder="0" ]{init-body}
                     \Frame[ name="menu" frameborder="0" ]{init-toc}
                  }
                  {\Configure{Link}{a}{target="body"  href=}{ id=}{}
                   \let\contentsname=\empty
                   \tableofcontents
                   \Link{}{init-toc}\EndLink
                  }
         \EndPreamble
         \endinput



The arguments`init-body' and `init-toc' are labels connecting reference points
\Frame[...]{label} with anchors \Link{}{label}\EndLink.  Their objective
is to associate initial web pages with the frames.

The name attribute values `body' and `menu' provide
identifiers to the frames.  They offer the option to dynamically load
new pages into the frames through hypertext references targeting those
values.




                                         *
******************************************
) ("C:\Program Files\MiKTeX 2.9\tex/generic/tex4ht\infoht4.4ht"
version 2019-03-18-15:25
) ("C:\Program Files\MiKTeX 2.9\tex/generic/tex4ht\infomml.4ht"
version 2019-03-18-15:25
) ("C:\Program Files\MiKTeX 2.9\tex/generic/tex4ht\html4.4ht"
version 2020-01-24-14:39
) ("C:\Program Files\MiKTeX 2.9\tex/generic/tex4ht\unicode.4ht"
version 2019-12-28-14:40
) ("C:\Program Files\MiKTeX 2.9\tex/generic/tex4ht\mathml.4ht"
version 2019-12-30-14:10
) ("C:\Program Files\MiKTeX 2.9\tex/generic/tex4ht\html-mml.4ht"
version 2018-12-05-15:46
) ("C:\Program Files\MiKTeX 2.9\tex/generic/tex4ht\svg-option.4ht"
version 2018-12-30-09:33
) ("C:\Program Files\MiKTeX 2.9\tex/generic/tex4ht\infosvg.4ht"
version 2019-03-18-15:25
) ("C:\Program Files\MiKTeX 2.9\tex/generic/tex4ht\html5.4ht"
version 2019-11-21-13:36
)) ("C:\Program Files\MiKTeX 2.9\tex/generic/tex4ht\info4ht.4ht"
version 2019-03-18-15:25
) ("C:\Program Files\MiKTeX 2.9\tex/generic/tex4ht\infoht4.4ht"
version 2019-03-18-15:25
) ("C:\Program Files\MiKTeX 2.9\tex/generic/tex4ht\infomml.4ht"
version 2019-03-18-15:25
) ("C:\Program Files\MiKTeX 2.9\tex/generic/tex4ht\html4.4ht"
version 2020-01-24-14:39
) ("C:\Program Files\MiKTeX 2.9\tex/generic/tex4ht\unicode.4ht"
version 2019-12-28-14:40
) ("C:\Program Files\MiKTeX 2.9\tex/generic/tex4ht\mathml.4ht"
version 2019-12-30-14:10
) ("C:\Program Files\MiKTeX 2.9\tex/generic/tex4ht\html-mml.4ht"
version 2018-12-05-15:46
) ("C:\Program Files\MiKTeX 2.9\tex/generic/tex4ht\svg-option.4ht"
version 2018-12-30-09:33
) ("C:\Program Files\MiKTeX 2.9\tex/generic/tex4ht\infosvg.4ht"
version 2019-03-18-15:25
) ("C:\Program Files\MiKTeX 2.9\tex/generic/tex4ht\html5.4ht"
version 2019-11-21-13:36
)) (test.aux
LaTeX Info: Redefining \. on input line 20.
LaTeX Info: Redefining \% on input line 20.
)
\openout1 = `test.aux'.

LaTeX Font Info:    Checking defaults for OML/cmm/m/it on input line 372.
LaTeX Font Info:    ... okay on input line 372.
LaTeX Font Info:    Checking defaults for OMS/cmsy/m/n on input line 372.
LaTeX Font Info:    ... okay on input line 372.
LaTeX Font Info:    Checking defaults for OT1/cmr/m/n on input line 372.
LaTeX Font Info:    ... okay on input line 372.
LaTeX Font Info:    Checking defaults for T1/cmr/m/n on input line 372.
LaTeX Font Info:    ... okay on input line 372.
LaTeX Font Info:    Checking defaults for TS1/cmr/m/n on input line 372.
LaTeX Font Info:    ... okay on input line 372.
LaTeX Font Info:    Checking defaults for OMX/cmex/m/n on input line 372.
LaTeX Font Info:    ... okay on input line 372.
LaTeX Font Info:    Checking defaults for U/cmr/m/n on input line 372.
LaTeX Font Info:    ... okay on input line 372.
LaTeX Font Info:    Checking defaults for PD1/pdf/m/n on input line 372.
LaTeX Font Info:    ... okay on input line 372.
LaTeX Info: Redefining \. on input line 372.
LaTeX Info: Redefining \% on input line 372.
\c@lstlisting=\count332
Output from handle solslater going to solslater.tex
\solslater@file=\write21
\openout6 = `solslater.tex'.

Output from handle prfslater going to prfslater.tex
\prfslater@file=\write22
\openout6 = `prfslater.tex'.

Output from handle solslater going to solslater.tex
File solslater already open
Output from handle solslater going to solslater.tex
File solslater already open
\AtBeginShipoutBox=\box78
Package hyperref Info: Link coloring ON on input line 372.
LaTeX Info: Redefining \ref on input line 372.
LaTeX Info: Redefining \pageref on input line 372.
LaTeX Info: Redefining \nameref on input line 372.
--- file test.css ---
LaTeX Font Info:    Trying to load font information for T1+cmtt on input line 3
76.
("C:\Program Files\MiKTeX 2.9\tex/latex/base\t1cmtt.fd"
File: t1cmtt.fd 2019/12/16 v2.5j Standard LaTeX font definitions
)
--- file test.css ---
(style.css
\openout6 = `test.mw.mw'.

[1] (test.mw.mw)
\openout6 = `test.mw.mw'.

\openout6 = `test.mw.mw'.

[2] (test.mw.mw)
\openout6 = `test.mw.mw'.

\openout6 = `test.mw.mw'.

[3] (test.mw.mw)
\openout6 = `test.mw.mw'.

\openout6 = `test.mw.mw'.

[4] (test.mw.mw)
\openout6 = `test.mw.mw'.

)
--- file test2.html ---
(test.4ct
\openout6 = `test.mw.mw'.

[5] (test.mw.mw)
\openout6 = `test.mw.mw'.

\openout6 = `test.mw.mw'.

\openout6 = `test.mw.mw'.

\openout6 = `test.mw.mw'.

\openout6 = `test.mw.mw'.

\openout6 = `test.mw.mw'.

\openout6 = `test.mw.mw'.

\openout6 = `test.mw.mw'.

\openout6 = `test.mw.mw'.

\openout6 = `test.mw.mw'.

\openout6 = `test.mw.mw'.

\openout6 = `test.mw.mw'.

\openout6 = `test.mw.mw'.

\openout6 = `test.mw.mw'.

\openout6 = `test.mw.mw'.

\openout6 = `test.mw.mw'.

\openout6 = `test.mw.mw'.

\openout6 = `test.mw.mw'.

\openout6 = `test.mw.mw'.

\openout6 = `test.mw.mw'.

\openout6 = `test.mw.mw'.

\openout6 = `test.mw.mw'.

\openout6 = `test.mw.mw'.

\openout6 = `test.mw.mw'.

\openout6 = `test.mw.mw'.

\openout6 = `test.mw.mw'.

\openout6 = `test.mw.mw'.

\openout6 = `test.mw.mw'.

\openout6 = `test.mw.mw'.

\openout6 = `test.mw.mw'.

\openout6 = `test.mw.mw'.

\openout6 = `test.mw.mw'.

\openout6 = `test.mw.mw'.

\openout6 = `test.mw.mw'.

\openout6 = `test.mw.mw'.

\openout6 = `test.mw.mw'.

\openout6 = `test.mw.mw'.

\openout6 = `test.mw.mw'.

\openout6 = `test.mw.mw'.

\openout6 = `test.mw.mw'.

\openout6 = `test.mw.mw'.

\openout6 = `test.mw.mw'.

\openout6 = `test.mw.mw'.

\openout6 = `test.mw.mw'.

\openout6 = `test.mw.mw'.

\openout6 = `test.mw.mw'.

\openout6 = `test.mw.mw'.

\openout6 = `test.mw.mw'.

\openout6 = `test.mw.mw'.

)
\openout6 = `test.mw.mw'.

[6] (test.mw.mw)
\openout6 = `test.mw.mw'.

\openout6 = `test.mw.mw'.

\openout6 = `test.mw.mw'.

\openout6 = `test.mw.mw'.

\openout6 = `test.mw.mw'.

\openout6 = `test.mw.mw'.

\openout6 = `test.mw.mw'.

\openout6 = `test.mw.mw'.

\openout6 = `test.mw.mw'.

--- file test3.html ---
)
\openout6 = `test.mw.mw'.

[7

] (test.mw.mw)
\openout6 = `test.mw.mw'.

\openout6 = `test.mw.mw'.

\openout6 = `test.mw.mw'.

\openout6 = `test.mw.mw'.

\openout6 = `test.mw.mw'.

\openout6 = `test.mw.mw'.

\openout6 = `test.mw.mw'.

\openout6 = `test.mw.mw'.

\openout6 = `test.mw.mw'.

\openout6 = `test.mw.mw'.

\openout6 = `test.mw.mw'.

\openout6 = `test.mw.mw'.

\openout6 = `test.mw.mw'.

\openout6 = `test.mw.mw'.

[8] (test.mw.mw)
\openout6 = `test.mw.mw'.

--- file testse1.html ---
(test.4ct) (samples/introduccion.tex
l.10 --- TeX4ht warning --- File `"samples/introduccion_imagen.xbb"' not found 
---
l.10 --- TeX4ht warning --- Cannot determine size of graphic in "samples/introd
uccion_imagen.xbb" (no BoundingBox) ---
l. 10 --- needs --- samples/introduccion_imagen.jpg ---
\openout6 = `test.mw.mw'.

[9] (test.mw.mw)
\openout6 = `test.mw.mw'.

\openout6 = `test.mw.mw'.

\openout6 = `test.mw.mw'.

\openout6 = `test.mw.mw'.

\openout6 = `test.mw.mw'.

\openout6 = `test.mw.mw'.

\openout6 = `test.mw.mw'.

\openout6 = `test.mw.mw'.

\openout6 = `test.mw.mw'.

\openout6 = `test.mw.mw'.

\openout6 = `test.mw.mw'.

\openout6 = `test.mw.mw'.

\openout6 = `test.mw.mw'.

\openout6 = `test.mw.mw'.

\openout6 = `test.mw.mw'.

\openout6 = `test.mw.mw'.

\openout6 = `test.mw.mw'.

(test.4ct)
--- file testsu1.html ---
(test.4ct)
\openout6 = `test.mw.mw'.

[10] (test.mw.mw)
\openout6 = `test.mw.mw'.

\openout6 = `test.mw.mw'.

\openout6 = `test.mw.mw'.

\openout6 = `test.mw.mw'.

\openout6 = `test.mw.mw'.

\openout6 = `test.mw.mw'.

\openout6 = `test.mw.mw'.

\openout6 = `test.mw.mw'.

\openout6 = `test.mw.mw'.

\openout6 = `test.mw.mw'.

\openout6 = `test.mw.mw'.

\openout6 = `test.mw.mw'.

\openout6 = `test.mw.mw'.

\openout6 = `test.mw.mw'.

\openout6 = `test.mw.mw'.

\openout6 = `test.mw.mw'.

[11

] (test.mw.mw)
\openout6 = `test.mw.mw'.

l.16 --- TeX4ht warning --- File `"samples/ideas.xbb"' not found ---
l.16 --- TeX4ht warning --- Cannot determine size of graphic in "samples/ideas.
xbb" (no BoundingBox) ---
l. 16 --- needs --- samples/ideas.png ---
\openout6 = `test.mw.mw'.

[12

] (test.mw.mw)
\openout6 = `test.mw.mw'.

)
\openout6 = `test.mw.mw'.

[13

] (test.mw.mw)
\openout6 = `test.mw.mw'.

--- file testse2.html ---
(test.4ct) (samples/propiedades.tex (test.4ct
\openout6 = `test.mw.mw'.

[14

] (test.mw.mw)
\openout6 = `test.mw.mw'.

\openout6 = `test.mw.mw'.

\openout6 = `test.mw.mw'.

\openout6 = `test.mw.mw'.

\openout6 = `test.mw.mw'.

\openout6 = `test.mw.mw'.

\openout6 = `test.mw.mw'.

\openout6 = `test.mw.mw'.

\openout6 = `test.mw.mw'.

\openout6 = `test.mw.mw'.

\openout6 = `test.mw.mw'.

\openout6 = `test.mw.mw'.

\openout6 = `test.mw.mw'.

\openout6 = `test.mw.mw'.

\openout6 = `test.mw.mw'.

\openout6 = `test.mw.mw'.

\openout6 = `test.mw.mw'.

\openout6 = `test.mw.mw'.

\openout6 = `test.mw.mw'.

\openout6 = `test.mw.mw'.

\openout6 = `test.mw.mw'.

\openout6 = `test.mw.mw'.

\openout6 = `test.mw.mw'.

\openout6 = `test.mw.mw'.

\openout6 = `test.mw.mw'.

\openout6 = `test.mw.mw'.

\openout6 = `test.mw.mw'.

\openout6 = `test.mw.mw'.

\openout6 = `test.mw.mw'.

\openout6 = `test.mw.mw'.

\openout6 = `test.mw.mw'.

\openout6 = `test.mw.mw'.

\openout6 = `test.mw.mw'.

\openout6 = `test.mw.mw'.

\openout6 = `test.mw.mw'.

\openout6 = `test.mw.mw'.

\openout6 = `test.mw.mw'.

\openout6 = `test.mw.mw'.

\openout6 = `test.mw.mw'.

\openout6 = `test.mw.mw'.

\openout6 = `test.mw.mw'.

\openout6 = `test.mw.mw'.

\openout6 = `test.mw.mw'.

\openout6 = `test.mw.mw'.

\openout6 = `test.mw.mw'.

\openout6 = `test.mw.mw'.

\openout6 = `test.mw.mw'.

\openout6 = `test.mw.mw'.

\openout6 = `test.mw.mw'.

\openout6 = `test.mw.mw'.

\openout6 = `test.mw.mw'.

)
--- file testsu2.html ---
(test.4ct) (samples/propiedades/concepto.tex
\openout6 = `test.mw.mw'.

[15] (test.mw.mw)
\openout6 = `test.mw.mw'.

\openout6 = `test.mw.mw'.

\openout6 = `test.mw.mw'.

\openout6 = `test.mw.mw'.

\openout6 = `test.mw.mw'.

\openout6 = `test.mw.mw'.

\openout6 = `test.mw.mw'.

\openout6 = `test.mw.mw'.

\openout6 = `test.mw.mw'.

\openout6 = `test.mw.mw'.

\openout6 = `test.mw.mw'.

\openout6 = `test.mw.mw'.

\openout6 = `test.mw.mw'.

\openout6 = `test.mw.mw'.

\openout6 = `test.mw.mw'.

\openout6 = `test.mw.mw'.

\openout6 = `test.mw.mw'.

\openout6 = `test.mw.mw'.

\openout6 = `test.mw.mw'.

\openout6 = `test.mw.mw'.

\openout6 = `test.mw.mw'.

(samples/propiedades/clasificacionFunciones.tex
l.1 --- TeX4ht warning --- File `"samples/propiedades/clasificaEsquema2.xbb"' n
ot found ---
l.1 --- TeX4ht warning --- Cannot determine size of graphic in "samples/propied
ades/clasificaEsquema2.xbb" (no BoundingBox) ---
l. 1 --- needs --- samples/propiedades/clasificaEsquema2.jpg ---
)
\openout6 = `test.mw.mw'.

[16] (test.mw.mw)
\openout6 = `test.mw.mw'.

\openout6 = `test.mw.mw'.

\openout6 = `test.mw.mw'.

\openout6 = `test.mw.mw'.

\openout6 = `test.mw.mw'.

\openout6 = `test.mw.mw'.

\openout6 = `test.mw.mw'.

\openout6 = `test.mw.mw'.

\openout6 = `test.mw.mw'.

Output from handle CurrentSolution going to CurrentSolution.tex
\CurrentSolution@file=\write23
\openout6 = `CurrentSolution.tex'.

\openout6 = `test.mw.mw'.

\openout6 = `test.mw.mw'.

\openout6 = `test.mw.mw'.

\openout6 = `test.mw.mw'.

\openout6 = `test.mw.mw'.

\openout6 = `test.mw.mw'.

\openout6 = `test.mw.mw'.

\openout6 = `test.mw.mw'.

\openout6 = `test.mw.mw'.

\openout6 = `test.mw.mw'.

\openout6 = `test.mw.mw'.

\openout6 = `test.mw.mw'.

\openout6 = `test.mw.mw'.

\openout6 = `test.mw.mw'.

\openout6 = `test.mw.mw'.

\openout6 = `test.mw.mw'.

\openout6 = `CurrentSolution.tex'.

(CurrentSolution.tex)
\openout6 = `test.mw.mw'.

[17] (test.mw.mw)
\openout6 = `test.mw.mw'.

\openout6 = `test.mw.mw'.

\openout6 = `test.mw.mw'.

\openout6 = `test.mw.mw'.

\openout6 = `test.mw.mw'.

\openout6 = `test.mw.mw'.

\openout6 = `test.mw.mw'.

\openout6 = `test.mw.mw'.

\openout6 = `test.mw.mw'.

Output from handle CurrentSolution going to CurrentSolution.tex
\openout6 = `CurrentSolution.tex'.

\openout6 = `test.mw.mw'.

\openout6 = `test.mw.mw'.

\openout6 = `test.mw.mw'.

\openout6 = `test.mw.mw'.

\openout6 = `test.mw.mw'.

\openout6 = `test.mw.mw'.

\openout6 = `test.mw.mw'.

\openout6 = `test.mw.mw'.

\openout6 = `test.mw.mw'.

\openout6 = `test.mw.mw'.

\openout6 = `test.mw.mw'.

\openout6 = `test.mw.mw'.

\openout6 = `test.mw.mw'.

\openout6 = `test.mw.mw'.

\openout6 = `test.mw.mw'.

\openout6 = `test.mw.mw'.

\openout6 = `test.mw.mw'.

\openout6 = `test.mw.mw'.

\openout6 = `test.mw.mw'.

\openout6 = `test.mw.mw'.

\openout6 = `test.mw.mw'.

\openout6 = `test.mw.mw'.

\openout6 = `test.mw.mw'.

\openout6 = `test.mw.mw'.

\openout6 = `CurrentSolution.tex'.

(CurrentSolution.tex))
\openout6 = `test.mw.mw'.

[18] (test.mw.mw)
\openout6 = `test.mw.mw'.

--- file testsu3.html ---
(test.4ct) (samples/propiedades/dominio.tex
\openout6 = `test.mw.mw'.

[19

] (test.mw.mw)
\openout6 = `test.mw.mw'.

\openout6 = `test.mw.mw'.

\openout6 = `test.mw.mw'.

\openout6 = `test.mw.mw'.

\openout6 = `test.mw.mw'.

\openout6 = `test.mw.mw'.

\openout6 = `test.mw.mw'.

\openout6 = `test.mw.mw'.

\openout6 = `test.mw.mw'.

\openout6 = `test.mw.mw'.

\openout6 = `test.mw.mw'.

\openout6 = `test.mw.mw'.

\openout6 = `test.mw.mw'.

\openout6 = `test.mw.mw'.

\openout6 = `test.mw.mw'.

\openout6 = `test.mw.mw'.

\openout6 = `test.mw.mw'.

\openout6 = `test.mw.mw'.

\openout6 = `test.mw.mw'.

\openout6 = `test.mw.mw'.

[20] (test.mw.mw)
\openout6 = `test.mw.mw'.

\openout6 = `test.mw.mw'.

\openout6 = `test.mw.mw'.

\openout6 = `test.mw.mw'.

\openout6 = `test.mw.mw'.

\openout6 = `test.mw.mw'.

[21] (test.mw.mw)
\openout6 = `test.mw.mw'.

\openout6 = `test.mw.mw'.

[22] (test.mw.mw)
\openout6 = `test.mw.mw'.

\openout6 = `test.mw.mw'.

\openout6 = `test.mw.mw'.

\openout6 = `test.mw.mw'.

\openout6 = `test.mw.mw'.

\openout6 = `test.mw.mw'.

\openout6 = `test.mw.mw'.

Output from handle CurrentSolution going to CurrentSolution.tex
\openout6 = `CurrentSolution.tex'.

\openout6 = `test.mw.mw'.

\openout6 = `test.mw.mw'.

\openout6 = `test.mw.mw'.

\openout6 = `test.mw.mw'.

\openout6 = `test.mw.mw'.

\openout6 = `test.mw.mw'.

\openout6 = `test.mw.mw'.

\openout6 = `test.mw.mw'.

\openout6 = `test.mw.mw'.

\openout6 = `test.mw.mw'.

\openout6 = `test.mw.mw'.

\openout6 = `test.mw.mw'.

\openout6 = `test.mw.mw'.

\openout6 = `test.mw.mw'.

\openout6 = `test.mw.mw'.

\openout6 = `test.mw.mw'.

\openout6 = `test.mw.mw'.

\openout6 = `test.mw.mw'.

\openout6 = `test.mw.mw'.

\openout6 = `test.mw.mw'.

\openout6 = `test.mw.mw'.

\openout6 = `test.mw.mw'.

\openout6 = `test.mw.mw'.

\openout6 = `test.mw.mw'.

\openout6 = `test.mw.mw'.

\openout6 = `test.mw.mw'.

\openout6 = `test.mw.mw'.

\openout6 = `test.mw.mw'.

\openout6 = `test.mw.mw'.

\openout6 = `test.mw.mw'.

\openout6 = `test.mw.mw'.

\openout6 = `test.mw.mw'.

\openout6 = `CurrentSolution.tex'.

(CurrentSolution.tex)
\openout6 = `test.mw.mw'.

[23] (test.mw.mw)
\openout6 = `test.mw.mw'.

Output from handle CurrentSolution going to CurrentSolution.tex
\openout6 = `CurrentSolution.tex'.

\openout6 = `test.mw.mw'.

\openout6 = `test.mw.mw'.

\openout6 = `test.mw.mw'.

\openout6 = `test.mw.mw'.

\openout6 = `test.mw.mw'.

\openout6 = `test.mw.mw'.

\openout6 = `test.mw.mw'.

\openout6 = `test.mw.mw'.

\openout6 = `test.mw.mw'.

\openout6 = `test.mw.mw'.

\openout6 = `CurrentSolution.tex'.

(CurrentSolution.tex))
\openout6 = `test.mw.mw'.

[24] (test.mw.mw)
\openout6 = `test.mw.mw'.

\openout6 = `test.mw.mw'.

\openout6 = `test.mw.mw'.

--- file testsu4.html ---
(test.4ct) (samples/propiedades/simetria.tex
\openout6 = `test.mw.mw'.

[25

] (test.mw.mw)
\openout6 = `test.mw.mw'.

\openout6 = `test.mw.mw'.

\openout6 = `test.mw.mw'.

\openout6 = `test.mw.mw'.

\openout6 = `test.mw.mw'.

\openout6 = `test.mw.mw'.

\openout6 = `test.mw.mw'.

\openout6 = `test.mw.mw'.

\openout6 = `test.mw.mw'.

\openout6 = `test.mw.mw'.

\openout6 = `test.mw.mw'.

\openout6 = `test.mw.mw'.

\openout6 = `test.mw.mw'.

\openout6 = `test.mw.mw'.

\openout6 = `test.mw.mw'.

\openout6 = `test.mw.mw'.

\openout6 = `test.mw.mw'.

\openout6 = `test.mw.mw'.

\openout6 = `test.mw.mw'.

\openout6 = `test.mw.mw'.

\openout6 = `test.mw.mw'.

\openout6 = `test.mw.mw'.

\openout6 = `test.mw.mw'.

\openout6 = `test.mw.mw'.

[26] (test.mw.mw)
\openout6 = `test.mw.mw'.

\openout6 = `test.mw.mw'.

\openout6 = `test.mw.mw'.

\openout6 = `test.mw.mw'.

\openout6 = `test.mw.mw'.

\openout6 = `test.mw.mw'.

\openout6 = `test.mw.mw'.

Output from handle CurrentSolution going to CurrentSolution.tex
\openout6 = `CurrentSolution.tex'.

\openout6 = `test.mw.mw'.

\openout6 = `test.mw.mw'.

\openout6 = `test.mw.mw'.

\openout6 = `test.mw.mw'.

\openout6 = `test.mw.mw'.

\openout6 = `test.mw.mw'.

\openout6 = `test.mw.mw'.

\openout6 = `test.mw.mw'.

\openout6 = `test.mw.mw'.

\openout6 = `test.mw.mw'.

\openout6 = `test.mw.mw'.

\openout6 = `test.mw.mw'.

\openout6 = `test.mw.mw'.

\openout6 = `test.mw.mw'.

\openout6 = `test.mw.mw'.

\openout6 = `test.mw.mw'.

\openout6 = `test.mw.mw'.

\openout6 = `test.mw.mw'.

\openout6 = `test.mw.mw'.

\openout6 = `test.mw.mw'.

\openout6 = `test.mw.mw'.

\openout6 = `test.mw.mw'.

\openout6 = `test.mw.mw'.

\openout6 = `test.mw.mw'.

\openout6 = `test.mw.mw'.

\openout6 = `test.mw.mw'.

\openout6 = `test.mw.mw'.

\openout6 = `test.mw.mw'.

\openout6 = `test.mw.mw'.

\openout6 = `test.mw.mw'.

\openout6 = `test.mw.mw'.

\openout6 = `test.mw.mw'.

\openout6 = `CurrentSolution.tex'.

\openout6 = `test.mw.mw'.

[27] (test.mw.mw)
\openout6 = `test.mw.mw'.

\openout6 = `test.mw.mw'.

\openout6 = `test.mw.mw'.

\openout6 = `test.mw.mw'.

\openout6 = `test.mw.mw'.

\openout6 = `test.mw.mw'.

\openout6 = `test.mw.mw'.

(CurrentSolution.tex
\openout6 = `test.mw.mw'.

[28] (test.mw.mw)
\openout6 = `test.mw.mw'.

)
Output from handle CurrentSolution going to CurrentSolution.tex
\openout6 = `CurrentSolution.tex'.

\openout6 = `test.mw.mw'.

\openout6 = `test.mw.mw'.

\openout6 = `test.mw.mw'.

\openout6 = `test.mw.mw'.

\openout6 = `test.mw.mw'.

\openout6 = `test.mw.mw'.

\openout6 = `test.mw.mw'.

\openout6 = `test.mw.mw'.

\openout6 = `test.mw.mw'.

\openout6 = `test.mw.mw'.

\openout6 = `test.mw.mw'.

\openout6 = `test.mw.mw'.

\openout6 = `test.mw.mw'.

\openout6 = `test.mw.mw'.

\openout6 = `test.mw.mw'.

\openout6 = `test.mw.mw'.

\openout6 = `test.mw.mw'.

\openout6 = `test.mw.mw'.

\openout6 = `CurrentSolution.tex'.

(CurrentSolution.tex
\openout6 = `test.mw.mw'.

[29] (test.mw.mw)
\openout6 = `test.mw.mw'.

\openout6 = `test.mw.mw'.

\openout6 = `test.mw.mw'.

))
\openout6 = `test.mw.mw'.

[30] (test.mw.mw)
\openout6 = `test.mw.mw'.

--- file testsu5.html ---
(test.4ct) (samples/propiedades/periodicidad.tex
\openout6 = `test.mw.mw'.

[31

] (test.mw.mw)
\openout6 = `test.mw.mw'.

\openout6 = `test.mw.mw'.

\openout6 = `test.mw.mw'.

\openout6 = `test.mw.mw'.

\openout6 = `test.mw.mw'.

\openout6 = `test.mw.mw'.

\openout6 = `test.mw.mw'.

\openout6 = `test.mw.mw'.

\openout6 = `test.mw.mw'.

\openout6 = `test.mw.mw'.

\openout6 = `test.mw.mw'.

\openout6 = `test.mw.mw'.

\openout6 = `test.mw.mw'.

\openout6 = `test.mw.mw'.

\openout6 = `test.mw.mw'.

\openout6 = `test.mw.mw'.

\openout6 = `test.mw.mw'.

\openout6 = `test.mw.mw'.

\openout6 = `test.mw.mw'.

\openout6 = `test.mw.mw'.

\openout6 = `test.mw.mw'.

\openout6 = `test.mw.mw'.

\openout6 = `test.mw.mw'.

\openout6 = `test.mw.mw'.

\openout6 = `test.mw.mw'.

\openout6 = `test.mw.mw'.

[32

] (test.mw.mw)
\openout6 = `test.mw.mw'.

l.14 --- TeX4ht warning --- File `"samples/propiedades/periodicidad1.xbb"' not 
found ---
l.14 --- TeX4ht warning --- Cannot determine size of graphic in "samples/propie
dades/periodicidad1.xbb" (no BoundingBox) ---
l. 14 --- needs --- samples/propiedades/periodicidad1.jpg ---
\openout6 = `test.mw.mw'.

[33

] (test.mw.mw)
\openout6 = `test.mw.mw'.

Output from handle CurrentSolution going to CurrentSolution.tex
\openout6 = `CurrentSolution.tex'.

\openout6 = `test.mw.mw'.

\openout6 = `test.mw.mw'.

\openout6 = `test.mw.mw'.

\openout6 = `test.mw.mw'.

\openout6 = `test.mw.mw'.

\openout6 = `test.mw.mw'.

\openout6 = `test.mw.mw'.

\openout6 = `test.mw.mw'.

\openout6 = `test.mw.mw'.

\openout6 = `test.mw.mw'.

\openout6 = `CurrentSolution.tex'.

(CurrentSolution.tex)
\openout6 = `test.mw.mw'.

[34

] (test.mw.mw)
\openout6 = `test.mw.mw'.

\openout6 = `test.mw.mw'.

\openout6 = `test.mw.mw'.

\openout6 = `test.mw.mw'.

\openout6 = `test.mw.mw'.

\openout6 = `test.mw.mw'.

\openout6 = `test.mw.mw'.

\openout6 = `test.mw.mw'.

\openout6 = `test.mw.mw'.

\openout6 = `test.mw.mw'.

[35

] (test.mw.mw)
\openout6 = `test.mw.mw'.

l.38 --- TeX4ht warning --- File `"samples/propiedades/periodicidad2.xbb"' not 
found ---
l.38 --- TeX4ht warning --- Cannot determine size of graphic in "samples/propie
dades/periodicidad2.xbb" (no BoundingBox) ---
l. 38 --- needs --- samples/propiedades/periodicidad2.jpg ---
\openout6 = `test.mw.mw'.

[36

] (test.mw.mw)
\openout6 = `test.mw.mw'.

Output from handle CurrentSolution going to CurrentSolution.tex
\openout6 = `CurrentSolution.tex'.

\openout6 = `test.mw.mw'.

\openout6 = `test.mw.mw'.

\openout6 = `test.mw.mw'.

\openout6 = `test.mw.mw'.

\openout6 = `test.mw.mw'.

\openout6 = `test.mw.mw'.

\openout6 = `test.mw.mw'.

\openout6 = `test.mw.mw'.

\openout6 = `test.mw.mw'.

\openout6 = `test.mw.mw'.

\openout6 = `CurrentSolution.tex'.

(CurrentSolution.tex)
\openout6 = `test.mw.mw'.

[37

] (test.mw.mw)
\openout6 = `test.mw.mw'.

\openout6 = `test.mw.mw'.

\openout6 = `test.mw.mw'.

\openout6 = `test.mw.mw'.

\openout6 = `test.mw.mw'.

\openout6 = `test.mw.mw'.

\openout6 = `test.mw.mw'.

\openout6 = `test.mw.mw'.

\openout6 = `test.mw.mw'.

\openout6 = `test.mw.mw'.

[38

] (test.mw.mw)
\openout6 = `test.mw.mw'.

l.62 --- TeX4ht warning --- File `"samples/propiedades/periodicidad3.xbb"' not 
found ---
l.62 --- TeX4ht warning --- Cannot determine size of graphic in "samples/propie
dades/periodicidad3.xbb" (no BoundingBox) ---
l. 62 --- needs --- samples/propiedades/periodicidad3.jpg ---
\openout6 = `test.mw.mw'.

[39

] (test.mw.mw)
\openout6 = `test.mw.mw'.

Output from handle CurrentSolution going to CurrentSolution.tex
\openout6 = `CurrentSolution.tex'.

\openout6 = `test.mw.mw'.

\openout6 = `test.mw.mw'.

\openout6 = `test.mw.mw'.

\openout6 = `test.mw.mw'.

\openout6 = `test.mw.mw'.

\openout6 = `test.mw.mw'.

\openout6 = `test.mw.mw'.

\openout6 = `test.mw.mw'.

\openout6 = `test.mw.mw'.

\openout6 = `test.mw.mw'.

\openout6 = `CurrentSolution.tex'.

(CurrentSolution.tex)
\openout6 = `test.mw.mw'.

[40

] (test.mw.mw)
\openout6 = `test.mw.mw'.

\openout6 = `test.mw.mw'.

\openout6 = `test.mw.mw'.

\openout6 = `test.mw.mw'.

\openout6 = `test.mw.mw'.

\openout6 = `test.mw.mw'.

\openout6 = `test.mw.mw'.

\openout6 = `test.mw.mw'.

\openout6 = `test.mw.mw'.

\openout6 = `test.mw.mw'.

[41

] (test.mw.mw)
\openout6 = `test.mw.mw'.

l.85 --- TeX4ht warning --- File `"samples/propiedades/periodicidad4.xbb"' not 
found ---
l.85 --- TeX4ht warning --- Cannot determine size of graphic in "samples/propie
dades/periodicidad4.xbb" (no BoundingBox) ---
l. 85 --- needs --- samples/propiedades/periodicidad4.jpg ---
\openout6 = `test.mw.mw'.

[42

] (test.mw.mw)
\openout6 = `test.mw.mw'.

Output from handle CurrentSolution going to CurrentSolution.tex
\openout6 = `CurrentSolution.tex'.

\openout6 = `test.mw.mw'.

\openout6 = `test.mw.mw'.

\openout6 = `test.mw.mw'.

\openout6 = `test.mw.mw'.

\openout6 = `test.mw.mw'.

\openout6 = `test.mw.mw'.

\openout6 = `test.mw.mw'.

\openout6 = `test.mw.mw'.

\openout6 = `test.mw.mw'.

\openout6 = `test.mw.mw'.

\openout6 = `CurrentSolution.tex'.

(CurrentSolution.tex)
\openout6 = `test.mw.mw'.

[43

] (test.mw.mw)
\openout6 = `test.mw.mw'.

\openout6 = `test.mw.mw'.

\openout6 = `test.mw.mw'.

\openout6 = `test.mw.mw'.

\openout6 = `test.mw.mw'.

\openout6 = `test.mw.mw'.

\openout6 = `test.mw.mw'.

\openout6 = `test.mw.mw'.

\openout6 = `test.mw.mw'.

\openout6 = `test.mw.mw'.

[44

] (test.mw.mw)
\openout6 = `test.mw.mw'.

l.108 --- TeX4ht warning --- File `"samples/propiedades/periodicidad5.xbb"' not
 found ---
l.108 --- TeX4ht warning --- Cannot determine size of graphic in "samples/propi
edades/periodicidad5.xbb" (no BoundingBox) ---
l. 108 --- needs --- samples/propiedades/periodicidad5.jpg ---
\openout6 = `test.mw.mw'.

[45

] (test.mw.mw)
\openout6 = `test.mw.mw'.

Output from handle CurrentSolution going to CurrentSolution.tex
\openout6 = `CurrentSolution.tex'.

\openout6 = `test.mw.mw'.

\openout6 = `test.mw.mw'.

\openout6 = `test.mw.mw'.

\openout6 = `test.mw.mw'.

\openout6 = `test.mw.mw'.

\openout6 = `test.mw.mw'.

\openout6 = `test.mw.mw'.

\openout6 = `test.mw.mw'.

\openout6 = `test.mw.mw'.

\openout6 = `test.mw.mw'.

\openout6 = `CurrentSolution.tex'.

(CurrentSolution.tex))
\openout6 = `test.mw.mw'.

[46

] (test.mw.mw)
\openout6 = `test.mw.mw'.

\openout6 = `test.mw.mw'.

\openout6 = `test.mw.mw'.

\openout6 = `test.mw.mw'.

\openout6 = `test.mw.mw'.

\openout6 = `test.mw.mw'.

\openout6 = `test.mw.mw'.

--- file testsu6.html ---
(test.4ct) (samples/propiedades/puntosCorte.tex
\openout6 = `test.mw.mw'.

[47

] (test.mw.mw)
\openout6 = `test.mw.mw'.

\openout6 = `test.mw.mw'.

\openout6 = `test.mw.mw'.

\openout6 = `test.mw.mw'.

\openout6 = `test.mw.mw'.

\openout6 = `test.mw.mw'.

\openout6 = `test.mw.mw'.

\openout6 = `test.mw.mw'.

\openout6 = `test.mw.mw'.

\openout6 = `test.mw.mw'.

\openout6 = `test.mw.mw'.

\openout6 = `test.mw.mw'.

\openout6 = `test.mw.mw'.

\openout6 = `test.mw.mw'.

\openout6 = `test.mw.mw'.

\openout6 = `test.mw.mw'.

\openout6 = `test.mw.mw'.

\openout6 = `test.mw.mw'.

\openout6 = `test.mw.mw'.

\openout6 = `test.mw.mw'.

\openout6 = `test.mw.mw'.

Output from handle CurrentSolution going to CurrentSolution.tex
\openout6 = `CurrentSolution.tex'.

\openout6 = `test.mw.mw'.

\openout6 = `test.mw.mw'.

\openout6 = `test.mw.mw'.

\openout6 = `test.mw.mw'.

\openout6 = `test.mw.mw'.

\openout6 = `test.mw.mw'.

\openout6 = `test.mw.mw'.

\openout6 = `test.mw.mw'.

\openout6 = `test.mw.mw'.

\openout6 = `test.mw.mw'.

\openout6 = `test.mw.mw'.

\openout6 = `test.mw.mw'.

\openout6 = `CurrentSolution.tex'.

(CurrentSolution.tex)
Output from handle CurrentSolution going to CurrentSolution.tex
\openout6 = `CurrentSolution.tex'.

\openout6 = `test.mw.mw'.

\openout6 = `test.mw.mw'.

\openout6 = `test.mw.mw'.

\openout6 = `test.mw.mw'.

\openout6 = `test.mw.mw'.

\openout6 = `test.mw.mw'.

\openout6 = `test.mw.mw'.

\openout6 = `test.mw.mw'.

\openout6 = `test.mw.mw'.

\openout6 = `test.mw.mw'.

\openout6 = `test.mw.mw'.

\openout6 = `test.mw.mw'.

\openout6 = `CurrentSolution.tex'.

(CurrentSolution.tex
\openout6 = `test.mw.mw'.

[48] (test.mw.mw)
\openout6 = `test.mw.mw'.

\openout6 = `test.mw.mw'.

\openout6 = `test.mw.mw'.

\openout6 = `test.mw.mw'.

\openout6 = `test.mw.mw'.

\openout6 = `test.mw.mw'.

\openout6 = `test.mw.mw'.

\openout6 = `test.mw.mw'.

\openout6 = `test.mw.mw'.

)
Output from handle CurrentSolution going to CurrentSolution.tex
\openout6 = `CurrentSolution.tex'.

\openout6 = `test.mw.mw'.

\openout6 = `test.mw.mw'.

\openout6 = `test.mw.mw'.

\openout6 = `test.mw.mw'.

\openout6 = `test.mw.mw'.

\openout6 = `test.mw.mw'.

\openout6 = `test.mw.mw'.

\openout6 = `test.mw.mw'.

\openout6 = `test.mw.mw'.

\openout6 = `test.mw.mw'.

\openout6 = `test.mw.mw'.

\openout6 = `test.mw.mw'.

\openout6 = `CurrentSolution.tex'.

(CurrentSolution.tex)
Output from handle CurrentSolution going to CurrentSolution.tex
\openout6 = `CurrentSolution.tex'.

\openout6 = `test.mw.mw'.

\openout6 = `test.mw.mw'.

\openout6 = `test.mw.mw'.

\openout6 = `test.mw.mw'.

\openout6 = `test.mw.mw'.

\openout6 = `test.mw.mw'.

\openout6 = `test.mw.mw'.

\openout6 = `test.mw.mw'.

\openout6 = `test.mw.mw'.

\openout6 = `test.mw.mw'.

\openout6 = `test.mw.mw'.

\openout6 = `test.mw.mw'.

\openout6 = `CurrentSolution.tex'.

(CurrentSolution.tex
\openout6 = `test.mw.mw'.

[49] (test.mw.mw)
\openout6 = `test.mw.mw'.

\openout6 = `test.mw.mw'.

\openout6 = `test.mw.mw'.

\openout6 = `test.mw.mw'.

\openout6 = `test.mw.mw'.

)
Output from handle CurrentSolution going to CurrentSolution.tex
\openout6 = `CurrentSolution.tex'.

\openout6 = `test.mw.mw'.

\openout6 = `test.mw.mw'.

\openout6 = `test.mw.mw'.

\openout6 = `test.mw.mw'.

\openout6 = `test.mw.mw'.

\openout6 = `test.mw.mw'.

\openout6 = `test.mw.mw'.

\openout6 = `test.mw.mw'.

\openout6 = `test.mw.mw'.

\openout6 = `test.mw.mw'.

\openout6 = `test.mw.mw'.

\openout6 = `test.mw.mw'.

\openout6 = `CurrentSolution.tex'.

(CurrentSolution.tex)
Output from handle CurrentSolution going to CurrentSolution.tex
\openout6 = `CurrentSolution.tex'.

\openout6 = `test.mw.mw'.

\openout6 = `test.mw.mw'.

\openout6 = `test.mw.mw'.

\openout6 = `test.mw.mw'.

\openout6 = `test.mw.mw'.

\openout6 = `test.mw.mw'.

\openout6 = `test.mw.mw'.

\openout6 = `test.mw.mw'.

\openout6 = `test.mw.mw'.

\openout6 = `test.mw.mw'.

\openout6 = `CurrentSolution.tex'.

(CurrentSolution.tex
\openout6 = `test.mw.mw'.

[50] (test.mw.mw)
\openout6 = `test.mw.mw'.

\openout6 = `test.mw.mw'.

\openout6 = `test.mw.mw'.

\openout6 = `test.mw.mw'.

\openout6 = `test.mw.mw'.

)
Output from handle CurrentSolution going to CurrentSolution.tex
\openout6 = `CurrentSolution.tex'.

\openout6 = `test.mw.mw'.

\openout6 = `test.mw.mw'.

\openout6 = `test.mw.mw'.

\openout6 = `test.mw.mw'.

\openout6 = `test.mw.mw'.

\openout6 = `test.mw.mw'.

\openout6 = `test.mw.mw'.

\openout6 = `test.mw.mw'.

\openout6 = `test.mw.mw'.

\openout6 = `test.mw.mw'.

\openout6 = `CurrentSolution.tex'.

(CurrentSolution.tex)
Output from handle CurrentSolution going to CurrentSolution.tex
\openout6 = `CurrentSolution.tex'.

\openout6 = `test.mw.mw'.

\openout6 = `test.mw.mw'.

\openout6 = `test.mw.mw'.

\openout6 = `test.mw.mw'.

\openout6 = `test.mw.mw'.

\openout6 = `test.mw.mw'.

\openout6 = `test.mw.mw'.

\openout6 = `test.mw.mw'.

\openout6 = `test.mw.mw'.

\openout6 = `test.mw.mw'.

\openout6 = `CurrentSolution.tex'.

(CurrentSolution.tex
\openout6 = `test.mw.mw'.

[51] (test.mw.mw)
\openout6 = `test.mw.mw'.

\openout6 = `test.mw.mw'.

\openout6 = `test.mw.mw'.

\openout6 = `test.mw.mw'.

\openout6 = `test.mw.mw'.

)
Output from handle CurrentSolution going to CurrentSolution.tex
\openout6 = `CurrentSolution.tex'.

\openout6 = `test.mw.mw'.

\openout6 = `test.mw.mw'.

\openout6 = `test.mw.mw'.

\openout6 = `test.mw.mw'.

\openout6 = `test.mw.mw'.

\openout6 = `test.mw.mw'.

\openout6 = `test.mw.mw'.

\openout6 = `test.mw.mw'.

\openout6 = `test.mw.mw'.

\openout6 = `test.mw.mw'.

\openout6 = `CurrentSolution.tex'.

(CurrentSolution.tex)
Output from handle CurrentSolution going to CurrentSolution.tex
\openout6 = `CurrentSolution.tex'.

\openout6 = `test.mw.mw'.

\openout6 = `test.mw.mw'.

\openout6 = `test.mw.mw'.

\openout6 = `test.mw.mw'.

\openout6 = `test.mw.mw'.

\openout6 = `test.mw.mw'.

\openout6 = `test.mw.mw'.

\openout6 = `test.mw.mw'.

\openout6 = `test.mw.mw'.

\openout6 = `test.mw.mw'.

\openout6 = `CurrentSolution.tex'.

(CurrentSolution.tex))
\openout6 = `test.mw.mw'.

[52] (test.mw.mw)
\openout6 = `test.mw.mw'.

\openout6 = `test.mw.mw'.

\openout6 = `test.mw.mw'.

\openout6 = `test.mw.mw'.

\openout6 = `test.mw.mw'.

\openout6 = `test.mw.mw'.

[53] (test.mw.mw)
\openout6 = `test.mw.mw'.

--- file testsu7.html ---
(test.4ct) (samples/propiedades/crecimiento.tex
\openout6 = `test.mw.mw'.

[54

] (test.mw.mw)
\openout6 = `test.mw.mw'.

\openout6 = `test.mw.mw'.

\openout6 = `test.mw.mw'.

\openout6 = `test.mw.mw'.

\openout6 = `test.mw.mw'.

\openout6 = `test.mw.mw'.

\openout6 = `test.mw.mw'.

\openout6 = `test.mw.mw'.

\openout6 = `test.mw.mw'.

\openout6 = `test.mw.mw'.

\openout6 = `test.mw.mw'.

\openout6 = `test.mw.mw'.

\openout6 = `test.mw.mw'.

\openout6 = `test.mw.mw'.

\openout6 = `test.mw.mw'.

\openout6 = `test.mw.mw'.

\openout6 = `test.mw.mw'.

\openout6 = `test.mw.mw'.

\openout6 = `test.mw.mw'.

\openout6 = `test.mw.mw'.

[55

] (test.mw.mw)
\openout6 = `test.mw.mw'.

l.7 --- TeX4ht warning --- File `"samples/propiedades/crecienteDecreciente.xbb"
' not found ---
l.7 --- TeX4ht warning --- Cannot determine size of graphic in "samples/propied
ades/crecienteDecreciente.xbb" (no BoundingBox) ---
l. 7 --- needs --- samples/propiedades/crecienteDecreciente.jpg ---
\openout6 = `test.mw.mw'.

[56

] (test.mw.mw)
\openout6 = `test.mw.mw'.

Output from handle CurrentSolution going to CurrentSolution.tex
\openout6 = `CurrentSolution.tex'.

\openout6 = `test.mw.mw'.

\openout6 = `test.mw.mw'.

\openout6 = `test.mw.mw'.

\openout6 = `test.mw.mw'.

\openout6 = `test.mw.mw'.

\openout6 = `test.mw.mw'.

\openout6 = `test.mw.mw'.

\openout6 = `test.mw.mw'.

\openout6 = `test.mw.mw'.

\openout6 = `test.mw.mw'.

\openout6 = `test.mw.mw'.

\openout6 = `test.mw.mw'.

\openout6 = `test.mw.mw'.

\openout6 = `test.mw.mw'.

\openout6 = `test.mw.mw'.

\openout6 = `test.mw.mw'.

\openout6 = `test.mw.mw'.

\openout6 = `test.mw.mw'.

\openout6 = `CurrentSolution.tex'.

(CurrentSolution.tex
\openout6 = `test.mw.mw'.

[57

] (test.mw.mw)
\openout6 = `test.mw.mw'.

\openout6 = `test.mw.mw'.

\openout6 = `test.mw.mw'.

\openout6 = `test.mw.mw'.

\openout6 = `test.mw.mw'.

\openout6 = `test.mw.mw'.

\openout6 = `test.mw.mw'.

\openout6 = `test.mw.mw'.

\openout6 = `test.mw.mw'.

)
Output from handle CurrentSolution going to CurrentSolution.tex
\openout6 = `CurrentSolution.tex'.

\openout6 = `test.mw.mw'.

\openout6 = `test.mw.mw'.

\openout6 = `test.mw.mw'.

\openout6 = `test.mw.mw'.

\openout6 = `test.mw.mw'.

\openout6 = `test.mw.mw'.

\openout6 = `test.mw.mw'.

\openout6 = `test.mw.mw'.

\openout6 = `test.mw.mw'.

\openout6 = `test.mw.mw'.

\openout6 = `test.mw.mw'.

\openout6 = `test.mw.mw'.

\openout6 = `test.mw.mw'.

\openout6 = `test.mw.mw'.

\openout6 = `test.mw.mw'.

\openout6 = `test.mw.mw'.

\openout6 = `test.mw.mw'.

\openout6 = `test.mw.mw'.

\openout6 = `CurrentSolution.tex'.

(CurrentSolution.tex)
Output from handle CurrentSolution going to CurrentSolution.tex
\openout6 = `CurrentSolution.tex'.

\openout6 = `test.mw.mw'.

\openout6 = `test.mw.mw'.

\openout6 = `test.mw.mw'.

\openout6 = `test.mw.mw'.

\openout6 = `test.mw.mw'.

\openout6 = `test.mw.mw'.

\openout6 = `test.mw.mw'.

\openout6 = `test.mw.mw'.

\openout6 = `test.mw.mw'.

\openout6 = `test.mw.mw'.

\openout6 = `test.mw.mw'.

\openout6 = `test.mw.mw'.

\openout6 = `test.mw.mw'.

\openout6 = `test.mw.mw'.

\openout6 = `test.mw.mw'.

\openout6 = `test.mw.mw'.

\openout6 = `CurrentSolution.tex'.

\openout6 = `test.mw.mw'.

[58] (test.mw.mw)
\openout6 = `test.mw.mw'.

\openout6 = `test.mw.mw'.

\openout6 = `test.mw.mw'.

\openout6 = `test.mw.mw'.

\openout6 = `test.mw.mw'.

(CurrentSolution.tex)
Output from handle CurrentSolution going to CurrentSolution.tex
\openout6 = `CurrentSolution.tex'.

\openout6 = `test.mw.mw'.

\openout6 = `test.mw.mw'.

\openout6 = `test.mw.mw'.

\openout6 = `test.mw.mw'.

\openout6 = `test.mw.mw'.

\openout6 = `test.mw.mw'.

\openout6 = `test.mw.mw'.

\openout6 = `test.mw.mw'.

\openout6 = `test.mw.mw'.

\openout6 = `test.mw.mw'.

\openout6 = `test.mw.mw'.

\openout6 = `test.mw.mw'.

\openout6 = `test.mw.mw'.

\openout6 = `test.mw.mw'.

\openout6 = `test.mw.mw'.

\openout6 = `test.mw.mw'.

\openout6 = `test.mw.mw'.

\openout6 = `test.mw.mw'.

\openout6 = `CurrentSolution.tex'.

(CurrentSolution.tex)
\openout6 = `test.mw.mw'.

[59] (test.mw.mw)
\openout6 = `test.mw.mw'.

\openout6 = `test.mw.mw'.

\openout6 = `test.mw.mw'.

Output from handle CurrentSolution going to CurrentSolution.tex
\openout6 = `CurrentSolution.tex'.

\openout6 = `test.mw.mw'.

\openout6 = `test.mw.mw'.

\openout6 = `test.mw.mw'.

\openout6 = `test.mw.mw'.

\openout6 = `test.mw.mw'.

\openout6 = `test.mw.mw'.

\openout6 = `test.mw.mw'.

\openout6 = `test.mw.mw'.

\openout6 = `test.mw.mw'.

\openout6 = `test.mw.mw'.

\openout6 = `test.mw.mw'.

\openout6 = `test.mw.mw'.

\openout6 = `test.mw.mw'.

\openout6 = `test.mw.mw'.

\openout6 = `test.mw.mw'.

\openout6 = `test.mw.mw'.

\openout6 = `test.mw.mw'.

\openout6 = `test.mw.mw'.

\openout6 = `CurrentSolution.tex'.

(CurrentSolution.tex)
\openout6 = `test.mw.mw'.

[60] (test.mw.mw)
\openout6 = `test.mw.mw'.

\openout6 = `test.mw.mw'.

\openout6 = `test.mw.mw'.

\openout6 = `test.mw.mw'.

\openout6 = `test.mw.mw'.

Output from handle CurrentSolution going to CurrentSolution.tex
\openout6 = `CurrentSolution.tex'.

\openout6 = `test.mw.mw'.

\openout6 = `test.mw.mw'.

\openout6 = `test.mw.mw'.

\openout6 = `test.mw.mw'.

\openout6 = `test.mw.mw'.

\openout6 = `test.mw.mw'.

\openout6 = `test.mw.mw'.

\openout6 = `test.mw.mw'.

\openout6 = `test.mw.mw'.

\openout6 = `test.mw.mw'.

\openout6 = `CurrentSolution.tex'.

(CurrentSolution.tex))
\openout6 = `test.mw.mw'.

[61] (test.mw.mw)
\openout6 = `test.mw.mw'.

--- file testsu8.html ---
(test.4ct) (samples/propiedades/maxmin.tex
\openout6 = `test.mw.mw'.

[62

] (test.mw.mw)
\openout6 = `test.mw.mw'.

\openout6 = `test.mw.mw'.

\openout6 = `test.mw.mw'.

\openout6 = `test.mw.mw'.

\openout6 = `test.mw.mw'.

\openout6 = `test.mw.mw'.

\openout6 = `test.mw.mw'.

\openout6 = `test.mw.mw'.

\openout6 = `test.mw.mw'.

\openout6 = `test.mw.mw'.

\openout6 = `test.mw.mw'.

\openout6 = `test.mw.mw'.

\openout6 = `test.mw.mw'.

\openout6 = `test.mw.mw'.

\openout6 = `test.mw.mw'.

\openout6 = `test.mw.mw'.

\openout6 = `test.mw.mw'.

\openout6 = `test.mw.mw'.

\openout6 = `test.mw.mw'.

\openout6 = `test.mw.mw'.

\openout6 = `test.mw.mw'.

\openout6 = `test.mw.mw'.

\openout6 = `test.mw.mw'.

Output from handle CurrentSolution going to CurrentSolution.tex
\openout6 = `CurrentSolution.tex'.

\openout6 = `test.mw.mw'.

\openout6 = `test.mw.mw'.

\openout6 = `test.mw.mw'.

\openout6 = `test.mw.mw'.

\openout6 = `test.mw.mw'.

\openout6 = `test.mw.mw'.

\openout6 = `test.mw.mw'.

\openout6 = `test.mw.mw'.

\openout6 = `test.mw.mw'.

\openout6 = `test.mw.mw'.

\openout6 = `test.mw.mw'.

\openout6 = `test.mw.mw'.

\openout6 = `test.mw.mw'.

\openout6 = `test.mw.mw'.

\openout6 = `test.mw.mw'.

\openout6 = `test.mw.mw'.

\openout6 = `test.mw.mw'.

\openout6 = `test.mw.mw'.

\openout6 = `CurrentSolution.tex'.

(CurrentSolution.tex
\openout6 = `test.mw.mw'.

[63] (test.mw.mw)
\openout6 = `test.mw.mw'.

\openout6 = `test.mw.mw'.

\openout6 = `test.mw.mw'.

\openout6 = `test.mw.mw'.

\openout6 = `test.mw.mw'.

\openout6 = `test.mw.mw'.

\openout6 = `test.mw.mw'.

)
Output from handle CurrentSolution going to CurrentSolution.tex
\openout6 = `CurrentSolution.tex'.

\openout6 = `test.mw.mw'.

\openout6 = `test.mw.mw'.

\openout6 = `test.mw.mw'.

\openout6 = `test.mw.mw'.

\openout6 = `test.mw.mw'.

\openout6 = `test.mw.mw'.

\openout6 = `test.mw.mw'.

\openout6 = `test.mw.mw'.

\openout6 = `test.mw.mw'.

\openout6 = `test.mw.mw'.

\openout6 = `test.mw.mw'.

\openout6 = `test.mw.mw'.

\openout6 = `test.mw.mw'.

\openout6 = `test.mw.mw'.

\openout6 = `test.mw.mw'.

\openout6 = `test.mw.mw'.

\openout6 = `test.mw.mw'.

\openout6 = `test.mw.mw'.

\openout6 = `CurrentSolution.tex'.

(CurrentSolution.tex))
\openout6 = `test.mw.mw'.

[64] (test.mw.mw)
\openout6 = `test.mw.mw'.

\openout6 = `test.mw.mw'.

\openout6 = `test.mw.mw'.

\openout6 = `test.mw.mw'.

[65] (test.mw.mw)
\openout6 = `test.mw.mw'.

--- file testsu9.html ---
(test.4ct) (samples/propiedades/concavidad.tex
\openout6 = `test.mw.mw'.

[66

] (test.mw.mw)
\openout6 = `test.mw.mw'.

\openout6 = `test.mw.mw'.

\openout6 = `test.mw.mw'.

\openout6 = `test.mw.mw'.

\openout6 = `test.mw.mw'.

\openout6 = `test.mw.mw'.

\openout6 = `test.mw.mw'.

\openout6 = `test.mw.mw'.

\openout6 = `test.mw.mw'.

\openout6 = `test.mw.mw'.

\openout6 = `test.mw.mw'.

\openout6 = `test.mw.mw'.

\openout6 = `test.mw.mw'.

\openout6 = `test.mw.mw'.

\openout6 = `test.mw.mw'.

\openout6 = `test.mw.mw'.

\openout6 = `test.mw.mw'.

\openout6 = `test.mw.mw'.

\openout6 = `test.mw.mw'.

\openout6 = `test.mw.mw'.

\openout6 = `test.mw.mw'.

Output from handle CurrentSolution going to CurrentSolution.tex
\openout6 = `CurrentSolution.tex'.

\openout6 = `test.mw.mw'.

\openout6 = `test.mw.mw'.

\openout6 = `test.mw.mw'.

\openout6 = `test.mw.mw'.

\openout6 = `test.mw.mw'.

\openout6 = `test.mw.mw'.

\openout6 = `test.mw.mw'.

\openout6 = `test.mw.mw'.

\openout6 = `test.mw.mw'.

\openout6 = `test.mw.mw'.

\openout6 = `test.mw.mw'.

\openout6 = `test.mw.mw'.

\openout6 = `test.mw.mw'.

\openout6 = `test.mw.mw'.

\openout6 = `CurrentSolution.tex'.

(CurrentSolution.tex))
\openout6 = `test.mw.mw'.

[67] (test.mw.mw)
\openout6 = `test.mw.mw'.

\openout6 = `test.mw.mw'.

\openout6 = `test.mw.mw'.

\openout6 = `test.mw.mw'.

\openout6 = `test.mw.mw'.

\openout6 = `test.mw.mw'.

\openout6 = `test.mw.mw'.

\openout6 = `test.mw.mw'.

\openout6 = `test.mw.mw'.

\openout6 = `test.mw.mw'.

\openout6 = `test.mw.mw'.

--- file testsu10.html ---
(test.4ct) (samples/propiedades/operaciones.tex
\openout6 = `test.mw.mw'.

[68

] (test.mw.mw)
\openout6 = `test.mw.mw'.

\openout6 = `test.mw.mw'.

\openout6 = `test.mw.mw'.

\openout6 = `test.mw.mw'.

\openout6 = `test.mw.mw'.

\openout6 = `test.mw.mw'.

\openout6 = `test.mw.mw'.

\openout6 = `test.mw.mw'.

\openout6 = `test.mw.mw'.

\openout6 = `test.mw.mw'.

\openout6 = `test.mw.mw'.

\openout6 = `test.mw.mw'.

\openout6 = `test.mw.mw'.

\openout6 = `test.mw.mw'.

\openout6 = `test.mw.mw'.

\openout6 = `test.mw.mw'.

\openout6 = `test.mw.mw'.

\openout6 = `test.mw.mw'.

[69] (test.mw.mw)
\openout6 = `test.mw.mw'.

Output from handle CurrentSolution going to CurrentSolution.tex
\openout6 = `CurrentSolution.tex'.

\openout6 = `test.mw.mw'.

\openout6 = `test.mw.mw'.

\openout6 = `test.mw.mw'.

\openout6 = `test.mw.mw'.

\openout6 = `test.mw.mw'.

\openout6 = `test.mw.mw'.

\openout6 = `test.mw.mw'.

\openout6 = `test.mw.mw'.

\openout6 = `test.mw.mw'.

\openout6 = `test.mw.mw'.

\openout6 = `test.mw.mw'.

\openout6 = `test.mw.mw'.

\openout6 = `test.mw.mw'.

\openout6 = `test.mw.mw'.

\openout6 = `test.mw.mw'.

\openout6 = `test.mw.mw'.

\openout6 = `CurrentSolution.tex'.

(CurrentSolution.tex
\openout6 = `test.mw.mw'.

[70] (test.mw.mw)
\openout6 = `test.mw.mw'.

\openout6 = `test.mw.mw'.

\openout6 = `test.mw.mw'.

\openout6 = `test.mw.mw'.

\openout6 = `test.mw.mw'.

\openout6 = `test.mw.mw'.

\openout6 = `test.mw.mw'.

)
Output from handle CurrentSolution going to CurrentSolution.tex
\openout6 = `CurrentSolution.tex'.

\openout6 = `test.mw.mw'.

\openout6 = `test.mw.mw'.

\openout6 = `test.mw.mw'.

\openout6 = `test.mw.mw'.

\openout6 = `test.mw.mw'.

\openout6 = `test.mw.mw'.

\openout6 = `test.mw.mw'.

\openout6 = `test.mw.mw'.

\openout6 = `test.mw.mw'.

\openout6 = `test.mw.mw'.

\openout6 = `test.mw.mw'.

\openout6 = `test.mw.mw'.

\openout6 = `test.mw.mw'.

\openout6 = `test.mw.mw'.

\openout6 = `test.mw.mw'.

\openout6 = `test.mw.mw'.

\openout6 = `CurrentSolution.tex'.

(CurrentSolution.tex)
\openout6 = `test.mw.mw'.

[71] (test.mw.mw)
\openout6 = `test.mw.mw'.

\openout6 = `test.mw.mw'.

\openout6 = `test.mw.mw'.

\openout6 = `test.mw.mw'.

\openout6 = `test.mw.mw'.

Output from handle CurrentSolution going to CurrentSolution.tex
\openout6 = `CurrentSolution.tex'.

\openout6 = `test.mw.mw'.

\openout6 = `test.mw.mw'.

\openout6 = `test.mw.mw'.

\openout6 = `test.mw.mw'.

\openout6 = `test.mw.mw'.

\openout6 = `test.mw.mw'.

\openout6 = `test.mw.mw'.

\openout6 = `test.mw.mw'.

\openout6 = `test.mw.mw'.

\openout6 = `test.mw.mw'.

\openout6 = `test.mw.mw'.

\openout6 = `test.mw.mw'.

\openout6 = `test.mw.mw'.

\openout6 = `test.mw.mw'.

\openout6 = `test.mw.mw'.

\openout6 = `test.mw.mw'.

\openout6 = `test.mw.mw'.

\openout6 = `test.mw.mw'.

\openout6 = `test.mw.mw'.

\openout6 = `test.mw.mw'.

\openout6 = `test.mw.mw'.

\openout6 = `test.mw.mw'.

\openout6 = `test.mw.mw'.

\openout6 = `test.mw.mw'.

\openout6 = `CurrentSolution.tex'.

(CurrentSolution.tex
\openout6 = `test.mw.mw'.

[72] (test.mw.mw)
\openout6 = `test.mw.mw'.

))
\openout6 = `test.mw.mw'.

[73] (test.mw.mw)
\openout6 = `test.mw.mw'.

--- file testsu11.html ---
(test.4ct) (samples/propiedades/funcionCompuesta.tex
\openout6 = `test.mw.mw'.

[74

] (test.mw.mw)
\openout6 = `test.mw.mw'.

\openout6 = `test.mw.mw'.

\openout6 = `test.mw.mw'.

\openout6 = `test.mw.mw'.

\openout6 = `test.mw.mw'.

\openout6 = `test.mw.mw'.

\openout6 = `test.mw.mw'.

\openout6 = `test.mw.mw'.

\openout6 = `test.mw.mw'.

\openout6 = `test.mw.mw'.

\openout6 = `test.mw.mw'.

\openout6 = `test.mw.mw'.

\openout6 = `test.mw.mw'.

\openout6 = `test.mw.mw'.

\openout6 = `test.mw.mw'.

\openout6 = `test.mw.mw'.

\openout6 = `test.mw.mw'.

\openout6 = `test.mw.mw'.

\openout6 = `test.mw.mw'.

\openout6 = `test.mw.mw'.

[75] (test.mw.mw)
\openout6 = `test.mw.mw'.

\openout6 = `test.mw.mw'.

[76] (test.mw.mw)
\openout6 = `test.mw.mw'.

\openout6 = `test.mw.mw'.

\openout6 = `test.mw.mw'.

\openout6 = `test.mw.mw'.

\openout6 = `test.mw.mw'.

Output from handle CurrentSolution going to CurrentSolution.tex
\openout6 = `CurrentSolution.tex'.

\openout6 = `test.mw.mw'.

\openout6 = `test.mw.mw'.

\openout6 = `test.mw.mw'.

\openout6 = `test.mw.mw'.

\openout6 = `test.mw.mw'.

\openout6 = `test.mw.mw'.

\openout6 = `test.mw.mw'.

\openout6 = `test.mw.mw'.

\openout6 = `test.mw.mw'.

\openout6 = `test.mw.mw'.

\openout6 = `test.mw.mw'.

\openout6 = `test.mw.mw'.

\openout6 = `test.mw.mw'.

\openout6 = `test.mw.mw'.

\openout6 = `test.mw.mw'.

\openout6 = `test.mw.mw'.

\openout6 = `CurrentSolution.tex'.

(CurrentSolution.tex)
Output from handle CurrentSolution going to CurrentSolution.tex
\openout6 = `CurrentSolution.tex'.

\openout6 = `test.mw.mw'.

\openout6 = `test.mw.mw'.

\openout6 = `test.mw.mw'.

\openout6 = `test.mw.mw'.

\openout6 = `test.mw.mw'.

\openout6 = `test.mw.mw'.

\openout6 = `test.mw.mw'.

\openout6 = `test.mw.mw'.

\openout6 = `test.mw.mw'.

\openout6 = `test.mw.mw'.

\openout6 = `test.mw.mw'.

\openout6 = `test.mw.mw'.

\openout6 = `test.mw.mw'.

\openout6 = `test.mw.mw'.

\openout6 = `test.mw.mw'.

\openout6 = `test.mw.mw'.

\openout6 = `CurrentSolution.tex'.

\openout6 = `test.mw.mw'.

[77] (test.mw.mw)
\openout6 = `test.mw.mw'.

\openout6 = `test.mw.mw'.

\openout6 = `test.mw.mw'.

\openout6 = `test.mw.mw'.

\openout6 = `test.mw.mw'.

(CurrentSolution.tex)
Output from handle CurrentSolution going to CurrentSolution.tex
\openout6 = `CurrentSolution.tex'.

\openout6 = `test.mw.mw'.

\openout6 = `test.mw.mw'.

\openout6 = `test.mw.mw'.

\openout6 = `test.mw.mw'.

\openout6 = `test.mw.mw'.

\openout6 = `test.mw.mw'.

\openout6 = `test.mw.mw'.

\openout6 = `test.mw.mw'.

\openout6 = `test.mw.mw'.

\openout6 = `test.mw.mw'.

\openout6 = `test.mw.mw'.

\openout6 = `test.mw.mw'.

\openout6 = `test.mw.mw'.

\openout6 = `test.mw.mw'.

\openout6 = `test.mw.mw'.

\openout6 = `test.mw.mw'.

\openout6 = `test.mw.mw'.

\openout6 = `test.mw.mw'.

\openout6 = `test.mw.mw'.

\openout6 = `test.mw.mw'.

\openout6 = `CurrentSolution.tex'.

(CurrentSolution.tex
\openout6 = `test.mw.mw'.

[78] (test.mw.mw)
\openout6 = `test.mw.mw'.

\openout6 = `test.mw.mw'.

\openout6 = `test.mw.mw'.

))
\openout6 = `test.mw.mw'.

[79] (test.mw.mw)
\openout6 = `test.mw.mw'.

--- file testsu12.html ---
(test.4ct) (samples/propiedades/funcionInversa.tex
\openout6 = `test.mw.mw'.

[80

] (test.mw.mw)
\openout6 = `test.mw.mw'.

\openout6 = `test.mw.mw'.

\openout6 = `test.mw.mw'.

\openout6 = `test.mw.mw'.

\openout6 = `test.mw.mw'.

\openout6 = `test.mw.mw'.

\openout6 = `test.mw.mw'.

\openout6 = `test.mw.mw'.

\openout6 = `test.mw.mw'.

\openout6 = `test.mw.mw'.

\openout6 = `test.mw.mw'.

\openout6 = `test.mw.mw'.

\openout6 = `test.mw.mw'.

\openout6 = `test.mw.mw'.

\openout6 = `test.mw.mw'.

\openout6 = `test.mw.mw'.

\openout6 = `test.mw.mw'.

\openout6 = `test.mw.mw'.

\openout6 = `test.mw.mw'.

\openout6 = `test.mw.mw'.

[81] (test.mw.mw)
\openout6 = `test.mw.mw'.

\openout6 = `test.mw.mw'.

\openout6 = `test.mw.mw'.

\openout6 = `test.mw.mw'.

\openout6 = `test.mw.mw'.

Output from handle CurrentSolution going to CurrentSolution.tex
\openout6 = `CurrentSolution.tex'.

\openout6 = `test.mw.mw'.

\openout6 = `test.mw.mw'.

\openout6 = `test.mw.mw'.

\openout6 = `test.mw.mw'.

\openout6 = `test.mw.mw'.

\openout6 = `test.mw.mw'.

\openout6 = `test.mw.mw'.

\openout6 = `test.mw.mw'.

\openout6 = `test.mw.mw'.

\openout6 = `test.mw.mw'.

\openout6 = `test.mw.mw'.

\openout6 = `test.mw.mw'.

\openout6 = `test.mw.mw'.

\openout6 = `test.mw.mw'.

\openout6 = `test.mw.mw'.

\openout6 = `test.mw.mw'.

\openout6 = `test.mw.mw'.

\openout6 = `test.mw.mw'.

\openout6 = `test.mw.mw'.

\openout6 = `test.mw.mw'.

\openout6 = `test.mw.mw'.

\openout6 = `test.mw.mw'.

\openout6 = `CurrentSolution.tex'.

(CurrentSolution.tex
\openout6 = `test.mw.mw'.

[82] (test.mw.mw)
\openout6 = `test.mw.mw'.

\openout6 = `test.mw.mw'.

\openout6 = `test.mw.mw'.

\openout6 = `test.mw.mw'.

\openout6 = `test.mw.mw'.

\openout6 = `test.mw.mw'.

\openout6 = `test.mw.mw'.

\openout6 = `test.mw.mw'.

\openout6 = `test.mw.mw'.

\openout6 = `test.mw.mw'.

\openout6 = `test.mw.mw'.

\openout6 = `test.mw.mw'.

\openout6 = `test.mw.mw'.

\openout6 = `test.mw.mw'.

\openout6 = `test.mw.mw'.

\openout6 = `test.mw.mw'.

\openout6 = `test.mw.mw'.

\openout6 = `test.mw.mw'.

\openout6 = `test.mw.mw'.

)
\openout6 = `test.mw.mw'.

[83] (test.mw.mw)
\openout6 = `test.mw.mw'.

\openout6 = `test.mw.mw'.

\openout6 = `test.mw.mw'.

Output from handle CurrentSolution going to CurrentSolution.tex
\openout6 = `CurrentSolution.tex'.

\openout6 = `test.mw.mw'.

\openout6 = `test.mw.mw'.

\openout6 = `test.mw.mw'.

\openout6 = `test.mw.mw'.

\openout6 = `test.mw.mw'.

\openout6 = `test.mw.mw'.

\openout6 = `test.mw.mw'.

\openout6 = `test.mw.mw'.

\openout6 = `test.mw.mw'.

\openout6 = `test.mw.mw'.

\openout6 = `test.mw.mw'.

\openout6 = `test.mw.mw'.

\openout6 = `test.mw.mw'.

\openout6 = `test.mw.mw'.

\openout6 = `test.mw.mw'.

\openout6 = `test.mw.mw'.

\openout6 = `test.mw.mw'.

\openout6 = `test.mw.mw'.

\openout6 = `CurrentSolution.tex'.

(CurrentSolution.tex)))
\openout6 = `test.mw.mw'.

[84] (test.mw.mw)
\openout6 = `test.mw.mw'.

--- file testse3.html ---
(test.4ct) (samples/funcionesElementales.tex (test.4ct)
--- file testsu13.html ---
(test.4ct) (samples/analisis/analisisGrafica.tex
\openout6 = `test.mw.mw'.

[85

] (test.mw.mw)
\openout6 = `test.mw.mw'.

\openout6 = `test.mw.mw'.

\openout6 = `test.mw.mw'.

\openout6 = `test.mw.mw'.

\openout6 = `test.mw.mw'.

\openout6 = `test.mw.mw'.

\openout6 = `test.mw.mw'.

\openout6 = `test.mw.mw'.

\openout6 = `test.mw.mw'.

\openout6 = `test.mw.mw'.

\openout6 = `test.mw.mw'.

\openout6 = `test.mw.mw'.

\openout6 = `test.mw.mw'.

\openout6 = `test.mw.mw'.

\openout6 = `test.mw.mw'.

\openout6 = `test.mw.mw'.

\openout6 = `test.mw.mw'.

\openout6 = `test.mw.mw'.

\openout6 = `test.mw.mw'.

\openout6 = `test.mw.mw'.

\openout6 = `test.mw.mw'.

\openout6 = `test.mw.mw'.

\openout6 = `test.mw.mw'.

\openout6 = `test.mw.mw'.

\openout6 = `test.mw.mw'.

\openout6 = `test.mw.mw'.

\openout6 = `test.mw.mw'.

\openout6 = `test.mw.mw'.

\openout6 = `test.mw.mw'.

\openout6 = `test.mw.mw'.

\openout6 = `test.mw.mw'.

\openout6 = `test.mw.mw'.

\openout6 = `test.mw.mw'.

\openout6 = `test.mw.mw'.

\openout6 = `test.mw.mw'.

\openout6 = `test.mw.mw'.

\openout6 = `test.mw.mw'.

\openout6 = `test.mw.mw'.

\openout6 = `test.mw.mw'.

\openout6 = `test.mw.mw'.

\openout6 = `test.mw.mw'.

\openout6 = `test.mw.mw'.

\openout6 = `test.mw.mw'.

\openout6 = `test.mw.mw'.

\openout6 = `test.mw.mw'.

\openout6 = `test.mw.mw'.

\openout6 = `test.mw.mw'.

\openout6 = `test.mw.mw'.

\openout6 = `test.mw.mw'.

\openout6 = `test.mw.mw'.

[86] (test.mw.mw)
\openout6 = `test.mw.mw'.

\openout6 = `test.mw.mw'.

[87

] (test.mw.mw)
\openout6 = `test.mw.mw'.

\openout6 = `test.mw.mw'.

[88

] (test.mw.mw)
\openout6 = `test.mw.mw'.

\openout6 = `test.mw.mw'.

[89] (test.mw.mw)
\openout6 = `test.mw.mw'.

\openout6 = `test.mw.mw'.

\openout6 = `test.mw.mw'.

\openout6 = `test.mw.mw'.

[90] (test.mw.mw)
\openout6 = `test.mw.mw'.

)
\openout6 = `test.mw.mw'.

[91

] (test.mw.mw)
\openout6 = `test.mw.mw'.

--- file testsu14.html ---
(test.4ct) (samples/analisis/polinomicas.tex
\openout6 = `test.mw.mw'.

[92

] (test.mw.mw)
\openout6 = `test.mw.mw'.

\openout6 = `test.mw.mw'.

\openout6 = `test.mw.mw'.

\openout6 = `test.mw.mw'.

\openout6 = `test.mw.mw'.

\openout6 = `test.mw.mw'.

\openout6 = `test.mw.mw'.

\openout6 = `test.mw.mw'.

\openout6 = `test.mw.mw'.

\openout6 = `test.mw.mw'.

\openout6 = `test.mw.mw'.

\openout6 = `test.mw.mw'.

\openout6 = `test.mw.mw'.

\openout6 = `test.mw.mw'.

\openout6 = `test.mw.mw'.

\openout6 = `test.mw.mw'.

\openout6 = `test.mw.mw'.

\openout6 = `test.mw.mw'.

\openout6 = `test.mw.mw'.

\openout6 = `test.mw.mw'.

\openout6 = `test.mw.mw'.

\openout6 = `test.mw.mw'.

[93] (test.mw.mw)
\openout6 = `test.mw.mw'.

\openout6 = `test.mw.mw'.

[94] (test.mw.mw)
\openout6 = `test.mw.mw'.

\openout6 = `test.mw.mw'.

\openout6 = `test.mw.mw'.

\openout6 = `test.mw.mw'.

\openout6 = `test.mw.mw'.

\openout6 = `test.mw.mw'.

\openout6 = `test.mw.mw'.

\openout6 = `test.mw.mw'.

[95] (test.mw.mw)
\openout6 = `test.mw.mw'.

Output from handle CurrentSolution going to CurrentSolution.tex
\openout6 = `CurrentSolution.tex'.

\openout6 = `test.mw.mw'.

\openout6 = `test.mw.mw'.

\openout6 = `test.mw.mw'.

\openout6 = `test.mw.mw'.

\openout6 = `test.mw.mw'.

\openout6 = `test.mw.mw'.

\openout6 = `test.mw.mw'.

\openout6 = `test.mw.mw'.

\openout6 = `test.mw.mw'.

\openout6 = `test.mw.mw'.

\openout6 = `test.mw.mw'.

\openout6 = `test.mw.mw'.

\openout6 = `test.mw.mw'.

\openout6 = `test.mw.mw'.

\openout6 = `test.mw.mw'.

\openout6 = `test.mw.mw'.

\openout6 = `test.mw.mw'.

\openout6 = `test.mw.mw'.

\openout6 = `CurrentSolution.tex'.

(CurrentSolution.tex
\openout6 = `test.mw.mw'.

[96] (test.mw.mw)
\openout6 = `test.mw.mw'.

\openout6 = `test.mw.mw'.

\openout6 = `test.mw.mw'.

\openout6 = `test.mw.mw'.

\openout6 = `test.mw.mw'.

\openout6 = `test.mw.mw'.

\openout6 = `test.mw.mw'.

)
Output from handle CurrentSolution going to CurrentSolution.tex
\openout6 = `CurrentSolution.tex'.

\openout6 = `test.mw.mw'.

\openout6 = `test.mw.mw'.

\openout6 = `test.mw.mw'.

\openout6 = `test.mw.mw'.

\openout6 = `test.mw.mw'.

\openout6 = `test.mw.mw'.

\openout6 = `test.mw.mw'.

\openout6 = `test.mw.mw'.

\openout6 = `test.mw.mw'.

\openout6 = `test.mw.mw'.

\openout6 = `test.mw.mw'.

\openout6 = `test.mw.mw'.

\openout6 = `CurrentSolution.tex'.

(CurrentSolution.tex))
\openout6 = `test.mw.mw'.

[97] (test.mw.mw)
\openout6 = `test.mw.mw'.

\openout6 = `test.mw.mw'.

\openout6 = `test.mw.mw'.

--- file testsu15.html ---
(test.4ct) (samples/analisis/fraccionarias.tex
\openout6 = `test.mw.mw'.

[98

] (test.mw.mw)
\openout6 = `test.mw.mw'.

\openout6 = `test.mw.mw'.

\openout6 = `test.mw.mw'.

\openout6 = `test.mw.mw'.

\openout6 = `test.mw.mw'.

\openout6 = `test.mw.mw'.

\openout6 = `test.mw.mw'.

\openout6 = `test.mw.mw'.

\openout6 = `test.mw.mw'.

\openout6 = `test.mw.mw'.

\openout6 = `test.mw.mw'.

\openout6 = `test.mw.mw'.

\openout6 = `test.mw.mw'.

\openout6 = `test.mw.mw'.

\openout6 = `test.mw.mw'.

\openout6 = `test.mw.mw'.

\openout6 = `test.mw.mw'.

\openout6 = `test.mw.mw'.

\openout6 = `test.mw.mw'.

\openout6 = `test.mw.mw'.

\openout6 = `test.mw.mw'.

\openout6 = `test.mw.mw'.

[99] (test.mw.mw)
\openout6 = `test.mw.mw'.

\openout6 = `test.mw.mw'.

[100] (test.mw.mw)
\openout6 = `test.mw.mw'.

\openout6 = `test.mw.mw'.

[101] (test.mw.mw)
\openout6 = `test.mw.mw'.

)
\openout6 = `test.mw.mw'.

[102] (test.mw.mw)
\openout6 = `test.mw.mw'.

--- file testsu16.html ---
(test.4ct) (samples/analisis/irracionales.tex
\openout6 = `test.mw.mw'.

[103

] (test.mw.mw)
\openout6 = `test.mw.mw'.

\openout6 = `test.mw.mw'.

\openout6 = `test.mw.mw'.

\openout6 = `test.mw.mw'.

\openout6 = `test.mw.mw'.

\openout6 = `test.mw.mw'.

\openout6 = `test.mw.mw'.

\openout6 = `test.mw.mw'.

\openout6 = `test.mw.mw'.

\openout6 = `test.mw.mw'.

\openout6 = `test.mw.mw'.

\openout6 = `test.mw.mw'.

\openout6 = `test.mw.mw'.

\openout6 = `test.mw.mw'.

\openout6 = `test.mw.mw'.

\openout6 = `test.mw.mw'.

\openout6 = `test.mw.mw'.

\openout6 = `test.mw.mw'.

\openout6 = `test.mw.mw'.

\openout6 = `test.mw.mw'.

\openout6 = `test.mw.mw'.

\openout6 = `test.mw.mw'.

[104] (test.mw.mw)
\openout6 = `test.mw.mw'.

)
\openout6 = `test.mw.mw'.

[105] (test.mw.mw)
\openout6 = `test.mw.mw'.

--- file testsu17.html ---
(test.4ct) (samples/analisis/exponenciales.tex
\openout6 = `test.mw.mw'.

[106

] (test.mw.mw)
\openout6 = `test.mw.mw'.

\openout6 = `test.mw.mw'.

\openout6 = `test.mw.mw'.

\openout6 = `test.mw.mw'.

\openout6 = `test.mw.mw'.

\openout6 = `test.mw.mw'.

\openout6 = `test.mw.mw'.

\openout6 = `test.mw.mw'.

\openout6 = `test.mw.mw'.

\openout6 = `test.mw.mw'.

\openout6 = `test.mw.mw'.

\openout6 = `test.mw.mw'.

\openout6 = `test.mw.mw'.

\openout6 = `test.mw.mw'.

\openout6 = `test.mw.mw'.

\openout6 = `test.mw.mw'.

\openout6 = `test.mw.mw'.

\openout6 = `test.mw.mw'.

[107] (test.mw.mw)
\openout6 = `test.mw.mw'.

\openout6 = `test.mw.mw'.

\openout6 = `test.mw.mw'.

\openout6 = `test.mw.mw'.

\openout6 = `test.mw.mw'.

\openout6 = `test.mw.mw'.

[108] (test.mw.mw)
\openout6 = `test.mw.mw'.

\openout6 = `test.mw.mw'.

[109] (test.mw.mw)
\openout6 = `test.mw.mw'.

Output from handle CurrentSolution going to CurrentSolution.tex
\openout6 = `CurrentSolution.tex'.

\openout6 = `test.mw.mw'.

\openout6 = `test.mw.mw'.

\openout6 = `test.mw.mw'.

\openout6 = `test.mw.mw'.

\openout6 = `test.mw.mw'.

\openout6 = `test.mw.mw'.

\openout6 = `test.mw.mw'.

\openout6 = `test.mw.mw'.

\openout6 = `test.mw.mw'.

\openout6 = `test.mw.mw'.

\openout6 = `CurrentSolution.tex'.

(CurrentSolution.tex)
Output from handle CurrentSolution going to CurrentSolution.tex
\openout6 = `CurrentSolution.tex'.

\openout6 = `test.mw.mw'.

\openout6 = `test.mw.mw'.

\openout6 = `test.mw.mw'.

\openout6 = `test.mw.mw'.

\openout6 = `test.mw.mw'.

\openout6 = `test.mw.mw'.

\openout6 = `test.mw.mw'.

\openout6 = `test.mw.mw'.

\openout6 = `test.mw.mw'.

\openout6 = `test.mw.mw'.

\openout6 = `CurrentSolution.tex'.

\openout6 = `test.mw.mw'.

[110] (test.mw.mw)
\openout6 = `test.mw.mw'.

\openout6 = `test.mw.mw'.

\openout6 = `test.mw.mw'.

\openout6 = `test.mw.mw'.

\openout6 = `test.mw.mw'.

\openout6 = `test.mw.mw'.

\openout6 = `test.mw.mw'.

\openout6 = `test.mw.mw'.

\openout6 = `test.mw.mw'.

(CurrentSolution.tex))
\openout6 = `test.mw.mw'.

[111] (test.mw.mw)
\openout6 = `test.mw.mw'.

--- file testsu18.html ---
(test.4ct) (samples/analisis/logaritmicas.tex
\openout6 = `test.mw.mw'.

[112

] (test.mw.mw)
\openout6 = `test.mw.mw'.

\openout6 = `test.mw.mw'.

\openout6 = `test.mw.mw'.

\openout6 = `test.mw.mw'.

\openout6 = `test.mw.mw'.

\openout6 = `test.mw.mw'.

\openout6 = `test.mw.mw'.

\openout6 = `test.mw.mw'.

\openout6 = `test.mw.mw'.

\openout6 = `test.mw.mw'.

\openout6 = `test.mw.mw'.

\openout6 = `test.mw.mw'.

\openout6 = `test.mw.mw'.

\openout6 = `test.mw.mw'.

\openout6 = `test.mw.mw'.

\openout6 = `test.mw.mw'.

\openout6 = `test.mw.mw'.

\openout6 = `test.mw.mw'.

[113] (test.mw.mw)
\openout6 = `test.mw.mw'.

\openout6 = `test.mw.mw'.

\openout6 = `test.mw.mw'.

\openout6 = `test.mw.mw'.

\openout6 = `test.mw.mw'.

\openout6 = `test.mw.mw'.

[114] (test.mw.mw)
\openout6 = `test.mw.mw'.

\openout6 = `test.mw.mw'.

[115] (test.mw.mw)
\openout6 = `test.mw.mw'.

)
\openout6 = `test.mw.mw'.

[116] (test.mw.mw)
\openout6 = `test.mw.mw'.

--- file testsu19.html ---
(test.4ct) (samples/analisis/trigonometricas.tex
\openout6 = `test.mw.mw'.

[117

] (test.mw.mw)
\openout6 = `test.mw.mw'.

\openout6 = `test.mw.mw'.

\openout6 = `test.mw.mw'.

\openout6 = `test.mw.mw'.

\openout6 = `test.mw.mw'.

\openout6 = `test.mw.mw'.

\openout6 = `test.mw.mw'.

\openout6 = `test.mw.mw'.

\openout6 = `test.mw.mw'.

\openout6 = `test.mw.mw'.

\openout6 = `test.mw.mw'.

\openout6 = `test.mw.mw'.

\openout6 = `test.mw.mw'.

\openout6 = `test.mw.mw'.

\openout6 = `test.mw.mw'.

\openout6 = `test.mw.mw'.

\openout6 = `test.mw.mw'.

\openout6 = `test.mw.mw'.

\openout6 = `test.mw.mw'.

\openout6 = `test.mw.mw'.

\openout6 = `test.mw.mw'.

\openout6 = `test.mw.mw'.

[118] (test.mw.mw)
\openout6 = `test.mw.mw'.

))
\openout6 = `test.mw.mw'.

[119] (test.mw.mw)
\openout6 = `test.mw.mw'.

--- file testse4.html ---
(test.4ct) (samples/cuestionario.tex
Output from handle CurrentSolution going to CurrentSolution.tex
\openout6 = `CurrentSolution.tex'.

\openout6 = `test.mw.mw'.

\openout6 = `test.mw.mw'.

\openout6 = `test.mw.mw'.

\openout6 = `test.mw.mw'.

\openout6 = `test.mw.mw'.

\openout6 = `test.mw.mw'.

\openout6 = `test.mw.mw'.

\openout6 = `test.mw.mw'.

\openout6 = `test.mw.mw'.

\openout6 = `test.mw.mw'.

\openout6 = `test.mw.mw'.

\openout6 = `test.mw.mw'.

\openout6 = `test.mw.mw'.

\openout6 = `test.mw.mw'.

\openout6 = `test.mw.mw'.

\openout6 = `test.mw.mw'.

\openout6 = `test.mw.mw'.

\openout6 = `test.mw.mw'.

\openout6 = `test.mw.mw'.

\openout6 = `test.mw.mw'.

\openout6 = `CurrentSolution.tex'.

(CurrentSolution.tex)
\openout6 = `test.mw.mw'.

[120

] (test.mw.mw)
\openout6 = `test.mw.mw'.

\openout6 = `test.mw.mw'.

\openout6 = `test.mw.mw'.

\openout6 = `test.mw.mw'.

\openout6 = `test.mw.mw'.

\openout6 = `test.mw.mw'.

\openout6 = `test.mw.mw'.

\openout6 = `test.mw.mw'.

\openout6 = `test.mw.mw'.

\openout6 = `test.mw.mw'.

\openout6 = `test.mw.mw'.

\openout6 = `test.mw.mw'.

\openout6 = `test.mw.mw'.

\openout6 = `test.mw.mw'.

\openout6 = `test.mw.mw'.

\openout6 = `test.mw.mw'.

\openout6 = `test.mw.mw'.

\openout6 = `test.mw.mw'.

\openout6 = `test.mw.mw'.

Output from handle CurrentSolution going to CurrentSolution.tex
\openout6 = `CurrentSolution.tex'.

\openout6 = `test.mw.mw'.

\openout6 = `test.mw.mw'.

\openout6 = `test.mw.mw'.

\openout6 = `test.mw.mw'.

\openout6 = `test.mw.mw'.

\openout6 = `test.mw.mw'.

\openout6 = `test.mw.mw'.

\openout6 = `test.mw.mw'.

\openout6 = `test.mw.mw'.

\openout6 = `test.mw.mw'.

\openout6 = `test.mw.mw'.

\openout6 = `test.mw.mw'.

\openout6 = `test.mw.mw'.

\openout6 = `test.mw.mw'.

\openout6 = `test.mw.mw'.

\openout6 = `test.mw.mw'.

\openout6 = `test.mw.mw'.

\openout6 = `test.mw.mw'.

\openout6 = `test.mw.mw'.

\openout6 = `test.mw.mw'.

\openout6 = `CurrentSolution.tex'.

(CurrentSolution.tex)
\openout6 = `test.mw.mw'.

[121] (test.mw.mw)
\openout6 = `test.mw.mw'.

\openout6 = `test.mw.mw'.

\openout6 = `test.mw.mw'.

\openout6 = `test.mw.mw'.

\openout6 = `test.mw.mw'.

Output from handle CurrentSolution going to CurrentSolution.tex
\openout6 = `CurrentSolution.tex'.

\openout6 = `test.mw.mw'.

\openout6 = `test.mw.mw'.

\openout6 = `test.mw.mw'.

\openout6 = `test.mw.mw'.

\openout6 = `test.mw.mw'.

\openout6 = `test.mw.mw'.

\openout6 = `test.mw.mw'.

\openout6 = `test.mw.mw'.

\openout6 = `test.mw.mw'.

\openout6 = `test.mw.mw'.

\openout6 = `test.mw.mw'.

\openout6 = `test.mw.mw'.

\openout6 = `test.mw.mw'.

\openout6 = `test.mw.mw'.

\openout6 = `test.mw.mw'.

\openout6 = `test.mw.mw'.

\openout6 = `test.mw.mw'.

\openout6 = `test.mw.mw'.

\openout6 = `CurrentSolution.tex'.

(CurrentSolution.tex)
Output from handle CurrentSolution going to CurrentSolution.tex
\openout6 = `CurrentSolution.tex'.

\openout6 = `test.mw.mw'.

\openout6 = `test.mw.mw'.

\openout6 = `test.mw.mw'.

\openout6 = `test.mw.mw'.

\openout6 = `test.mw.mw'.

\openout6 = `test.mw.mw'.

\openout6 = `test.mw.mw'.

\openout6 = `test.mw.mw'.

\openout6 = `test.mw.mw'.

\openout6 = `test.mw.mw'.

\openout6 = `test.mw.mw'.

\openout6 = `test.mw.mw'.

\openout6 = `test.mw.mw'.

\openout6 = `test.mw.mw'.

\openout6 = `test.mw.mw'.

\openout6 = `test.mw.mw'.

\openout6 = `test.mw.mw'.

\openout6 = `test.mw.mw'.

\openout6 = `CurrentSolution.tex'.

(CurrentSolution.tex
\openout6 = `test.mw.mw'.

[122] (test.mw.mw)
\openout6 = `test.mw.mw'.

\openout6 = `test.mw.mw'.

\openout6 = `test.mw.mw'.

)
Output from handle CurrentSolution going to CurrentSolution.tex
\openout6 = `CurrentSolution.tex'.

\openout6 = `test.mw.mw'.

\openout6 = `test.mw.mw'.

\openout6 = `test.mw.mw'.

\openout6 = `test.mw.mw'.

\openout6 = `test.mw.mw'.

\openout6 = `test.mw.mw'.

\openout6 = `test.mw.mw'.

\openout6 = `test.mw.mw'.

\openout6 = `test.mw.mw'.

\openout6 = `test.mw.mw'.

\openout6 = `test.mw.mw'.

\openout6 = `test.mw.mw'.

\openout6 = `test.mw.mw'.

\openout6 = `test.mw.mw'.

\openout6 = `test.mw.mw'.

\openout6 = `test.mw.mw'.

\openout6 = `CurrentSolution.tex'.

(CurrentSolution.tex)
Output from handle CurrentSolution going to CurrentSolution.tex
\openout6 = `CurrentSolution.tex'.

\openout6 = `test.mw.mw'.

\openout6 = `test.mw.mw'.

\openout6 = `test.mw.mw'.

\openout6 = `test.mw.mw'.

\openout6 = `test.mw.mw'.

\openout6 = `test.mw.mw'.

\openout6 = `test.mw.mw'.

\openout6 = `test.mw.mw'.

\openout6 = `test.mw.mw'.

\openout6 = `test.mw.mw'.

\openout6 = `CurrentSolution.tex'.

\openout6 = `test.mw.mw'.

[123] (test.mw.mw)
\openout6 = `test.mw.mw'.

\openout6 = `test.mw.mw'.

\openout6 = `test.mw.mw'.

\openout6 = `test.mw.mw'.

\openout6 = `test.mw.mw'.

(CurrentSolution.tex)
Output from handle CurrentSolution going to CurrentSolution.tex
\openout6 = `CurrentSolution.tex'.

\openout6 = `test.mw.mw'.

\openout6 = `test.mw.mw'.

\openout6 = `test.mw.mw'.

\openout6 = `test.mw.mw'.

\openout6 = `test.mw.mw'.

\openout6 = `test.mw.mw'.

\openout6 = `test.mw.mw'.

\openout6 = `test.mw.mw'.

\openout6 = `test.mw.mw'.

\openout6 = `test.mw.mw'.

\openout6 = `test.mw.mw'.

\openout6 = `test.mw.mw'.

\openout6 = `CurrentSolution.tex'.

(CurrentSolution.tex))
\openout6 = `test.mw.mw'.

[124] (test.mw.mw)
\openout6 = `test.mw.mw'.

\openout6 = `test.mw.mw'.

\openout6 = `test.mw.mw'.

\openout6 = `test.mw.mw'.

[125

] (test.mw.mw)
\openout6 = `test.mw.mw'.

\openout6 = `test.mw.mw'.

\openout6 = `test.mw.mw'.

\openout6 = `test.mw.mw'.

[126

] (test.mw.mw)
\openout6 = `test.mw.mw'.

(test.aux
LaTeX Info: Redefining \. on input line 20.
LaTeX Info: Redefining \% on input line 20.
)
\openout6 = `test.xref'.

\openout6 = `test.4tc'.

\openout6 = `solslater.tex'.

\openout6 = `prfslater.tex'.

 ) 
Here is how much of TeX's memory you used:
 32137 strings out of 481278
 633586 string characters out of 2916607
 1062491 words of memory out of 3000000
 45335 multiletter control sequences out of 15000+200000
 550474 words of font info for 75 fonts, out of 3000000 for 9000
 1141 hyphenation exceptions out of 8191
 76i,12n,97p,1359b,778s stack positions out of 5000i,500n,10000p,200000b,50000s

Output written on test.dvi (383 pages, 635192 bytes).
